


ARM Macro Assembler    Page 1 


    1 00000000         ; hw1.s ECE353
    2 00000000         
    3 00000000         
    4 00000000                 export           hw1_search_memory
    5 00000000                 import           WS2812B_write
    6 00000000         
    7 00000000         ;**********************************************
    8 00000000         ; SRAM
    9 00000000         ;**********************************************
   10 00000000                 AREA             SRAM, READWRITE
   11 00000000 00 00 00 
              00 00 00 
              00 00 00 
              00 00 00 
              00 00 00 
              00 00 00 
              00 00 00 
              00 00 00 LED_ARRAY
                               SPACE            24
   12 00000018                 align
   13 00000018         
   14 00000018         ;**********************************************
   15 00000018         ; Constant Variables (FLASH) Segment
   16 00000018         ;**********************************************
   17 00000018                 AREA             FLASH, CODE, READONLY
   18 00000000         
   19 00000000         ;Updates the LEDs according to LED array
   20 00000000         hw1_update_leds
                               PROC
   21 00000000 49AD            LDR              R1, =(LED_ARRAY)
   22 00000002 F04F 0208       MOV              R2, #8
   23 00000006 B500            PUSH             {LR}
   24 00000008 F7FF FFFE       BL               WS2812B_write
   25 0000000C F85D EB04       POP              {LR}
   26 00000010 4770            BX               LR
   27 00000012                 ENDP
   28 00000012 00 00           align
   29 00000014         
   30 00000014         ;Search through memory byte by byte and responde to comm
                       ands that
   31 00000014         ;are given for the board.
   32 00000014         hw1_search_memory
                               PROC
   33 00000014 B500            PUSH             {LR}
   34 00000016 B41F            PUSH             {R0-R4}
   35 00000018 F04F 0100       MOV              R1, #0
   36 0000001C F04F 0200       MOV              R2, #0
   37 00000020 F04F 0300       MOV              R3, #0
   38 00000024 F04F 0400       MOV              R4, #0
   39 00000028         
   40 00000028 4602            MOV              R2, R0
   41 0000002A F812 1B01       LDRB             R1, [R2], #1
   42 0000002E         
   43 0000002E         SEARCH_LOOP_BEGIN
   44 0000002E         ;Use the first byte to determine what command it would b
                       e
   45 0000002E 2953            CMP              R1, #83     ;'S' GOTO STRT
   46 00000030 BF08 F000 
              F8CD             BLEQ             SEARCH_STRT



ARM Macro Assembler    Page 2 


   47 00000036 2942            CMP              R1, #66     ; 'B' GOTO BREK
   48 00000038 BF08 F000 
              F8B9             BLEQ             SEARCH_BREK
   49 0000003E 2948            CMP              R1, #72     ; 'H' GOTO HOLD
   50 00000040 BF08 F000 
              F86C             BLEQ             SEARCH_HOLD
   51 00000046 294C            CMP              R1, #76     ; 'L' GOTO LEDx
   52 00000048 D002            BEQ              SEARCH_LED
   53 0000004A         
   54 0000004A F812 1B01       LDRB             R1, [R2], #1
   55 0000004E E7EE            B                SEARCH_LOOP_BEGIN ; default, th
                                                            e current command i
                                                            s invalid, so 
   56 00000050         ; we load the next ascii character in
   57 00000050         SEARCH_LED
   58 00000050 F812 1B01       LDRB             R1, [R2], #1
   59 00000054 2945            CMP              R1, #69     ; 'E'
   60 00000056 BF18 F7FF 
              FFE9             BLNE             SEARCH_LOOP_BEGIN
   61 0000005C         
   62 0000005C F812 1B01       LDRB             R1, [R2], #1
   63 00000060 2944            CMP              R1, #68     ; 'D'
   64 00000062 BF18 F7FF 
              FFE3             BLNE             SEARCH_LOOP_BEGIN
   65 00000068         
   66 00000068         ;Make sure the 4th character is 0-7
   67 00000068 F812 1B01       LDRB             R1, [R2], #1
   68 0000006C 2930            CMP              R1, #48     ; '0'
   69 0000006E BFB8 F7FF 
              FFDD             BLLT             SEARCH_LOOP_BEGIN
   70 00000074 2937            CMP              R1, #55     ; '7'
   71 00000076 BFC8 F7FF 
              FFD9             BLGT             SEARCH_LOOP_BEGIN
   72 0000007C F1A1 0330       SUB              R3, R1, #48 ; R3 now holds the 
                                                            next character for 
                                                            LEDX Call
   73 00000080         
   74 00000080         ;Valid Green
   75 00000080 F812 1B01       LDRB             R1, [R2], #1
   76 00000084 4608            MOV              R0, R1
   77 00000086 F7FF FFFE       BL               hw1_ascii_to_hex
   78 0000008A F1B0 3FFF       CMP              R0, #0xFFFFFFFF
   79 0000008E BF08 F7FF 
              FFCD             BLEQ             SEARCH_LOOP_BEGIN
   80 00000094 EA4F 5400       MOV              R4, R0, LSL #20
   81 00000098         
   82 00000098 F812 1B01       LDRB             R1, [R2], #1
   83 0000009C 4608            MOV              R0, R1
   84 0000009E F7FF FFFE       BL               hw1_ascii_to_hex
   85 000000A2 F1B0 3FFF       CMP              R0, #0xFFFFFFFF
   86 000000A6 BF08 F7FF 
              FFC1             BLEQ             SEARCH_LOOP_BEGIN
   87 000000AC EB04 4400       ADD              R4, R0, LSL #16
   88 000000B0         
   89 000000B0         ;Valid Red
   90 000000B0 F812 1B01       LDRB             R1, [R2], #1
   91 000000B4 4608            MOV              R0, R1
   92 000000B6 F7FF FFFE       BL               hw1_ascii_to_hex
   93 000000BA F1B0 3FFF       CMP              R0, #0xFFFFFFFF



ARM Macro Assembler    Page 3 


   94 000000BE BF08 F7FF 
              FFB5             BLEQ             SEARCH_LOOP_BEGIN
   95 000000C4 EB04 3400       ADD              R4, R0, LSL #12
   96 000000C8         
   97 000000C8 F812 1B01       LDRB             R1, [R2], #1
   98 000000CC 4608            MOV              R0, R1
   99 000000CE F7FF FFFE       BL               hw1_ascii_to_hex
  100 000000D2 F1B0 3FFF       CMP              R0, #0xFFFFFFFF
  101 000000D6 BF08 F7FF 
              FFA9             BLEQ             SEARCH_LOOP_BEGIN
  102 000000DC EB04 2400       ADD              R4, R0, LSL #8
  103 000000E0         
  104 000000E0         ;Valid Blue
  105 000000E0 F812 1B01       LDRB             R1, [R2], #1
  106 000000E4 4608            MOV              R0, R1
  107 000000E6 F7FF FFFE       BL               hw1_ascii_to_hex
  108 000000EA F1B0 3FFF       CMP              R0, #0xFFFFFFFF
  109 000000EE BF08 F7FF 
              FF9D             BLEQ             SEARCH_LOOP_BEGIN
  110 000000F4 EB04 1400       ADD              R4, R0, LSL #4
  111 000000F8         
  112 000000F8 F812 1B01       LDRB             R1, [R2], #1
  113 000000FC 4608            MOV              R0, R1
  114 000000FE F7FF FFFE       BL               hw1_ascii_to_hex
  115 00000102 F1B0 3FFF       CMP              R0, #0xFFFFFFFF
  116 00000106 BF08 F7FF 
              FF91             BLEQ             SEARCH_LOOP_BEGIN
  117 0000010C 4404            ADD              R4, R0
  118 0000010E         
  119 0000010E         ;Valid Command, Call LEDx
  120 0000010E 4618            MOV              R0, R3
  121 00000110 4621            MOV              R1, R4
  122 00000112 F7FF FFFE       BL               hw1_ledx
  123 00000116 F812 1B01       LDRB             R1, [R2], #1
  124 0000011A F7FF FF88       BL               SEARCH_LOOP_BEGIN
  125 0000011E         
  126 0000011E         SEARCH_HOLD
  127 0000011E F812 1B01       LDRB             R1, [R2], #1
  128 00000122 294F            CMP              R1, #79     ; 'O'
  129 00000124 D183            BNE              SEARCH_LOOP_BEGIN
  130 00000126         
  131 00000126 F812 1B01       LDRB             R1, [R2], #1
  132 0000012A 294C            CMP              R1, #76     ; 'L'
  133 0000012C F47F AF7F       BNE              SEARCH_LOOP_BEGIN
  134 00000130         
  135 00000130 F812 1B01       LDRB             R1, [R2], #1
  136 00000134 2944            CMP              R1, #68     ; 'D'
  137 00000136 F47F AF7A       BNE              SEARCH_LOOP_BEGIN
  138 0000013A         
  139 0000013A         ;1000 index
  140 0000013A F812 1B01       LDRB             R1, [R2], #1
  141 0000013E 4608            MOV              R0, R1
  142 00000140 F7FF FFFE       BL               hw1_ascii_to_dec
  143 00000144 F1B0 3FFF       CMP              R0, #0xFFFFFFFF
  144 00000148 F43F AF71       BEQ              SEARCH_LOOP_BEGIN
  145 0000014C F44F 747A       MOV              R4, #1000
  146 00000150 FB00 F304       MUL              R3, R0, R4
  147 00000154         
  148 00000154         ;100 index



ARM Macro Assembler    Page 4 


  149 00000154 F812 1B01       LDRB             R1, [R2], #1
  150 00000158 4608            MOV              R0, R1
  151 0000015A F7FF FFFE       BL               hw1_ascii_to_dec
  152 0000015E F1B0 3FFF       CMP              R0, #0xFFFFFFFF
  153 00000162 F43F AF64       BEQ              SEARCH_LOOP_BEGIN
  154 00000166 F04F 0464       MOV              R4, #100
  155 0000016A FB00 F004       MUL              R0, R0, R4
  156 0000016E 4403            ADD              R3, R3, R0
  157 00000170         
  158 00000170         ;10 index
  159 00000170 F812 1B01       LDRB             R1, [R2], #1
  160 00000174 4608            MOV              R0, R1
  161 00000176 F7FF FFFE       BL               hw1_ascii_to_dec
  162 0000017A F1B0 3FFF       CMP              R0, #0xFFFFFFFF
  163 0000017E F43F AF56       BEQ              SEARCH_LOOP_BEGIN
  164 00000182 F04F 040A       MOV              R4, #10
  165 00000186 FB00 F004       MUL              R0, R0, R4
  166 0000018A 4403            ADD              R3, R3, R0
  167 0000018C         
  168 0000018C         ;1 index
  169 0000018C F812 1B01       LDRB             R1, [R2], #1
  170 00000190 4608            MOV              R0, R1
  171 00000192 F7FF FFFE       BL               hw1_ascii_to_dec
  172 00000196 F1B0 3FFF       CMP              R0, #0xFFFFFFFF
  173 0000019A F43F AF48       BEQ              SEARCH_LOOP_BEGIN
  174 0000019E 4403            ADD              R3, R3, R0
  175 000001A0         
  176 000001A0         ;Valid Hold Command, Call wait
  177 000001A0 4618            MOV              R0, R3
  178 000001A2 F242 7310       MOV              R3, #10000
  179 000001A6 FB00 F003       MUL              R0, R0, R3
  180 000001AA F7FF FFFE       BL               hw1_wait
  181 000001AE E73E            B                SEARCH_LOOP_BEGIN
  182 000001B0         
  183 000001B0         
  184 000001B0         SEARCH_BREK
  185 000001B0 F812 1B01       LDRB             R1, [R2], #1
  186 000001B4 2952            CMP              R1, #82     ; 'R'
  187 000001B6 F47F AF3A       BNE              SEARCH_LOOP_BEGIN
  188 000001BA         
  189 000001BA F812 1B01       LDRB             R1, [R2], #1
  190 000001BE 2945            CMP              R1, #69     ; 'E'
  191 000001C0 F47F AF35       BNE              SEARCH_LOOP_BEGIN
  192 000001C4         
  193 000001C4 F812 1B01       LDRB             R1, [R2], #1
  194 000001C8 294B            CMP              R1, #75     ; 'K'
  195 000001CA F47F AF30       BNE              SEARCH_LOOP_BEGIN
  196 000001CE         
  197 000001CE         ;Valid Command, begin infinite Loop
  198 000001CE         INF_LOOP
  199 000001CE E7FE            B                INF_LOOP
  200 000001D0         
  201 000001D0         SEARCH_STRT
  202 000001D0 F812 1B01       LDRB             R1, [R2], #1
  203 000001D4 2954            CMP              R1, #84     ; 'T'
  204 000001D6 F47F AF2A       BNE              SEARCH_LOOP_BEGIN
  205 000001DA         
  206 000001DA F812 1B01       LDRB             R1, [R2], #1
  207 000001DE 2952            CMP              R1, #82     ; 'R'



ARM Macro Assembler    Page 5 


  208 000001E0 F47F AF25       BNE              SEARCH_LOOP_BEGIN
  209 000001E4         
  210 000001E4 F812 1B01       LDRB             R1, [R2], #1
  211 000001E8 2954            CMP              R1, #84     ; 'T'
  212 000001EA F47F AF20       BNE              SEARCH_LOOP_BEGIN
  213 000001EE         
  214 000001EE         ;Valid STRT Command, initialize the board
  215 000001EE F7FF FFFE       BL               hw1_init
  216 000001F2 F812 1B01       LDRB             R1, [R2], #1
  217 000001F6 E71A            B                SEARCH_LOOP_BEGIN
  218 000001F8         
  219 000001F8 BC1F            POP              {R0-R4}
  220 000001FA 4770            BX               LR
  221 000001FC                 ENDP
  222 000001FC         
  223 000001FC                 align
  224 000001FC         
  225 000001FC         
  226 000001FC         ;Params:
  227 000001FC         ; R0; Character to convert
  228 000001FC         ;Returns:
  229 000001FC         ; R0 Decimal of value if valid, otherwise0xFFFFFFFF
  230 000001FC         hw1_ascii_to_hex
                               PROC
  231 000001FC         
  232 000001FC 2830            CMP              R0, #48     ; If below 48, it w
                                                            ill always be an er
                                                            ror
  233 000001FE DB12            BLT              HEX_ERROR_RET
  234 00000200 283A            CMP              R0, #58     ; Must be numeral i
                                                            f 48 <= R0 < 58
  235 00000202 DB0D            BLT              HEX_NUMERAL_RET
  236 00000204 2841            CMP              R0, #65     ; Must be error if 
                                                            58 <= R0 < 65
  237 00000206 DB0E            BLT              HEX_ERROR_RET
  238 00000208 2847            CMP              R0, #71     ; Must be Uppercase
                                                             letter if 65 <= R0
                                                             < 71
  239 0000020A DB06            BLT              HEX_UPPER_RET
  240 0000020C 2861            CMP              R0, #97     ; Must be error if 
                                                            71 <= R0 < 97
  241 0000020E DB0A            BLT              HEX_ERROR_RET
  242 00000210 2866            CMP              R0, #102    ; Must be error if 
                                                            R0 > 102
  243 00000212 DC08            BGT              HEX_ERROR_RET
  244 00000214         
  245 00000214 F1A0 0057       SUB              R0, R0, #87 ; Must be Lowercase
                                                             letter
  246 00000218 4770            BX               LR
  247 0000021A         
  248 0000021A         HEX_UPPER_RET
  249 0000021A F1A0 0037       SUB              R0, R0, #55
  250 0000021E 4770            BX               LR
  251 00000220         
  252 00000220         HEX_NUMERAL_RET
  253 00000220 F1A0 0030       SUB              R0, R0, #48
  254 00000224 4770            BX               LR
  255 00000226         
  256 00000226         HEX_ERROR_RET



ARM Macro Assembler    Page 6 


  257 00000226 F04F 30FF       MOV              R0, #0xFFFFFFFF
  258 0000022A 4770            BX               LR
  259 0000022C         
  260 0000022C                 ENDP
  261 0000022C                 align
  262 0000022C         
  263 0000022C         ;Takes in an ascii value and converts it to hex
  264 0000022C         ;Params:
  265 0000022C         ; R0; Character to convert
  266 0000022C         ;Returns:
  267 0000022C         ; R0 Decimal of value if valid, otherwise0xFFFFFFFF
  268 0000022C         hw1_ascii_to_dec
                               PROC
  269 0000022C         
  270 0000022C 2830            CMP              R0, #48     ; If below 48, it w
                                                            ill always be an er
                                                            ror
  271 0000022E DB04            BLT              DEC_ERROR_RET
  272 00000230 283A            CMP              R0, #58     ; Must be ERROR if 
                                                            R0 > 57
  273 00000232 DC02            BGT              DEC_ERROR_RET
  274 00000234         
  275 00000234 F1A0 0030       SUB              R0, R0, #48
  276 00000238 4770            BX               LR
  277 0000023A         
  278 0000023A         DEC_ERROR_RET
  279 0000023A F04F 30FF       MOV              R0, #0xFFFFFFFF
  280 0000023E 4770            BX               LR
  281 00000240         
  282 00000240                 ENDP
  283 00000240                 align
  284 00000240         
  285 00000240         ;Initializes the LEDs by turning them all off -> sets al
                       l values
  286 00000240         ; in LED array to 0 and updates the board
  287 00000240         hw1_init
                               PROC
  288 00000240 B407            PUSH             {R0-R2}
  289 00000242 481D            LDR              R0, =(LED_ARRAY)
  290 00000244 F04F 0100       MOV              R1, #0      ; counter for Loop
  291 00000248 F04F 0200       MOV              R2, #0      ; Value to store in
                                                             LED_ARRAY indexes
  292 0000024C         
  293 0000024C         INIT_LOOP_BEGIN                      ;Loop: set all valu
                                                            es in LED_ARRAY to 
                                                            0
  294 0000024C 2918            CMP              R1, #24
  295 0000024E DA03            BGE              INIT_LOOP_END
  296 00000250 5442            STRB             R2, [R0, R1]
  297 00000252 F101 0101       ADD              R1, R1, #1
  298 00000256 E7F9            B                INIT_LOOP_BEGIN
  299 00000258         
  300 00000258         INIT_LOOP_END
  301 00000258 B500            PUSH             {LR}
  302 0000025A F7FF FFFE       BL               hw1_update_leds 
                                                            ;Update the LEDs
  303 0000025E F85D EB04       POP              {LR}
  304 00000262 BC07            POP              {R0-R2}
  305 00000264 4770            BX               LR



ARM Macro Assembler    Page 7 


  306 00000266         
  307 00000266                 ENDP
  308 00000266 00 00           align
  309 00000268         
  310 00000268         ;Executes an infinite loop for a specified amount of tim
                       e.
  311 00000268         ;Params:
  312 00000268         ; R0, 32 bit unsigned number represending number of iter
                       ations for loop
  313 00000268         hw1_wait
                               PROC
  314 00000268 B401            PUSH{R0}
  315 0000026A         
  316 0000026A         ;Beginning of the loop
  317 0000026A         WAIT_BEGIN
  318 0000026A 2800            CMP              R0, #0
  319 0000026C D002            BEQ              WAIT_END
  320 0000026E F1A0 0001       SUB              R0, R0, #1
  321 00000272 E7FA            B                WAIT_BEGIN
  322 00000274         
  323 00000274         WAIT_END
  324 00000274 BC01            POP{R0}
  325 00000276 4770            BX               LR
  326 00000278                 ENDP
  327 00000278                 align
  328 00000278         
  329 00000278         ;Updates the specified LED to the specified intensity
  330 00000278         ;Params
  331 00000278         ; R0: LED index to update
  332 00000278         ; R1:
  333 00000278         ;  Byte3: Nothing
  334 00000278         ;  Byte2: Green Intensity
  335 00000278         ;  Byte1: Red Intensity
  336 00000278         ;  Byte0: Blue Intensity
  337 00000278         hw1_ledx
                               PROC
  338 00000278 B500            PUSH             {LR}
  339 0000027A B40D            PUSH             {R0, R2-R3}
  340 0000027C 4A0E            LDR              R2, =(LED_ARRAY)
  341 0000027E         
  342 0000027E         ;Do math wumbo jumbo to get the right LED index
  343 0000027E F04F 0307       MOV              R3, #7
  344 00000282 EBA3 0000       SUB              R0, R3, R0
  345 00000286 F04F 0303       MOV              R3, #3
  346 0000028A FB00 F303       MUL              R3, R0, R3
  347 0000028E 4413            ADD              R3, R2, R3  ; R3 now has the LE
                                                            D index's address
  348 00000290         
  349 00000290         ;GREEN CHANGE
  350 00000290 F401 027F       AND              R2, R1, #0xFF0000
  351 00000294 EA4F 4212       MOV              R2, R2, LSR #16 ;Shift the valu
                                                            e to 0x00 - 0xFF
  352 00000298 701A            STRB             R2, [R3]
  353 0000029A         
  354 0000029A         ;RED CHANGE
  355 0000029A F401 427F       AND              R2, R1, #0xFF00
  356 0000029E EA4F 2212       MOV              R2, R2, LSR #8 ;Shift the value
                                                             to 0x00 - 0xFF
  357 000002A2 705A            STRB             R2, [R3, #1]



ARM Macro Assembler    Page 8 


  358 000002A4         
  359 000002A4         ;BLUE CHANGE
  360 000002A4 F001 02FF       AND              R2, R1, #0xFF ;Don't need to sh
                                                            ift, already there
  361 000002A8 709A            STRB             R2, [R3, #2]
  362 000002AA         
  363 000002AA         ;UPDATE LED
  364 000002AA F7FF FFFE       BL               hw1_update_leds
  365 000002AE         
  366 000002AE BC0D            POP              {R0, R2-R3}
  367 000002B0 F85D EB04       POP              {LR}
  368 000002B4 4770            BX               LR
  369 000002B6                 ENDP
  370 000002B6 00 00           align
  371 000002B8         
  372 000002B8                 END
              00000000 
Command Line: --debug --xref --diag_suppress=9931 --cpu=Cortex-M4.fp --apcs=int
erwork --depend=.\obj\hw1.d -o.\obj\hw1.o -I.\RTE\_HW1 -IC:\Keil_v5\ARM\PACK\AR
M\CMSIS\5.0.1\CMSIS\Include -IC:\Keil_v5\ARM\PACK\Keil\TM4C_DFP\1.1.0\Device\In
clude\TM4C123 --predefine="__MICROLIB SETA 1" --predefine="__UVISION_VERSION SE
TA 524" --predefine="_RTE_ SETA 1" --predefine="TM4C123GH6PM SETA 1" --list=.\l
st\hw1.lst hw1.s



ARM Macro Assembler    Page 1 Alphabetic symbol ordering
Relocatable symbols

LED_ARRAY 00000000

Symbol: LED_ARRAY
   Definitions
      At line 11 in file hw1.s
   Uses
      At line 21 in file hw1.s
      At line 289 in file hw1.s
      At line 340 in file hw1.s

SRAM 00000000

Symbol: SRAM
   Definitions
      At line 10 in file hw1.s
   Uses
      None
Comment: SRAM unused
2 symbols



ARM Macro Assembler    Page 1 Alphabetic symbol ordering
Relocatable symbols

DEC_ERROR_RET 0000023A

Symbol: DEC_ERROR_RET
   Definitions
      At line 278 in file hw1.s
   Uses
      At line 271 in file hw1.s
      At line 273 in file hw1.s

FLASH 00000000

Symbol: FLASH
   Definitions
      At line 17 in file hw1.s
   Uses
      None
Comment: FLASH unused
HEX_ERROR_RET 00000226

Symbol: HEX_ERROR_RET
   Definitions
      At line 256 in file hw1.s
   Uses
      At line 233 in file hw1.s
      At line 237 in file hw1.s
      At line 241 in file hw1.s
      At line 243 in file hw1.s

HEX_NUMERAL_RET 00000220

Symbol: HEX_NUMERAL_RET
   Definitions
      At line 252 in file hw1.s
   Uses
      At line 235 in file hw1.s
Comment: HEX_NUMERAL_RET used once
HEX_UPPER_RET 0000021A

Symbol: HEX_UPPER_RET
   Definitions
      At line 248 in file hw1.s
   Uses
      At line 239 in file hw1.s
Comment: HEX_UPPER_RET used once
INF_LOOP 000001CE

Symbol: INF_LOOP
   Definitions
      At line 198 in file hw1.s
   Uses
      At line 199 in file hw1.s
Comment: INF_LOOP used once
INIT_LOOP_BEGIN 0000024C

Symbol: INIT_LOOP_BEGIN
   Definitions
      At line 293 in file hw1.s
   Uses
      At line 298 in file hw1.s



ARM Macro Assembler    Page 2 Alphabetic symbol ordering
Relocatable symbols

Comment: INIT_LOOP_BEGIN used once
INIT_LOOP_END 00000258

Symbol: INIT_LOOP_END
   Definitions
      At line 300 in file hw1.s
   Uses
      At line 295 in file hw1.s
Comment: INIT_LOOP_END used once
SEARCH_BREK 000001B0

Symbol: SEARCH_BREK
   Definitions
      At line 184 in file hw1.s
   Uses
      At line 48 in file hw1.s
Comment: SEARCH_BREK used once
SEARCH_HOLD 0000011E

Symbol: SEARCH_HOLD
   Definitions
      At line 126 in file hw1.s
   Uses
      At line 50 in file hw1.s
Comment: SEARCH_HOLD used once
SEARCH_LED 00000050

Symbol: SEARCH_LED
   Definitions
      At line 57 in file hw1.s
   Uses
      At line 52 in file hw1.s
Comment: SEARCH_LED used once
SEARCH_LOOP_BEGIN 0000002E

Symbol: SEARCH_LOOP_BEGIN
   Definitions
      At line 43 in file hw1.s
   Uses
      At line 55 in file hw1.s
      At line 60 in file hw1.s
      At line 64 in file hw1.s
      At line 69 in file hw1.s
      At line 71 in file hw1.s
      At line 79 in file hw1.s
      At line 86 in file hw1.s
      At line 94 in file hw1.s
      At line 101 in file hw1.s
      At line 109 in file hw1.s
      At line 116 in file hw1.s
      At line 124 in file hw1.s
      At line 129 in file hw1.s
      At line 133 in file hw1.s
      At line 137 in file hw1.s
      At line 144 in file hw1.s
      At line 153 in file hw1.s
      At line 163 in file hw1.s
      At line 173 in file hw1.s
      At line 181 in file hw1.s



ARM Macro Assembler    Page 3 Alphabetic symbol ordering
Relocatable symbols

      At line 187 in file hw1.s
      At line 191 in file hw1.s
      At line 195 in file hw1.s
      At line 204 in file hw1.s
      At line 208 in file hw1.s
      At line 212 in file hw1.s
      At line 217 in file hw1.s

SEARCH_STRT 000001D0

Symbol: SEARCH_STRT
   Definitions
      At line 201 in file hw1.s
   Uses
      At line 46 in file hw1.s
Comment: SEARCH_STRT used once
WAIT_BEGIN 0000026A

Symbol: WAIT_BEGIN
   Definitions
      At line 317 in file hw1.s
   Uses
      At line 321 in file hw1.s
Comment: WAIT_BEGIN used once
WAIT_END 00000274

Symbol: WAIT_END
   Definitions
      At line 323 in file hw1.s
   Uses
      At line 319 in file hw1.s
Comment: WAIT_END used once
hw1_ascii_to_dec 0000022C

Symbol: hw1_ascii_to_dec
   Definitions
      At line 268 in file hw1.s
   Uses
      At line 142 in file hw1.s
      At line 151 in file hw1.s
      At line 161 in file hw1.s
      At line 171 in file hw1.s

hw1_ascii_to_hex 000001FC

Symbol: hw1_ascii_to_hex
   Definitions
      At line 230 in file hw1.s
   Uses
      At line 77 in file hw1.s
      At line 84 in file hw1.s
      At line 92 in file hw1.s
      At line 99 in file hw1.s
      At line 107 in file hw1.s
      At line 114 in file hw1.s

hw1_init 00000240

Symbol: hw1_init



ARM Macro Assembler    Page 4 Alphabetic symbol ordering
Relocatable symbols

   Definitions
      At line 287 in file hw1.s
   Uses
      At line 215 in file hw1.s
Comment: hw1_init used once
hw1_ledx 00000278

Symbol: hw1_ledx
   Definitions
      At line 337 in file hw1.s
   Uses
      At line 122 in file hw1.s
Comment: hw1_ledx used once
hw1_search_memory 00000014

Symbol: hw1_search_memory
   Definitions
      At line 32 in file hw1.s
   Uses
      At line 4 in file hw1.s
Comment: hw1_search_memory used once
hw1_update_leds 00000000

Symbol: hw1_update_leds
   Definitions
      At line 20 in file hw1.s
   Uses
      At line 302 in file hw1.s
      At line 364 in file hw1.s

hw1_wait 00000268

Symbol: hw1_wait
   Definitions
      At line 313 in file hw1.s
   Uses
      At line 180 in file hw1.s
Comment: hw1_wait used once
22 symbols



ARM Macro Assembler    Page 1 Alphabetic symbol ordering
External symbols

WS2812B_write 00000000

Symbol: WS2812B_write
   Definitions
      At line 5 in file hw1.s
   Uses
      At line 24 in file hw1.s
Comment: WS2812B_write used once
1 symbol
362 symbols in table
