<html>
<body>
<pre>
<h1>µVision Build Log</h1>
<h2>Tool Versions:</h2>
IDE-Version: µVision V5.29.0.0
Copyright (C) 2019 ARM Ltd and ARM Germany GmbH. All rights reserved.
License Information: Trenton trent, UW Madison, LIC=----
 
Tool Versions:
Toolchain:       MDK-Lite  Version: 5.29.0.0
Toolchain Path:  C:\Keil_v5\ARM\ARMCC\Bin
C Compiler:      Armcc.exe V5.06 update 6 (build 750)
Assembler:       Armasm.exe V5.06 update 6 (build 750)
Linker/Locator:  ArmLink.exe V5.06 update 6 (build 750)
Library Manager: ArmAr.exe V5.06 update 6 (build 750)
Hex Converter:   FromElf.exe V5.06 update 6 (build 750)
CPU DLL:         SARMCM3.DLL V5.29.0.0
Dialog DLL:      DCM.DLL V1.17.3.0
Target DLL:      lmidk-agdi.dll V???
Dialog DLL:      TCM.DLL V1.36.5.0
 
<h2>Project:</h2>
C:\Users\trent\Documents\classes\353\ICE_Distribution\Project\Project.uvprojx
Project File Date:  05/03/2020

<h2>Output:</h2>
*** Using Compiler 'V5.06 update 6 (build 750)', folder: 'C:\Keil_v5\ARM\ARMCC\Bin'
Build target 'Project-F19'
compiling project_hardware_init.c...
..\drivers\include\timers.h(39): warning:  #1-D: last line of file ends without a newline
  #endif
images.h(47): warning:  #1-D: last line of file ends without a newline
  #endif
project_hardware_init.c(60): warning:  #1-D: last line of file ends without a newline
  }
project_hardware_init.c(30): warning:  #177-D: variable "i"  was declared but never referenced
  	int i;
project_hardware_init.c(31): warning:  #177-D: variable "data"  was declared but never referenced
  	uint8_t data;
project_hardware_init.c: 5 warnings, 0 errors
compiling project_interrupts.c...
..\drivers\include\timers.h(39): warning:  #1-D: last line of file ends without a newline
  #endif
images.h(47): warning:  #1-D: last line of file ends without a newline
  #endif
project_interrupts.c(26): warning:  #47-D: incompatible redefinition of macro "PS2_ADC_HIGH_THRESHOLD"  (declared at line 69 of "..\peripherals\include\ps2.h")
  #define PS2_ADC_HIGH_THRESHOLD	    0xC00;
project_interrupts.c(111): warning:  #1-D: last line of file ends without a newline
  }
project_interrupts.c: 4 warnings, 0 errors
compiling main.c...
..\drivers\include\timers.h(39): warning:  #1-D: last line of file ends without a newline
  #endif
images.h(47): warning:  #1-D: last line of file ends without a newline
  #endif
main.c(132): warning:  #940-D: missing return statement at end of non-void function "getNumberMap" 
  }
main.c(154): warning:  #177-D: variable "lcd_char"  was declared but never referenced
  	char lcd_char;
main.c: 4 warnings, 0 errors
linking...
Program Size: Code=10644 RO-data=3132 RW-data=56 ZI-data=4128  
".\obj\ece353_base_project.axf" - 0 Error(s), 13 Warning(s).

<h2>Software Packages used:</h2>

Package Vendor: ARM
                http://www.keil.com/pack/ARM.CMSIS.5.6.0.pack
                ARM.CMSIS.5.6.0
                CMSIS (Cortex Microcontroller Software Interface Standard)
   * Component: CORE Version: 5.3.0

Package Vendor: Keil
                http://www.keil.com/pack/Keil.TM4C_DFP.1.1.0.pack
                Keil.TM4C_DFP.1.1.0
                Texas Instruments Tiva C Series Device Support and Examples
   * Component: Startup Version: 1.0.1

<h2>Collection of Component include folders:</h2>
  .\RTE\_Project-F19
  C:\Users\trent\AppData\Local\Arm\Packs\ARM\CMSIS\5.6.0\CMSIS\Core\Include
  C:\Users\trent\AppData\Local\Arm\Packs\Keil\TM4C_DFP\1.1.0\Device\Include\TM4C123

<h2>Collection of Component Files used:</h2>

   * Component: ARM::CMSIS:CORE:5.3.0

   * Component: Keil::Device:Startup:1.0.1
      Source file:   Device\Source\system_TM4C123.c
      Include file:  Device\Include\TM4C123\TM4C123.h
      Source file:   Device\Source\ARM\startup_TM4C123.s
Build Time Elapsed:  00:00:00
</pre>
</body>
</html>
