Component: ARM Compiler 5.06 update 6 (build 750) Tool: armlink [4d35ed]

==============================================================================

Section Cross References

    main.o(.text) refers to serial_debug.o(.text) for init_serial_debug
    main.o(.text) refers to eeprom.o(.text) for eeprom_init
    main.o(.text) refers to printf6.o(i.__0printf$6) for __2printf
    main.o(.text) refers to board_setup.o(.text) for validate_ice
    pc_buffer.o(.text) refers to malloc.o(i.malloc) for malloc
    serial_debug.o(.text) refers to gpio_port.o(.text) for gpio_enable_port
    serial_debug.o(.text) refers to pc_buffer.o(.text) for pc_buffer_init
    serial_debug.o(.text) refers to uart.o(.text) for uart_init
    serial_debug.o(.text) refers to main.o(.text) for DisableInterrupts
    serial_debug.o(.text) refers to serial_debug.o(.data) for Rx_Interrupts_Enabled
    serial_debug.o(.text) refers to serial_debug.o(.bss) for UART0_Tx_Buffer
    serial_debug.o(.text) refers to stdout.o(.data) for __stdout
    eeprom.o(.text) refers to i2c.o(.text) for i2cVerifyBaseAddr
    eeprom.o(.text) refers to gpio_port.o(.text) for gpio_enable_port
    startup_tm4c123.o(RESET) refers to startup_tm4c123.o(STACK) for __initial_sp
    startup_tm4c123.o(RESET) refers to startup_tm4c123.o(.text) for Reset_Handler
    startup_tm4c123.o(RESET) refers to serial_debug.o(.text) for UART0_Handler
    startup_tm4c123.o(.text) refers to system_tm4c123.o(.text) for SystemInit
    startup_tm4c123.o(.text) refers to entry.o(.ARM.Collect$$$$00000000) for __main
    system_tm4c123.o(.text) refers to system_tm4c123.o(.data) for SystemCoreClock
    board_setup.o(.text) refers to ice_intro_to_c.o(.text) for ice_validate_intro_to_c
    board_setup.o(.text) refers to ice_pc_buffer.o(.text) for ice_validate_pc_buffer
    board_setup.o(.text) refers to ice_gpiof.o(.text) for ice_validate_gpiof
    board_setup.o(.text) refers to validate_led.o(.text) for validate_LED_set_failure
    board_setup.o(.text) refers to ice_gpio_port.o(.text) for ice_validate_gpio_port
    board_setup.o(.text) refers to ice_adc.o(.text) for ice_validate_adc
    board_setup.o(.text) refers to ice_gpt.o(.text) for ice_validate_gpt
    board_setup.o(.text) refers to ice_systick.o(.text) for ice_validate_systick
    board_setup.o(.text) refers to ice_uart_polling.o(.text) for ice_validate_uart_polling
    board_setup.o(.text) refers to ice_uart_rx_irq.o(.text) for ice_validate_uart_rx
    board_setup.o(.text) refers to ice_uart_tx_irq.o(.text) for ice_validate_uart_tx
    board_setup.o(.text) refers to ice_lcd.o(.text) for ice_validate_lcd
    board_setup.o(.text) refers to ice_spi_nordic.o(.text) for ice_validate_spi_nordic
    board_setup.o(.text) refers to ice_i2c_ft6206.o(.text) for ice_validate_ft6206
    board_setup.o(.text) refers to ice_i2c_eeprom.o(.text) for ice_validate_i2c_eeprom
    ice_adc.o(.text) refers to printf6.o(i.__0sprintf$6) for __2sprintf
    ice_adc.o(.text) refers to validate_uart.o(.text) for validate_print_ice_validation_info_start
    ice_adc.o(.text) refers to validate_gpio.o(.text) for validate_gpio_pin
    ice_adc.o(.text) refers to validate_adc.o(.text) for validate_adc
    ice_adc.o(.text) refers to ice_adc.o(.data) for ps2_x
    ice_gpio_port.o(.text) refers to printf6.o(i.__0sprintf$6) for __2sprintf
    ice_gpio_port.o(.text) refers to validate_uart.o(.text) for validate_print_ice_validation_info_start
    ice_gpio_port.o(.text) refers to validate_gpio.o(.text) for validate_gpio_pin
    ice_gpio_port.o(.text) refers to ice_gpio_port.o(.data) for lcd_data
    ice_gpiof.o(.text) refers to validate_uart.o(.text) for initialize_serial_debug
    ice_gpiof.o(.text) refers to validate_gpio.o(.text) for validate_gpio_pin
    ice_gpiof.o(.text) refers to ice_gpiof.o(.data) for red
    ice_gpt.o(.text) refers to printf6.o(i.__0sprintf$6) for __2sprintf
    ice_gpt.o(.text) refers to validate_uart.o(.text) for validate_print_ice_validation_info_start
    ice_gpt.o(.text) refers to validate_gp_timer.o(.text) for validate_gp_timer
    ice_systick.o(.text) refers to printf6.o(i.__0sprintf$6) for __2sprintf
    ice_systick.o(.text) refers to validate_uart.o(.text) for validate_print_ice_validation_info_start
    ice_systick.o(.text) refers to validate_gpio.o(.text) for validate_gpio_pin
    ice_systick.o(.text) refers to validate_adc.o(.text) for validate_adc
    ice_systick.o(.text) refers to ice_systick.o(.data) for green
    ice_uart_rx_irq.o(.text) refers to validate_gpio.o(.text) for validate_gpio_pin
    ice_uart_rx_irq.o(.text) refers to validate_uart.o(.text) for validate_uart
    ice_uart_rx_irq.o(.text) refers to ice_uart_rx_irq.o(.data) for Tx
    ice_lcd.o(.text) refers to validate_gpio.o(.text) for validate_gpio_pin
    ice_lcd.o(.text) refers to validate_spi.o(.text) for validate_spi
    ice_lcd.o(.text) refers to validate_uart.o(.text) for validate_print_ice_validation_info_start
[...]
    printf2.o(i.__0vsprintf$2) refers to printf2.o(i._sputc) for _sputc
    printf3.o(i.__0fprintf$3) refers to printf3.o(i._printf_core) for _printf_core
    printf3.o(i.__0fprintf$3) refers to serial_debug.o(.text) for fputc
    printf3.o(i.__0printf$3) refers to printf3.o(i._printf_core) for _printf_core
    printf3.o(i.__0printf$3) refers to serial_debug.o(.text) for fputc
    printf3.o(i.__0printf$3) refers to stdout.o(.data) for __stdout
    printf3.o(i.__0snprintf$3) refers to printf3.o(i._printf_core) for _printf_core
    printf3.o(i.__0snprintf$3) refers to printf3.o(i._snputc) for _snputc
    printf3.o(i.__0sprintf$3) refers to printf3.o(i._printf_core) for _printf_core
    printf3.o(i.__0sprintf$3) refers to printf3.o(i._sputc) for _sputc
    printf3.o(i.__0vfprintf$3) refers to printf3.o(i._printf_core) for _printf_core
    printf3.o(i.__0vfprintf$3) refers to serial_debug.o(.text) for fputc
    printf3.o(i.__0vprintf$3) refers to printf3.o(i._printf_core) for _printf_core
    printf3.o(i.__0vprintf$3) refers to serial_debug.o(.text) for fputc
    printf3.o(i.__0vprintf$3) refers to stdout.o(.data) for __stdout
    printf3.o(i.__0vsnprintf$3) refers to printf3.o(i._printf_core) for _printf_core
    printf3.o(i.__0vsnprintf$3) refers to printf3.o(i._snputc) for _snputc
    printf3.o(i.__0vsprintf$3) refers to printf3.o(i._printf_core) for _printf_core
    printf3.o(i.__0vsprintf$3) refers to printf3.o(i._sputc) for _sputc
    printf3.o(i._printf_core) refers to uidiv.o(.text) for __aeabi_uidivmod
    printf4.o(i.__0fprintf$4) refers to printf4.o(i._printf_core) for _printf_core
    printf4.o(i.__0fprintf$4) refers to serial_debug.o(.text) for fputc
    printf4.o(i.__0printf$4) refers to printf4.o(i._printf_core) for _printf_core
    printf4.o(i.__0printf$4) refers to serial_debug.o(.text) for fputc
    printf4.o(i.__0printf$4) refers to stdout.o(.data) for __stdout
    printf4.o(i.__0snprintf$4) refers to printf4.o(i._printf_core) for _printf_core
    printf4.o(i.__0snprintf$4) refers to printf4.o(i._snputc) for _snputc
    printf4.o(i.__0sprintf$4) refers to printf4.o(i._printf_core) for _printf_core
    printf4.o(i.__0sprintf$4) refers to printf4.o(i._sputc) for _sputc
    printf4.o(i.__0vfprintf$4) refers to printf4.o(i._printf_core) for _printf_core
    printf4.o(i.__0vfprintf$4) refers to serial_debug.o(.text) for fputc
    printf4.o(i.__0vprintf$4) refers to printf4.o(i._printf_core) for _printf_core
    printf4.o(i.__0vprintf$4) refers to serial_debug.o(.text) for fputc
    printf4.o(i.__0vprintf$4) refers to stdout.o(.data) for __stdout
    printf4.o(i.__0vsnprintf$4) refers to printf4.o(i._printf_core) for _printf_core
    printf4.o(i.__0vsnprintf$4) refers to printf4.o(i._snputc) for _snputc
    printf4.o(i.__0vsprintf$4) refers to printf4.o(i._printf_core) for _printf_core
    printf4.o(i.__0vsprintf$4) refers to printf4.o(i._sputc) for _sputc
    printf4.o(i._printf_core) refers to uldiv.o(.text) for __aeabi_uldivmod
    printf5.o(i.__0fprintf$5) refers to printf5.o(i._printf_core) for _printf_core
    printf5.o(i.__0fprintf$5) refers to serial_debug.o(.text) for fputc
    printf5.o(i.__0printf$5) refers to printf5.o(i._printf_core) for _printf_core
    printf5.o(i.__0printf$5) refers to serial_debug.o(.text) for fputc
    printf5.o(i.__0printf$5) refers to stdout.o(.data) for __stdout
    printf5.o(i.__0snprintf$5) refers to printf5.o(i._printf_core) for _printf_core
    printf5.o(i.__0snprintf$5) refers to printf5.o(i._snputc) for _snputc
    printf5.o(i.__0sprintf$5) refers to printf5.o(i._printf_core) for _printf_core
    printf5.o(i.__0sprintf$5) refers to printf5.o(i._sputc) for _sputc
    printf5.o(i.__0vfprintf$5) refers to printf5.o(i._printf_core) for _printf_core
    printf5.o(i.__0vfprintf$5) refers to serial_debug.o(.text) for fputc
    printf5.o(i.__0vprintf$5) refers to printf5.o(i._printf_core) for _printf_core
    printf5.o(i.__0vprintf$5) refers to serial_debug.o(.text) for fputc
    printf5.o(i.__0vprintf$5) refers to stdout.o(.data) for __stdout
    printf5.o(i.__0vsnprintf$5) refers to printf5.o(i._printf_core) for _printf_core
    printf5.o(i.__0vsnprintf$5) refers to printf5.o(i._snputc) for _snputc
    printf5.o(i.__0vsprintf$5) refers to printf5.o(i._printf_core) for _printf_core
    printf5.o(i.__0vsprintf$5) refers to printf5.o(i._sputc) for _sputc
    printf5.o(i._printf_core) refers to uldiv.o(.text) for __aeabi_uldivmod
    printf6.o(i.__0fprintf$6) refers to printf6.o(i._printf_core) for _printf_core
    printf6.o(i.__0fprintf$6) refers to serial_debug.o(.text) for fputc
    printf6.o(i.__0printf$6) refers to printf6.o(i._printf_core) for _printf_core
    printf6.o(i.__0printf$6) refers to serial_debug.o(.text) for fputc
    printf6.o(i.__0printf$6) refers to stdout.o(.data) for __stdout
    printf6.o(i.__0snprintf$6) refers to printf6.o(i._printf_core) for _printf_core
    printf6.o(i.__0snprintf$6) refers to printf6.o(i._snputc) for _snputc
    printf6.o(i.__0sprintf$6) refers to printf6.o(i._printf_core) for _printf_core
    printf6.o(i.__0sprintf$6) refers to printf6.o(i._sputc) for _sputc
    printf6.o(i.__0vfprintf$6) refers to printf6.o(i._printf_core) for _printf_core
    printf6.o(i.__0vfprintf$6) refers to serial_debug.o(.text) for fputc
    printf6.o(i.__0vprintf$6) refers to printf6.o(i._printf_core) for _printf_core
    printf6.o(i.__0vprintf$6) refers to serial_debug.o(.text) for fputc
    printf6.o(i.__0vprintf$6) refers to stdout.o(.data) for __stdout
    printf6.o(i.__0vsnprintf$6) refers to printf6.o(i._printf_core) for _printf_core
    printf6.o(i.__0vsnprintf$6) refers to printf6.o(i._snputc) for _snputc
    printf6.o(i.__0vsprintf$6) refers to printf6.o(i._printf_core) for _printf_core
    printf6.o(i.__0vsprintf$6) refers to printf6.o(i._sputc) for _sputc
    printf6.o(i._printf_core) refers to printf6.o(i._printf_pre_padding) for _printf_pre_padding
    printf6.o(i._printf_core) refers to uidiv.o(.text) for __aeabi_uidivmod
    printf6.o(i._printf_core) refers to printf6.o(i._printf_post_padding) for _printf_post_padding
    printf7.o(i.__0fprintf$7) refers to printf7.o(i._printf_core) for _printf_core
    printf7.o(i.__0fprintf$7) refers to serial_debug.o(.text) for fputc
    printf7.o(i.__0printf$7) refers to printf7.o(i._printf_core) for _printf_core
    printf7.o(i.__0printf$7) refers to serial_debug.o(.text) for fputc
    printf7.o(i.__0printf$7) refers to stdout.o(.data) for __stdout
    printf7.o(i.__0snprintf$7) refers to printf7.o(i._printf_core) for _printf_core
    printf7.o(i.__0snprintf$7) refers to printf7.o(i._snputc) for _snputc
    printf7.o(i.__0sprintf$7) refers to printf7.o(i._printf_core) for _printf_core
    printf7.o(i.__0sprintf$7) refers to printf7.o(i._sputc) for _sputc
    printf7.o(i.__0vfprintf$7) refers to printf7.o(i._printf_core) for _printf_core
    printf7.o(i.__0vfprintf$7) refers to serial_debug.o(.text) for fputc
    printf7.o(i.__0vprintf$7) refers to printf7.o(i._printf_core) for _printf_core
    printf7.o(i.__0vprintf$7) refers to serial_debug.o(.text) for fputc
    printf7.o(i.__0vprintf$7) refers to stdout.o(.data) for __stdout
    printf7.o(i.__0vsnprintf$7) refers to printf7.o(i._printf_core) for _printf_core
    printf7.o(i.__0vsnprintf$7) refers to printf7.o(i._snputc) for _snputc
    printf7.o(i.__0vsprintf$7) refers to printf7.o(i._printf_core) for _printf_core
    printf7.o(i.__0vsprintf$7) refers to printf7.o(i._sputc) for _sputc
    printf7.o(i._printf_core) refers to printf7.o(i._printf_pre_padding) for _printf_pre_padding
    printf7.o(i._printf_core) refers to uldiv.o(.text) for __aeabi_uldivmod
    printf7.o(i._printf_core) refers to printf7.o(i._printf_post_padding) for _printf_post_padding
    printf8.o(i.__0fprintf$8) refers to printf8.o(i._printf_core) for _printf_core
    printf8.o(i.__0fprintf$8) refers to serial_debug.o(.text) for fputc
    printf8.o(i.__0printf$8) refers to printf8.o(i._printf_core) for _printf_core
    printf8.o(i.__0printf$8) refers to serial_debug.o(.text) for fputc
    printf8.o(i.__0printf$8) refers to stdout.o(.data) for __stdout
    printf8.o(i.__0snprintf$8) refers to printf8.o(i._printf_core) for _printf_core
    printf8.o(i.__0snprintf$8) refers to printf8.o(i._snputc) for _snputc
    printf8.o(i.__0sprintf$8) refers to printf8.o(i._printf_core) for _printf_core
    printf8.o(i.__0sprintf$8) refers to printf8.o(i._sputc) for _sputc
    printf8.o(i.__0vfprintf$8) refers to printf8.o(i._printf_core) for _printf_core
    printf8.o(i.__0vfprintf$8) refers to serial_debug.o(.text) for fputc
    printf8.o(i.__0vprintf$8) refers to printf8.o(i._printf_core) for _printf_core
    printf8.o(i.__0vprintf$8) refers to serial_debug.o(.text) for fputc
    printf8.o(i.__0vprintf$8) refers to stdout.o(.data) for __stdout
    printf8.o(i.__0vsnprintf$8) refers to printf8.o(i._printf_core) for _printf_core
    printf8.o(i.__0vsnprintf$8) refers to printf8.o(i._snputc) for _snputc
    printf8.o(i.__0vsprintf$8) refers to printf8.o(i._printf_core) for _printf_core
    printf8.o(i.__0vsprintf$8) refers to printf8.o(i._sputc) for _sputc
    printf8.o(i._printf_core) refers to printf8.o(i._printf_pre_padding) for _printf_pre_padding
    printf8.o(i._printf_core) refers to uldiv.o(.text) for __aeabi_uldivmod
    printf8.o(i._printf_core) refers to printf8.o(i._printf_post_padding) for _printf_post_padding
    printfa.o(i.__0fprintf) refers (Special) to iusefp.o(.text) for __I$use$fp
    printfa.o(i.__0fprintf) refers to printfa.o(i._printf_core) for _printf_core
    printfa.o(i.__0fprintf) refers to serial_debug.o(.text) for fputc
    printfa.o(i.__0printf) refers (Special) to iusefp.o(.text) for __I$use$fp
    printfa.o(i.__0printf) refers to printfa.o(i._printf_core) for _printf_core
    printfa.o(i.__0printf) refers to serial_debug.o(.text) for fputc
    printfa.o(i.__0printf) refers to stdout.o(.data) for __stdout
    printfa.o(i.__0snprintf) refers (Special) to iusefp.o(.text) for __I$use$fp
    printfa.o(i.__0snprintf) refers to printfa.o(i._printf_core) for _printf_core
    printfa.o(i.__0snprintf) refers to printfa.o(i._snputc) for _snputc
    printfa.o(i.__0sprintf) refers (Special) to iusefp.o(.text) for __I$use$fp
    printfa.o(i.__0sprintf) refers to printfa.o(i._printf_core) for _printf_core
    printfa.o(i.__0sprintf) refers to printfa.o(i._sputc) for _sputc
    printfa.o(i.__0vfprintf) refers (Special) to iusefp.o(.text) for __I$use$fp
    printfa.o(i.__0vfprintf) refers to printfa.o(i._printf_core) for _printf_core
    printfa.o(i.__0vfprintf) refers to serial_debug.o(.text) for fputc
    printfa.o(i.__0vprintf) refers (Special) to iusefp.o(.text) for __I$use$fp
    printfa.o(i.__0vprintf) refers to printfa.o(i._printf_core) for _printf_core
    printfa.o(i.__0vprintf) refers to serial_debug.o(.text) for fputc
    printfa.o(i.__0vprintf) refers to stdout.o(.data) for __stdout
    printfa.o(i.__0vsnprintf) refers (Special) to iusefp.o(.text) for __I$use$fp
    printfa.o(i.__0vsnprintf) refers to printfa.o(i._printf_core) for _printf_core
    printfa.o(i.__0vsnprintf) refers to printfa.o(i._snputc) for _snputc
    printfa.o(i.__0vsprintf) refers (Special) to iusefp.o(.text) for __I$use$fp
    printfa.o(i.__0vsprintf) refers to printfa.o(i._printf_core) for _printf_core
    printfa.o(i.__0vsprintf) refers to printfa.o(i._sputc) for _sputc
    printfa.o(i._fp_digits) refers (Special) to iusefp.o(.text) for __I$use$fp
    printfa.o(i._fp_digits) refers to dmul.o(.text) for __aeabi_dmul
    printfa.o(i._fp_digits) refers to ddiv.o(.text) for __aeabi_ddiv
    printfa.o(i._fp_digits) refers to cdrcmple.o(.text) for __aeabi_cdrcmple
    printfa.o(i._fp_digits) refers to dadd.o(.text) for __aeabi_dadd
    printfa.o(i._fp_digits) refers to dfixul.o(.text) for __aeabi_d2ulz
    printfa.o(i._fp_digits) refers to uldiv.o(.text) for __aeabi_uldivmod
    printfa.o(i._printf_core) refers (Special) to iusefp.o(.text) for __I$use$fp
    printfa.o(i._printf_core) refers to printfa.o(i._printf_pre_padding) for _printf_pre_padding
    printfa.o(i._printf_core) refers to uldiv.o(.text) for __aeabi_uldivmod
    printfa.o(i._printf_core) refers to printfa.o(i._printf_post_padding) for _printf_post_padding
    printfa.o(i._printf_core) refers to printfa.o(i._fp_digits) for _fp_digits
    printfa.o(i._printf_core) refers to uidiv.o(.text) for __aeabi_uidivmod
    printfa.o(i._printf_post_padding) refers (Special) to iusefp.o(.text) for __I$use$fp
    printfa.o(i._printf_pre_padding) refers (Special) to iusefp.o(.text) for __I$use$fp
    printfa.o(i._snputc) refers (Special) to iusefp.o(.text) for __I$use$fp
    printfa.o(i._sputc) refers (Special) to iusefp.o(.text) for __I$use$fp
    malloc.o(i.free) refers to mvars.o(.data) for __microlib_freelist
    malloc.o(i.malloc) refers to mvars.o(.data) for __microlib_freelist_initialised
    malloc.o(i.malloc) refers to mvars.o(.data) for __microlib_freelist
    malloc.o(i.malloc) refers to startup_tm4c123.o(HEAP) for __heap_base
    mallocr.o(i.__free$realloc) refers to mvars.o(.data) for __microlib_freelist
    mallocr.o(i.__malloc$realloc) refers to mallocr.o(i.internal_alloc) for internal_alloc
    mallocr.o(i.__malloc$realloc) refers to mvars.o(.data) for __microlib_freelist_initialised
    mallocr.o(i.__malloc$realloc) refers to startup_tm4c123.o(HEAP) for __heap_base
    mallocr.o(i.__malloc$realloc) refers to mvars.o(.data) for __microlib_freelist
    mallocr.o(i.internal_alloc) refers to memcpya.o(.text) for __aeabi_memcpy
    mallocr.o(i.internal_alloc) refers to mvars.o(.data) for __microlib_freelist
    mallocr.o(i.realloc) refers to mallocr.o(i.__free$realloc) for __free$realloc
    mallocr.o(i.realloc) refers to mallocr.o(i.internal_alloc) for internal_alloc
    mallocr.o(i.realloc) refers to mallocr.o(i.__malloc$realloc) for __malloc$realloc
    mallocr.o(i.realloc) refers to mvars.o(.data) for __microlib_freelist
    malloca.o(i.__aligned_malloc) refers to mvars.o(.data) for __microlib_freelist_initialised
    malloca.o(i.__aligned_malloc) refers to mvars.o(.data) for __microlib_freelist
    malloca.o(i.__aligned_malloc) refers to startup_tm4c123.o(HEAP) for __heap_base
    malloca.o(i.__free$memalign) refers to mvars.o(.data) for __microlib_freelist
    malloca.o(i.__malloc$memalign) refers to malloca.o(i.__aligned_malloc) for __aligned_malloc
    mallocra.o(i.__aligned_malloc$realloc) refers to mallocra.o(i.internal_alloc) for internal_alloc
    mallocra.o(i.__aligned_malloc$realloc) refers to mvars.o(.data) for __microlib_freelist_initialised
    mallocra.o(i.__aligned_malloc$realloc) refers to startup_tm4c123.o(HEAP) for __heap_base
    mallocra.o(i.__aligned_malloc$realloc) refers to mvars.o(.data) for __microlib_freelist
    mallocra.o(i.__free$realloc$memalign) refers to mvars.o(.data) for __microlib_freelist
    mallocra.o(i.__malloc$realloc$memalign) refers to mallocra.o(i.__aligned_malloc$realloc) for __aligned_malloc$realloc
    mallocra.o(i.__realloc$memalign) refers to mallocra.o(i.__free$realloc$memalign) for __free$realloc$memalign
    mallocra.o(i.__realloc$memalign) refers to mallocra.o(i.internal_alloc) for internal_alloc
    mallocra.o(i.__realloc$memalign) refers to mallocra.o(i.__malloc$realloc$memalign) for __malloc$realloc$memalign
    mallocra.o(i.__realloc$memalign) refers to mvars.o(.data) for __microlib_freelist
    mallocra.o(i.internal_alloc) refers to memcpya.o(.text) for __aeabi_memcpy
    mallocra.o(i.internal_alloc) refers to mvars.o(.data) for __microlib_freelist
    entry2.o(.ARM.Collect$$$$00000001) refers to entry2.o(.ARM.Collect$$$$00002712) for __lit__00000000
    entry2.o(.ARM.Collect$$$$00002712) refers to startup_tm4c123.o(STACK) for __initial_sp
    entry2.o(__vectab_stack_and_reset_area) refers to startup_tm4c123.o(STACK) for __initial_sp
    entry2.o(__vectab_stack_and_reset_area) refers to entry.o(.ARM.Collect$$$$00000000) for __main
    entry5.o(.ARM.Collect$$$$00000004) refers to init.o(.text) for __scatterload
    entry9a.o(.ARM.Collect$$$$0000000B) refers to main.o(.text) for main
    entry9b.o(.ARM.Collect$$$$0000000C) refers to main.o(.text) for main
    uldiv.o(.text) refers to llushr.o(.text) for __aeabi_llsr
    uldiv.o(.text) refers to llshl.o(.text) for __aeabi_llsl
    dadd.o(.text) refers to llshl.o(.text) for __aeabi_llsl
    dadd.o(.text) refers to llsshr.o(.text) for __aeabi_lasr
    dadd.o(.text) refers to depilogue.o(.text) for _double_epilogue
    dmul.o(.text) refers to depilogue.o(.text) for _double_epilogue
    ddiv.o(.text) refers to depilogue.o(.text) for _double_round
    dfixul.o(.text) refers to llushr.o(.text) for __aeabi_llsr
    dfixul.o(.text) refers to llshl.o(.text) for __aeabi_llsl
    init.o(.text) refers to entry5.o(.ARM.Collect$$$$00000004) for __main_after_scatterload
    depilogue.o(.text) refers to llshl.o(.text) for __aeabi_llsl
    depilogue.o(.text) refers to llushr.o(.text) for __aeabi_llsr


==============================================================================

Removing Unused input sections from the image.

    Removing main.o(.rev16_text), (4 bytes).
    Removing main.o(.revsh_text), (4 bytes).
    Removing main.o(.rrx_text), (6 bytes).
    Removing gpio_port.o(.rev16_text), (4 bytes).
    Removing gpio_port.o(.revsh_text), (4 bytes).
    Removing gpio_port.o(.rrx_text), (6 bytes).
    Removing i2c.o(.rev16_text), (4 bytes).
    Removing i2c.o(.revsh_text), (4 bytes).
    Removing i2c.o(.rrx_text), (6 bytes).
    Removing uart.o(.rev16_text), (4 bytes).
    Removing uart.o(.revsh_text), (4 bytes).
    Removing uart.o(.rrx_text), (6 bytes).
    Removing timers.o(.rev16_text), (4 bytes).
    Removing timers.o(.revsh_text), (4 bytes).
    Removing timers.o(.rrx_text), (6 bytes).
    Removing timers.o(.text), (764 bytes).
    Removing serial_debug.o(.rev16_text), (4 bytes).
    Removing serial_debug.o(.revsh_text), (4 bytes).
    Removing serial_debug.o(.rrx_text), (6 bytes).
    Removing eeprom.o(.rev16_text), (4 bytes).
    Removing eeprom.o(.revsh_text), (4 bytes).
    Removing eeprom.o(.rrx_text), (6 bytes).
    Removing system_tm4c123.o(.rev16_text), (4 bytes).
    Removing system_tm4c123.o(.revsh_text), (4 bytes).
    Removing system_tm4c123.o(.rrx_text), (6 bytes).
    Removing board_setup.o(.rev16_text), (4 bytes).
    Removing board_setup.o(.revsh_text), (4 bytes).
    Removing board_setup.o(.rrx_text), (6 bytes).
    Removing validate_led.o(.rev16_text), (4 bytes).
    Removing validate_led.o(.revsh_text), (4 bytes).
    Removing validate_led.o(.rrx_text), (6 bytes).
    Removing ice_adc.o(.rev16_text), (4 bytes).
    Removing ice_adc.o(.revsh_text), (4 bytes).
    Removing ice_adc.o(.rrx_text), (6 bytes).
    Removing ice_gpio_port.o(.rev16_text), (4 bytes).
    Removing ice_gpio_port.o(.revsh_text), (4 bytes).
    Removing ice_gpio_port.o(.rrx_text), (6 bytes).
    Removing ice_gpiof.o(.rev16_text), (4 bytes).
    Removing ice_gpiof.o(.revsh_text), (4 bytes).
    Removing ice_gpiof.o(.rrx_text), (6 bytes).
    Removing ice_gpt.o(.rev16_text), (4 bytes).
    Removing ice_gpt.o(.revsh_text), (4 bytes).
    Removing ice_gpt.o(.rrx_text), (6 bytes).
    Removing ice_systick.o(.rev16_text), (4 bytes).
    Removing ice_systick.o(.revsh_text), (4 bytes).
    Removing ice_systick.o(.rrx_text), (6 bytes).
    Removing ice_uart_rx_irq.o(.rev16_text), (4 bytes).
    Removing ice_uart_rx_irq.o(.revsh_text), (4 bytes).
    Removing ice_uart_rx_irq.o(.rrx_text), (6 bytes).
    Removing ice_lcd.o(.rev16_text), (4 bytes).
    Removing ice_lcd.o(.revsh_text), (4 bytes).
    Removing ice_lcd.o(.rrx_text), (6 bytes).
    Removing ice_uart_tx_irq.o(.rev16_text), (4 bytes).
    Removing ice_uart_tx_irq.o(.revsh_text), (4 bytes).
    Removing ice_uart_tx_irq.o(.rrx_text), (6 bytes).
    Removing ice_spi_nordic.o(.rev16_text), (4 bytes).
    Removing ice_spi_nordic.o(.revsh_text), (4 bytes).
    Removing ice_spi_nordic.o(.rrx_text), (6 bytes).
    Removing ice_pc_buffer.o(.rev16_text), (4 bytes).
    Removing ice_pc_buffer.o(.revsh_text), (4 bytes).
    Removing ice_pc_buffer.o(.rrx_text), (6 bytes).
    Removing ice_intro_to_c.o(.rev16_text), (4 bytes).
    Removing ice_intro_to_c.o(.revsh_text), (4 bytes).
    Removing ice_intro_to_c.o(.rrx_text), (6 bytes).
    Removing ice_uart_polling.o(.rev16_text), (4 bytes).
    Removing ice_uart_polling.o(.revsh_text), (4 bytes).
    Removing ice_uart_polling.o(.rrx_text), (6 bytes).
    Removing ice_i2c_eeprom.o(.rev16_text), (4 bytes).
    Removing ice_i2c_eeprom.o(.revsh_text), (4 bytes).
    Removing ice_i2c_eeprom.o(.rrx_text), (6 bytes).
    Removing ice_i2c_ft6206.o(.rev16_text), (4 bytes).
    Removing ice_i2c_ft6206.o(.revsh_text), (4 bytes).
    Removing ice_i2c_ft6206.o(.rrx_text), (6 bytes).
    Removing validate_adc.o(.rev16_text), (4 bytes).
    Removing validate_adc.o(.revsh_text), (4 bytes).
    Removing validate_adc.o(.rrx_text), (6 bytes).
    Removing validate_gpio.o(.rev16_text), (4 bytes).
    Removing validate_gpio.o(.revsh_text), (4 bytes).
    Removing validate_gpio.o(.rrx_text), (6 bytes).
    Removing validate_uart.o(.rev16_text), (4 bytes).
    Removing validate_uart.o(.revsh_text), (4 bytes).
    Removing validate_uart.o(.rrx_text), (6 bytes).
    Removing validate_gp_timer.o(.rev16_text), (4 bytes).
    Removing validate_gp_timer.o(.revsh_text), (4 bytes).
    Removing validate_gp_timer.o(.rrx_text), (6 bytes).
    Removing validate_spi.o(.rev16_text), (4 bytes).
    Removing validate_spi.o(.revsh_text), (4 bytes).
    Removing validate_spi.o(.rrx_text), (6 bytes).
    Removing validate_sysctl.o(.rev16_text), (4 bytes).
    Removing validate_sysctl.o(.revsh_text), (4 bytes).
    Removing validate_sysctl.o(.rrx_text), (6 bytes).
    Removing dadd.o(.text), (334 bytes).
    Removing dmul.o(.text), (228 bytes).
    Removing ddiv.o(.text), (222 bytes).
    Removing dfixul.o(.text), (48 bytes).
    Removing cdrcmple.o(.text), (48 bytes).
    Removing depilogue.o(.text), (186 bytes).

97 unused section(s) (total 2250 bytes) removed from the image.

==============================================================================

Image Symbol Table

    Local Symbols

    Symbol Name                              Value     Ov Type        Size  Object(Section)

    RESET                                    0x00000000   Section      620  startup_tm4c123.o(RESET)
    ../clib/../cmprslib/lz77c.c              0x00000000   Number         0  __dclz77c.o ABSOLUTE
    ../clib/microlib/division.c              0x00000000   Number         0  uldiv.o ABSOLUTE
    ../clib/microlib/division.c              0x00000000   Number         0  uidiv.o ABSOLUTE
    ../clib/microlib/init/entry.s            0x00000000   Number         0  entry11b.o ABSOLUTE
    ../clib/microlib/init/entry.s            0x00000000   Number         0  entry2.o ABSOLUTE
    ../clib/microlib/init/entry.s            0x00000000   Number         0  entry9a.o ABSOLUTE
    ../clib/microlib/init/entry.s            0x00000000   Number         0  entry5.o ABSOLUTE
    ../clib/microlib/init/entry.s            0x00000000   Number         0  entry10a.o ABSOLUTE
    ../clib/microlib/init/entry.s            0x00000000   Number         0  entry10b.o ABSOLUTE
    ../clib/microlib/init/entry.s            0x00000000   Number         0  entry.o ABSOLUTE
    ../clib/microlib/init/entry.s            0x00000000   Number         0  entry7a.o ABSOLUTE
    ../clib/microlib/init/entry.s            0x00000000   Number         0  entry7b.o ABSOLUTE
    ../clib/microlib/init/entry.s            0x00000000   Number         0  entry8a.o ABSOLUTE
    ../clib/microlib/init/entry.s            0x00000000   Number         0  entry8b.o ABSOLUTE
    ../clib/microlib/init/entry.s            0x00000000   Number         0  entry9b.o ABSOLUTE
    ../clib/microlib/init/entry.s            0x00000000   Number         0  entry11a.o ABSOLUTE
    ../clib/microlib/longlong.c              0x00000000   Number         0  llsshr.o ABSOLUTE
    ../clib/microlib/longlong.c              0x00000000   Number         0  llushr.o ABSOLUTE
    ../clib/microlib/longlong.c              0x00000000   Number         0  llshl.o ABSOLUTE
    ../clib/microlib/malloc/malloc.c         0x00000000   Number         0  mallocra.o ABSOLUTE
    ../clib/microlib/malloc/malloc.c         0x00000000   Number         0  malloc.o ABSOLUTE
    ../clib/microlib/malloc/malloc.c         0x00000000   Number         0  mallocr.o ABSOLUTE
    ../clib/microlib/malloc/malloc.c         0x00000000   Number         0  malloca.o ABSOLUTE
    ../clib/microlib/malloc/mvars.c          0x00000000   Number         0  mvars.o ABSOLUTE
    ../clib/microlib/printf/printf.c         0x00000000   Number         0  printf6.o ABSOLUTE
    ../clib/microlib/printf/printf.c         0x00000000   Number         0  printf5.o ABSOLUTE
    ../clib/microlib/printf/printf.c         0x00000000   Number         0  printf4.o ABSOLUTE
    ../clib/microlib/printf/printf.c         0x00000000   Number         0  printf3.o ABSOLUTE
    ../clib/microlib/printf/printf.c         0x00000000   Number         0  printf7.o ABSOLUTE
    ../clib/microlib/printf/printf.c         0x00000000   Number         0  printf2.o ABSOLUTE
    ../clib/microlib/printf/printf.c         0x00000000   Number         0  printf1.o ABSOLUTE
    ../clib/microlib/printf/printf.c         0x00000000   Number         0  printf8.o ABSOLUTE
    ../clib/microlib/printf/printf.c         0x00000000   Number         0  printfa.o ABSOLUTE
    ../clib/microlib/printf/printf.c         0x00000000   Number         0  printf0.o ABSOLUTE
    ../clib/microlib/printf/printf.c         0x00000000   Number         0  printfb.o ABSOLUTE
    ../clib/microlib/printf/stubs.s          0x00000000   Number         0  stubs.o ABSOLUTE
    ../clib/microlib/stdio/streams.c         0x00000000   Number         0  stdout.o ABSOLUTE
    ../clib/microlib/string/memcpy.c         0x00000000   Number         0  memcpya.o ABSOLUTE
    ../clib/microlib/string/memcpy.c         0x00000000   Number         0  memcpyb.o ABSOLUTE
    ../clib/microlib/stubs.s                 0x00000000   Number         0  iusefp.o ABSOLUTE
    ../fplib/microlib/fpadd.c                0x00000000   Number         0  dadd.o ABSOLUTE
    ../fplib/microlib/fpdiv.c                0x00000000   Number         0  ddiv.o ABSOLUTE
    ../fplib/microlib/fpepilogue.c           0x00000000   Number         0  depilogue.o ABSOLUTE
    ../fplib/microlib/fpfix.c                0x00000000   Number         0  dfixul.o ABSOLUTE
    ../fplib/microlib/fpmul.c                0x00000000   Number         0  dmul.o ABSOLUTE
    ..\\drivers\\c\\gpio_port.c              0x00000000   Number         0  gpio_port.o ABSOLUTE
    ..\\drivers\\c\\i2c.c                    0x00000000   Number         0  i2c.o ABSOLUTE
    ..\\drivers\\c\\timers.c                 0x00000000   Number         0  timers.o ABSOLUTE
    ..\\drivers\\c\\uart.c                   0x00000000   Number         0  uart.o ABSOLUTE
    ..\\peripherals\\c\\eeprom.c             0x00000000   Number         0  eeprom.o ABSOLUTE
    ..\\peripherals\\c\\serial_debug.c       0x00000000   Number         0  serial_debug.o ABSOLUTE
    ..\drivers\c\gpio_port.c                 0x00000000   Number         0  gpio_port.o ABSOLUTE
    ..\drivers\c\i2c.c                       0x00000000   Number         0  i2c.o ABSOLUTE
    ..\drivers\c\pc_buffer.c                 0x00000000   Number         0  pc_buffer.o ABSOLUTE
    ..\drivers\c\timers.c                    0x00000000   Number         0  timers.o ABSOLUTE
    ..\drivers\c\uart.c                      0x00000000   Number         0  uart.o ABSOLUTE
    ..\peripherals\c\eeprom.c                0x00000000   Number         0  eeprom.o ABSOLUTE
    ..\peripherals\c\serial_debug.c          0x00000000   Number         0  serial_debug.o ABSOLUTE
    RTE\Device\TM4C123GH6PM\startup_TM4C123.s 0x00000000   Number         0  startup_tm4c123.o ABSOLUTE
    RTE\Device\TM4C123GH6PM\system_TM4C123.c 0x00000000   Number         0  system_tm4c123.o ABSOLUTE
    RTE\\Device\\TM4C123GH6PM\\system_TM4C123.c 0x00000000   Number         0  system_tm4c123.o ABSOLUTE
    board_setup.c                            0x00000000   Number         0  board_setup.o ABSOLUTE
    board_setup.c                            0x00000000   Number         0  board_setup.o ABSOLUTE
    cdrcmple.s                               0x00000000   Number         0  cdrcmple.o ABSOLUTE
    dc.s                                     0x00000000   Number         0  dc.o ABSOLUTE
    handlers.s                               0x00000000   Number         0  handlers.o ABSOLUTE
    ice_adc.c                                0x00000000   Number         0  ice_adc.o ABSOLUTE
    ice_adc.c                                0x00000000   Number         0  ice_adc.o ABSOLUTE
    ice_gpio_port.c                          0x00000000   Number         0  ice_gpio_port.o ABSOLUTE
    ice_gpio_port.c                          0x00000000   Number         0  ice_gpio_port.o ABSOLUTE
    ice_gpiof.c                              0x00000000   Number         0  ice_gpiof.o ABSOLUTE
    ice_gpiof.c                              0x00000000   Number         0  ice_gpiof.o ABSOLUTE
    ice_gpt.c                                0x00000000   Number         0  ice_gpt.o ABSOLUTE
    ice_gpt.c                                0x00000000   Number         0  ice_gpt.o ABSOLUTE
    ice_i2c_eeprom.c                         0x00000000   Number         0  ice_i2c_eeprom.o ABSOLUTE
    ice_i2c_eeprom.c                         0x00000000   Number         0  ice_i2c_eeprom.o ABSOLUTE
    ice_i2c_ft6206.c                         0x00000000   Number         0  ice_i2c_ft6206.o ABSOLUTE
    ice_i2c_ft6206.c                         0x00000000   Number         0  ice_i2c_ft6206.o ABSOLUTE
    ice_intro_to_c.c                         0x00000000   Number         0  ice_intro_to_c.o ABSOLUTE
    ice_intro_to_c.c                         0x00000000   Number         0  ice_intro_to_c.o ABSOLUTE
    ice_lcd.c                                0x00000000   Number         0  ice_lcd.o ABSOLUTE
    ice_lcd.c                                0x00000000   Number         0  ice_lcd.o ABSOLUTE
    ice_pc_buffer.c                          0x00000000   Number         0  ice_pc_buffer.o ABSOLUTE
    ice_pc_buffer.c                          0x00000000   Number         0  ice_pc_buffer.o ABSOLUTE
    ice_spi_nordic.c                         0x00000000   Number         0  ice_spi_nordic.o ABSOLUTE
    ice_spi_nordic.c                         0x00000000   Number         0  ice_spi_nordic.o ABSOLUTE
    ice_systick.c                            0x00000000   Number         0  ice_systick.o ABSOLUTE
    ice_systick.c                            0x00000000   Number         0  ice_systick.o ABSOLUTE
    ice_uart_polling.c                       0x00000000   Number         0  ice_uart_polling.o ABSOLUTE
    ice_uart_polling.c                       0x00000000   Number         0  ice_uart_polling.o ABSOLUTE
    ice_uart_rx_irq.c                        0x00000000   Number         0  ice_uart_rx_irq.o ABSOLUTE
    ice_uart_rx_irq.c                        0x00000000   Number         0  ice_uart_rx_irq.o ABSOLUTE
    ice_uart_tx_irq.c                        0x00000000   Number         0  ice_uart_tx_irq.o ABSOLUTE
    ice_uart_tx_irq.c                        0x00000000   Number         0  ice_uart_tx_irq.o ABSOLUTE
    init.s                                   0x00000000   Number         0  init.o ABSOLUTE
    main.c                                   0x00000000   Number         0  main.o ABSOLUTE
    main.c                                   0x00000000   Number         0  main.o ABSOLUTE
    validate_adc.c                           0x00000000   Number         0  validate_adc.o ABSOLUTE
    validate_adc.c                           0x00000000   Number         0  validate_adc.o ABSOLUTE
    validate_gp_timer.c                      0x00000000   Number         0  validate_gp_timer.o ABSOLUTE
    validate_gp_timer.c                      0x00000000   Number         0  validate_gp_timer.o ABSOLUTE
    validate_gpio.c                          0x00000000   Number         0  validate_gpio.o ABSOLUTE
    validate_gpio.c                          0x00000000   Number         0  validate_gpio.o ABSOLUTE
    validate_led.c                           0x00000000   Number         0  validate_led.o ABSOLUTE
    validate_led.c                           0x00000000   Number         0  validate_led.o ABSOLUTE
    validate_spi.c                           0x00000000   Number         0  validate_spi.o ABSOLUTE
    validate_spi.c                           0x00000000   Number         0  validate_spi.o ABSOLUTE
    validate_sysctl.c                        0x00000000   Number         0  validate_sysctl.o ABSOLUTE
    validate_sysctl.c                        0x00000000   Number         0  validate_sysctl.o ABSOLUTE
    validate_uart.c                          0x00000000   Number         0  validate_uart.o ABSOLUTE
    validate_uart.c                          0x00000000   Number         0  validate_uart.o ABSOLUTE
    .ARM.Collect$$$$00000000                 0x0000026c   Section        0  entry.o(.ARM.Collect$$$$00000000)
    .ARM.Collect$$$$00000001                 0x0000026c   Section        4  entry2.o(.ARM.Collect$$$$00000001)
    .ARM.Collect$$$$00000004                 0x00000270   Section        4  entry5.o(.ARM.Collect$$$$00000004)
    .ARM.Collect$$$$00000008                 0x00000274   Section        0  entry7b.o(.ARM.Collect$$$$00000008)
    .ARM.Collect$$$$0000000A                 0x00000274   Section        0  entry8b.o(.ARM.Collect$$$$0000000A)
    .ARM.Collect$$$$0000000B                 0x00000274   Section        8  entry9a.o(.ARM.Collect$$$$0000000B)
    .ARM.Collect$$$$0000000D                 0x0000027c   Section        0  entry10a.o(.ARM.Collect$$$$0000000D)
    .ARM.Collect$$$$0000000F                 0x0000027c   Section        0  entry11a.o(.ARM.Collect$$$$0000000F)
    .ARM.Collect$$$$00002712                 0x0000027c   Section        4  entry2.o(.ARM.Collect$$$$00002712)
    __lit__00000000                          0x0000027c   Data           4  entry2.o(.ARM.Collect$$$$00002712)
    .text                                    0x00000280   Section        0  main.o(.text)
    .text                                    0x00000420   Section        0  gpio_port.o(.text)
    verify_base_addr                         0x00000421   Thumb Code    64  gpio_port.o(.text)
    .text                                    0x000006f8   Section        0  i2c.o(.text)
    .text                                    0x00000900   Section        0  pc_buffer.o(.text)
    .text                                    0x0000097c   Section        0  uart.o(.text)
    .text                                    0x00000c1c   Section        0  serial_debug.o(.text)
    .text                                    0x00000e1c   Section        0  eeprom.o(.text)
    eeprom_wait_for_write                    0x00000e1d   Thumb Code    68  eeprom.o(.text)
    .text                                    0x00000fe0   Section      252  startup_tm4c123.o(.text)
    $v0                                      0x00000fe0   Number         0  startup_tm4c123.o(.text)
    .text                                    0x000010dc   Section        0  system_tm4c123.o(.text)
    getOscClk                                0x000010dd   Thumb Code   182  system_tm4c123.o(.text)
    .text                                    0x00001328   Section        0  board_setup.o(.text)
    .text                                    0x00001428   Section        0  validate_led.o(.text)
    .text                                    0x0000148c   Section        0  ice_adc.o(.text)
    print_adc_pin_status                     0x0000148d   Thumb Code   144  ice_adc.o(.text)
    print_adc_status                         0x0000151d   Thumb Code   144  ice_adc.o(.text)
    .text                                    0x00001748   Section        0  ice_gpio_port.o(.text)
    print_pin_status                         0x00001749   Thumb Code   122  ice_gpio_port.o(.text)
    .text                                    0x0000198c   Section        0  ice_gpiof.o(.text)
    .text                                    0x00001c74   Section        0  ice_gpt.o(.text)
    .text                                    0x00001d94   Section        0  ice_systick.o(.text)
    print_systick_load                       0x00001d95   Thumb Code    86  ice_systick.o(.text)
    print_pin_status                         0x00001deb   Thumb Code   122  ice_systick.o(.text)
    print_adc_pin_status                     0x00001e65   Thumb Code   144  ice_systick.o(.text)
    print_adc_status                         0x00001ef5   Thumb Code   144  ice_systick.o(.text)
    .text                                    0x0000216c   Section        0  ice_uart_rx_irq.o(.text)
    .text                                    0x0000234c   Section        0  ice_lcd.o(.text)
    .text                                    0x000026c0   Section        0  ice_uart_tx_irq.o(.text)
    .text                                    0x000028a0   Section        0  ice_spi_nordic.o(.text)
    .text                                    0x00002c48   Section        0  ice_pc_buffer.o(.text)
    .text                                    0x00002c54   Section        0  ice_intro_to_c.o(.text)
    .text                                    0x00002cbc   Section        0  ice_uart_polling.o(.text)
    print_pin_status                         0x00002cbd   Thumb Code   144  ice_uart_polling.o(.text)
    print_uart_status                        0x00002d4d   Thumb Code   178  ice_uart_polling.o(.text)
    .text                                    0x00002f0c   Section        0  ice_i2c_eeprom.o(.text)
    print_pin_status                         0x00002f0d   Thumb Code   144  ice_i2c_eeprom.o(.text)
    .text                                    0x00003050   Section        0  ice_i2c_ft6206.o(.text)
    print_pin_status                         0x00003051   Thumb Code   144  ice_i2c_ft6206.o(.text)
    .text                                    0x0000319c   Section        0  validate_adc.o(.text)
    verify_base_addr                         0x0000319d   Thumb Code    26  validate_adc.o(.text)
    .text                                    0x00003254   Section        0  validate_gpio.o(.text)
    verify_base_addr                         0x00003255   Thumb Code    64  validate_gpio.o(.text)
    .text                                    0x000033f4   Section        0  validate_uart.o(.text)
    uart_get_ibrd                            0x0000349f   Thumb Code    30  validate_uart.o(.text)
    uart_get_fbrd                            0x000034bd   Thumb Code    28  validate_uart.o(.text)
    uart_get_irq_num                         0x000034d9   Thumb Code    68  validate_uart.o(.text)
    .text                                    0x000037f4   Section        0  validate_gp_timer.o(.text)
    verify_base_addr                         0x000037f5   Thumb Code    64  validate_gp_timer.o(.text)
    validate_gpt_mode                        0x00003835   Thumb Code    22  validate_gp_timer.o(.text)
    validate_gpio_gpt_direction              0x0000384b   Thumb Code    22  validate_gp_timer.o(.text)
    validate_gtp_interrupts                  0x00003861   Thumb Code    22  validate_gp_timer.o(.text)
    validate_gpt_size_32                     0x00003877   Thumb Code    20  validate_gp_timer.o(.text)
    validate_gpt_interval                    0x0000388b   Thumb Code    18  validate_gp_timer.o(.text)
    .text                                    0x00003908   Section        0  validate_spi.o(.text)
    .text                                    0x00003a00   Section        0  validate_sysctl.o(.text)
    get_gpio_rcgc                            0x00003a01   Thumb Code    74  validate_sysctl.o(.text)
    get_adc_rcgc                             0x00003a4b   Thumb Code    28  validate_sysctl.o(.text)
    get_gpt_rcgc                             0x00003a67   Thumb Code    74  validate_sysctl.o(.text)
    get_uart_rcgc                            0x00003ab1   Thumb Code    68  validate_sysctl.o(.text)
    get_spi_rcgc                             0x00003af5   Thumb Code    48  validate_sysctl.o(.text)
    .text                                    0x00003bcc   Section        0  uidiv.o(.text)
    .text                                    0x00003bf8   Section       36  init.o(.text)
    .text                                    0x00003c1c   Section        0  __dclz77c.o(.text)
    i.__0printf$6                            0x00003c7c   Section        0  printf6.o(i.__0printf$6)
    i.__0sprintf$6                           0x00003c9c   Section        0  printf6.o(i.__0sprintf$6)
    i.__scatterload_copy                     0x00003cc4   Section       14  handlers.o(i.__scatterload_copy)
    i.__scatterload_null                     0x00003cd2   Section        2  handlers.o(i.__scatterload_null)
    i.__scatterload_zeroinit                 0x00003cd4   Section       14  handlers.o(i.__scatterload_zeroinit)
    i._printf_core                           0x00003ce4   Section        0  printf6.o(i._printf_core)
    _printf_core                             0x00003ce5   Thumb Code   748  printf6.o(i._printf_core)
    i._printf_post_padding                   0x00003fd4   Section        0  printf6.o(i._printf_post_padding)
    _printf_post_padding                     0x00003fd5   Thumb Code    36  printf6.o(i._printf_post_padding)
    i._printf_pre_padding                    0x00003ff8   Section        0  printf6.o(i._printf_pre_padding)
    _printf_pre_padding                      0x00003ff9   Thumb Code    46  printf6.o(i._printf_pre_padding)
    i._sputc                                 0x00004026   Section        0  printf6.o(i._sputc)
    _sputc                                   0x00004027   Thumb Code    10  printf6.o(i._sputc)
    i.malloc                                 0x00004030   Section        0  malloc.o(i.malloc)
    .conststring                             0x0000409c   Section       92  validate_uart.o(.conststring)
    .data                                    0x20000000   Section        2  serial_debug.o(.data)
    Rx_Interrupts_Enabled                    0x20000000   Data           1  serial_debug.o(.data)
    Tx_Interrupts_Enabled                    0x20000001   Data           1  serial_debug.o(.data)
    .data                                    0x20000004   Section        4  system_tm4c123.o(.data)
    .data                                    0x20000008   Section       40  ice_adc.o(.data)
    ps2_x                                    0x20000008   Data          20  ice_adc.o(.data)
    ps2_y                                    0x2000001c   Data          20  ice_adc.o(.data)
    .data                                    0x20000030   Section      240  ice_gpio_port.o(.data)
    lcd_cs                                   0x20000030   Data          20  ice_gpio_port.o(.data)
    lcd_data_instr                           0x20000044   Data          20  ice_gpio_port.o(.data)
    lcd_wr                                   0x20000058   Data          20  ice_gpio_port.o(.data)
    lcd_rd                                   0x2000006c   Data          20  ice_gpio_port.o(.data)
    lcd_data                                 0x20000080   Data         160  ice_gpio_port.o(.data)
    .data                                    0x20000120   Section      100  ice_gpiof.o(.data)
    red                                      0x20000120   Data          20  ice_gpiof.o(.data)
    blue                                     0x20000134   Data          20  ice_gpiof.o(.data)
    green                                    0x20000148   Data          20  ice_gpiof.o(.data)
    sw1                                      0x2000015c   Data          20  ice_gpiof.o(.data)
    sw2                                      0x20000170   Data          20  ice_gpiof.o(.data)
    .data                                    0x20000184   Section       40  ice_systick.o(.data)
    ps2_x                                    0x20000184   Data          20  ice_systick.o(.data)
    green                                    0x20000198   Data          20  ice_systick.o(.data)
    .data                                    0x200001ac   Section       64  ice_uart_rx_irq.o(.data)
    Tx                                       0x200001ac   Data          20  ice_uart_rx_irq.o(.data)
    Rx                                       0x200001c0   Data          20  ice_uart_rx_irq.o(.data)
    uart0                                    0x200001d4   Data          24  ice_uart_rx_irq.o(.data)
    .data                                    0x200001ec   Section      120  ice_lcd.o(.data)
    .data                                    0x20000264   Section       64  ice_uart_tx_irq.o(.data)
    Tx                                       0x20000264   Data          20  ice_uart_tx_irq.o(.data)
    Rx                                       0x20000278   Data          20  ice_uart_tx_irq.o(.data)
    uart0                                    0x2000028c   Data          24  ice_uart_tx_irq.o(.data)
    .data                                    0x200002a4   Section      120  ice_spi_nordic.o(.data)
    SPI_CLK                                  0x200002a4   Data          20  ice_spi_nordic.o(.data)
    SPI_CS                                   0x200002b8   Data          20  ice_spi_nordic.o(.data)
    SPI_MISO                                 0x200002cc   Data          20  ice_spi_nordic.o(.data)
    SPI_MOSI                                 0x200002e0   Data          20  ice_spi_nordic.o(.data)
    .data                                    0x2000031c   Section       64  ice_uart_polling.o(.data)
    Tx                                       0x2000031c   Data          20  ice_uart_polling.o(.data)
    Rx                                       0x20000330   Data          20  ice_uart_polling.o(.data)
    uart0                                    0x20000344   Data          24  ice_uart_polling.o(.data)
    .data                                    0x2000035c   Section       40  ice_i2c_eeprom.o(.data)
    SCL                                      0x2000035c   Data          20  ice_i2c_eeprom.o(.data)
    SDA                                      0x20000370   Data          20  ice_i2c_eeprom.o(.data)
    .data                                    0x20000384   Section       40  ice_i2c_ft6206.o(.data)
    SCL                                      0x20000384   Data          20  ice_i2c_ft6206.o(.data)
    SDA                                      0x20000398   Data          20  ice_i2c_ft6206.o(.data)
    .data                                    0x200003ac   Section        4  stdout.o(.data)
    .data                                    0x200003b0   Section        4  mvars.o(.data)
    .data                                    0x200003b4   Section        4  mvars.o(.data)
    .bss                                     0x200003b8   Section       28  serial_debug.o(.bss)
    HEAP                                     0x200003d8   Section        0  startup_tm4c123.o(HEAP)
    STACK                                    0x200003d8   Section     8192  startup_tm4c123.o(STACK)

    Global Symbols

    Symbol Name                              Value     Ov Type        Size  Object(Section)

    BuildAttributes$$THM_ISAv4$E$P$D$K$B$S$7EM$VFPi3$EXTD16$VFPS$VFMA$PE$A:L22UL41UL21$X:L11$S22US41US21$IEEE1$IW$USESV6$~STKCKD$USESV7$~SHL$OSPACE$ROPI$EBA8$MICROLIB$REQ8$PRES8$EABIv2 0x00000000   Number         0  anon$$obj.o ABSOLUTE
    __ARM_use_no_argv                        0x00000000   Number         0  main.o ABSOLUTE
    __Vectors                                0x00000000   Data           4  startup_tm4c123.o(RESET)
    _printf_a                                0x00000000   Number         0  stubs.o ABSOLUTE
    _printf_c                                0x00000000   Number         0  stubs.o ABSOLUTE
    _printf_charcount                        0x00000000   Number         0  stubs.o ABSOLUTE
    _printf_d                                0x00000000   Number         0  stubs.o ABSOLUTE
    _printf_e                                0x00000000   Number         0  stubs.o ABSOLUTE
    _printf_f                                0x00000000   Number         0  stubs.o ABSOLUTE
    _printf_flags                            0x00000000   Number         0  stubs.o ABSOLUTE
    _printf_fp_dec                           0x00000000   Number         0  stubs.o ABSOLUTE
    _printf_fp_hex                           0x00000000   Number         0  stubs.o ABSOLUTE
    _printf_g                                0x00000000   Number         0  stubs.o ABSOLUTE
    _printf_i                                0x00000000   Number         0  stubs.o ABSOLUTE
    _printf_int_dec                          0x00000000   Number         0  stubs.o ABSOLUTE
    _printf_l                                0x00000000   Number         0  stubs.o ABSOLUTE
    _printf_lc                               0x00000000   Number         0  stubs.o ABSOLUTE
    _printf_ll                               0x00000000   Number         0  stubs.o ABSOLUTE
    _printf_lld                              0x00000000   Number         0  stubs.o ABSOLUTE
    _printf_lli                              0x00000000   Number         0  stubs.o ABSOLUTE
    _printf_llo                              0x00000000   Number         0  stubs.o ABSOLUTE
    _printf_llu                              0x00000000   Number         0  stubs.o ABSOLUTE
    _printf_llx                              0x00000000   Number         0  stubs.o ABSOLUTE
    _printf_longlong_dec                     0x00000000   Number         0  stubs.o ABSOLUTE
    _printf_longlong_hex                     0x00000000   Number         0  stubs.o ABSOLUTE
    _printf_longlong_oct                     0x00000000   Number         0  stubs.o ABSOLUTE
    _printf_ls                               0x00000000   Number         0  stubs.o ABSOLUTE
    _printf_mbtowc                           0x00000000   Number         0  stubs.o ABSOLUTE
    _printf_n                                0x00000000   Number         0  stubs.o ABSOLUTE
    _printf_o                                0x00000000   Number         0  stubs.o ABSOLUTE
    _printf_p                                0x00000000   Number         0  stubs.o ABSOLUTE
    _printf_percent                          0x00000000   Number         0  stubs.o ABSOLUTE
    _printf_pre_padding                      0x00000000   Number         0  stubs.o ABSOLUTE
    _printf_return_value                     0x00000000   Number         0  stubs.o ABSOLUTE
    _printf_s                                0x00000000   Number         0  stubs.o ABSOLUTE
    _printf_sizespec                         0x00000000   Number         0  stubs.o ABSOLUTE
    _printf_str                              0x00000000   Number         0  stubs.o ABSOLUTE
    _printf_truncate_signed                  0x00000000   Number         0  stubs.o ABSOLUTE
    _printf_truncate_unsigned                0x00000000   Number         0  stubs.o ABSOLUTE
    _printf_u                                0x00000000   Number         0  stubs.o ABSOLUTE
    _printf_wc                               0x00000000   Number         0  stubs.o ABSOLUTE
    _printf_wctomb                           0x00000000   Number         0  stubs.o ABSOLUTE
    _printf_widthprec                        0x00000000   Number         0  stubs.o ABSOLUTE
    _printf_x                                0x00000000   Number         0  stubs.o ABSOLUTE
    __cpp_initialize__aeabi_                  - Undefined Weak Reference
    __cxa_finalize                            - Undefined Weak Reference
    _clock_init                               - Undefined Weak Reference
    _microlib_exit                            - Undefined Weak Reference
    __Vectors_End                            0x0000026c   Data           0  startup_tm4c123.o(RESET)
    __Vectors_Size                           0x0000026c   Number         0  startup_tm4c123.o ABSOLUTE
    __main                                   0x0000026d   Thumb Code     0  entry.o(.ARM.Collect$$$$00000000)
    _main_stk                                0x0000026d   Thumb Code     0  entry2.o(.ARM.Collect$$$$00000001)
    _main_scatterload                        0x00000271   Thumb Code     0  entry5.o(.ARM.Collect$$$$00000004)
    __main_after_scatterload                 0x00000275   Thumb Code     0  entry5.o(.ARM.Collect$$$$00000004)
    _main_clock                              0x00000275   Thumb Code     0  entry7b.o(.ARM.Collect$$$$00000008)
    _main_cpp_init                           0x00000275   Thumb Code     0  entry8b.o(.ARM.Collect$$$$0000000A)
    _main_init                               0x00000275   Thumb Code     0  entry9a.o(.ARM.Collect$$$$0000000B)
    __rt_final_cpp                           0x0000027d   Thumb Code     0  entry10a.o(.ARM.Collect$$$$0000000D)
    __rt_final_exit                          0x0000027d   Thumb Code     0  entry11a.o(.ARM.Collect$$$$0000000F)
    DisableInterrupts                        0x00000281   Thumb Code     4  main.o(.text)
    EnableInterrupts                         0x00000285   Thumb Code     4  main.o(.text)
    initializeBoard                          0x00000289   Thumb Code    24  main.o(.text)
    eeprom_test                              0x000002a1   Thumb Code   148  main.o(.text)
    main                                     0x00000335   Thumb Code    48  main.o(.text)
    gpio_get_irq_num                         0x00000461   Thumb Code    74  gpio_port.o(.text)
    gpio_enable_port                         0x000004ab   Thumb Code   156  gpio_port.o(.text)
    gpio_config_digital_enable               0x00000547   Thumb Code    34  gpio_port.o(.text)
    gpio_config_enable_output                0x00000569   Thumb Code    34  gpio_port.o(.text)
    gpio_config_enable_input                 0x0000058b   Thumb Code    34  gpio_port.o(.text)
    gpio_config_enable_pullup                0x000005ad   Thumb Code    34  gpio_port.o(.text)
    gpio_config_enable_pulldown              0x000005cf   Thumb Code    34  gpio_port.o(.text)
    gpio_config_analog_enable                0x000005f1   Thumb Code    34  gpio_port.o(.text)
    gpio_config_alternate_function           0x00000613   Thumb Code    34  gpio_port.o(.text)
    gpio_config_port_control                 0x00000635   Thumb Code    50  gpio_port.o(.text)
    gpio_config_open_drain                   0x00000667   Thumb Code    34  gpio_port.o(.text)
    gpio_config_falling_edge_irq             0x00000689   Thumb Code    80  gpio_port.o(.text)
    initializeI2CMaster                      0x000006f9   Thumb Code   160  i2c.o(.text)
    i2cVerifyBaseAddr                        0x00000799   Thumb Code    36  i2c.o(.text)
    i2cSetSlaveAddr                          0x000007bd   Thumb Code    30  i2c.o(.text)
    i2cStop                                  0x000007db   Thumb Code    26  i2c.o(.text)
    I2CMasterBusy                            0x000007f5   Thumb Code    34  i2c.o(.text)
    I2CMasterAdrAck                          0x00000817   Thumb Code    34  i2c.o(.text)
    I2CMasterDatAck                          0x00000839   Thumb Code    34  i2c.o(.text)
    i2cSendByte                              0x0000085b   Thumb Code    82  i2c.o(.text)
    i2cGetByte                               0x000008ad   Thumb Code    60  i2c.o(.text)
    pc_buffer_init                           0x00000901   Thumb Code    26  pc_buffer.o(.text)
    pc_buffer_add                            0x0000091b   Thumb Code    28  pc_buffer.o(.text)
    pc_buffer_remove                         0x00000937   Thumb Code    30  pc_buffer.o(.text)
    pc_buffer_empty                          0x00000955   Thumb Code    18  pc_buffer.o(.text)
    pc_buffer_full                           0x00000967   Thumb Code    22  pc_buffer.o(.text)
    verify_uart_base                         0x0000097d   Thumb Code    54  uart.o(.text)
    uart_get_rcgc_mask                       0x000009b3   Thumb Code    68  uart.o(.text)
    uart_get_pr_mask                         0x000009f7   Thumb Code    68  uart.o(.text)
    uart_get_irq_num                         0x00000a3b   Thumb Code    68  uart.o(.text)
    uart_tx_poll                             0x00000a7f   Thumb Code    38  uart.o(.text)
    uart_tx_poll_string                      0x00000aa5   Thumb Code    50  uart.o(.text)
    uart_rx_poll                             0x00000ad7   Thumb Code    70  uart.o(.text)
    uart_init                                0x00000b1d   Thumb Code   236  uart.o(.text)
    init_serial_debug                        0x00000c1d   Thumb Code    90  serial_debug.o(.text)
    serial_debug_rx                          0x00000c77   Thumb Code    46  serial_debug.o(.text)
    serial_debug_tx                          0x00000ca5   Thumb Code    84  serial_debug.o(.text)
    fputc                                    0x00000cf9   Thumb Code    66  serial_debug.o(.text)
    fgetc                                    0x00000d3b   Thumb Code    50  serial_debug.o(.text)
    UART0_Handler                            0x00000d6d   Thumb Code   152  serial_debug.o(.text)
    eeprom_byte_write                        0x00000e61   Thumb Code   106  eeprom.o(.text)
    eeprom_byte_read                         0x00000ecb   Thumb Code   118  eeprom.o(.text)
    eeprom_init                              0x00000f41   Thumb Code   156  eeprom.o(.text)
    Reset_Handler                            0x00000fe1   Thumb Code     8  startup_tm4c123.o(.text)
    NMI_Handler                              0x00000fe9   Thumb Code     2  startup_tm4c123.o(.text)
    HardFault_Handler                        0x00000feb   Thumb Code     2  startup_tm4c123.o(.text)
    MemManage_Handler                        0x00000fed   Thumb Code     2  startup_tm4c123.o(.text)
    BusFault_Handler                         0x00000fef   Thumb Code     2  startup_tm4c123.o(.text)
    UsageFault_Handler                       0x00000ff1   Thumb Code     2  startup_tm4c123.o(.text)
    SVC_Handler                              0x00000ff3   Thumb Code     2  startup_tm4c123.o(.text)
    DebugMon_Handler                         0x00000ff5   Thumb Code     2  startup_tm4c123.o(.text)
    PendSV_Handler                           0x00000ff7   Thumb Code     2  startup_tm4c123.o(.text)
    SysTick_Handler                          0x00000ff9   Thumb Code     2  startup_tm4c123.o(.text)
    GPIOA_Handler                            0x00000ffb   Thumb Code     2  startup_tm4c123.o(.text)
    GPIOB_Handler                            0x00000ffd   Thumb Code     2  startup_tm4c123.o(.text)
    GPIOC_Handler                            0x00000fff   Thumb Code     2  startup_tm4c123.o(.text)
    GPIOD_Handler                            0x00001001   Thumb Code     2  startup_tm4c123.o(.text)
    GPIOE_Handler                            0x00001003   Thumb Code     2  startup_tm4c123.o(.text)
    UART1_Handler                            0x00001007   Thumb Code     2  startup_tm4c123.o(.text)
    SSI0_Handler                             0x00001009   Thumb Code     2  startup_tm4c123.o(.text)
    I2C0_Handler                             0x0000100b   Thumb Code     2  startup_tm4c123.o(.text)
    PMW0_FAULT_Handler                       0x0000100d   Thumb Code     2  startup_tm4c123.o(.text)
    PWM0_0_Handler                           0x0000100f   Thumb Code     2  startup_tm4c123.o(.text)
    PWM0_1_Handler                           0x00001011   Thumb Code     2  startup_tm4c123.o(.text)
    PWM0_2_Handler                           0x00001013   Thumb Code     2  startup_tm4c123.o(.text)
    QEI0_Handler                             0x00001015   Thumb Code     2  startup_tm4c123.o(.text)
    ADC0SS0_Handler                          0x00001017   Thumb Code     2  startup_tm4c123.o(.text)
    ADC0SS1_Handler                          0x00001019   Thumb Code     2  startup_tm4c123.o(.text)
    ADC0SS2_Handler                          0x0000101b   Thumb Code     2  startup_tm4c123.o(.text)
    ADC0SS3_Handler                          0x0000101d   Thumb Code     2  startup_tm4c123.o(.text)
    WDT0_Handler                             0x0000101f   Thumb Code     2  startup_tm4c123.o(.text)
    TIMER0A_Handler                          0x00001021   Thumb Code     2  startup_tm4c123.o(.text)
    TIMER0B_Handler                          0x00001023   Thumb Code     2  startup_tm4c123.o(.text)
    TIMER1A_Handler                          0x00001025   Thumb Code     2  startup_tm4c123.o(.text)
    TIMER1B_Handler                          0x00001027   Thumb Code     2  startup_tm4c123.o(.text)
    TIMER2A_Handler                          0x00001029   Thumb Code     2  startup_tm4c123.o(.text)
    TIMER2B_Handler                          0x0000102b   Thumb Code     2  startup_tm4c123.o(.text)
    COMP0_Handler                            0x0000102d   Thumb Code     2  startup_tm4c123.o(.text)
    COMP1_Handler                            0x0000102f   Thumb Code     2  startup_tm4c123.o(.text)
    COMP2_Handler                            0x00001031   Thumb Code     2  startup_tm4c123.o(.text)
    SYSCTL_Handler                           0x00001033   Thumb Code     2  startup_tm4c123.o(.text)
    FLASH_Handler                            0x00001035   Thumb Code     2  startup_tm4c123.o(.text)
    GPIOF_Handler                            0x00001037   Thumb Code     2  startup_tm4c123.o(.text)
    GPIOG_Handler                            0x00001039   Thumb Code     2  startup_tm4c123.o(.text)
    GPIOH_Handler                            0x0000103b   Thumb Code     2  startup_tm4c123.o(.text)
    UART2_Handler                            0x0000103d   Thumb Code     2  startup_tm4c123.o(.text)
    SSI1_Handler                             0x0000103f   Thumb Code     2  startup_tm4c123.o(.text)
    TIMER3A_Handler                          0x00001041   Thumb Code     2  startup_tm4c123.o(.text)
    TIMER3B_Handler                          0x00001043   Thumb Code     2  startup_tm4c123.o(.text)
    I2C1_Handler                             0x00001045   Thumb Code     2  startup_tm4c123.o(.text)
    QEI1_Handler                             0x00001047   Thumb Code     2  startup_tm4c123.o(.text)
    CAN0_Handler                             0x00001049   Thumb Code     2  startup_tm4c123.o(.text)
    CAN1_Handler                             0x0000104b   Thumb Code     2  startup_tm4c123.o(.text)
    CAN2_Handler                             0x0000104d   Thumb Code     2  startup_tm4c123.o(.text)
    HIB_Handler                              0x0000104f   Thumb Code     2  startup_tm4c123.o(.text)
    USB0_Handler                             0x00001051   Thumb Code     2  startup_tm4c123.o(.text)
    PWM0_3_Handler                           0x00001053   Thumb Code     2  startup_tm4c123.o(.text)
    UDMA_Handler                             0x00001055   Thumb Code     2  startup_tm4c123.o(.text)
    UDMAERR_Handler                          0x00001057   Thumb Code     2  startup_tm4c123.o(.text)
    ADC1SS0_Handler                          0x00001059   Thumb Code     2  startup_tm4c123.o(.text)
    ADC1SS1_Handler                          0x0000105b   Thumb Code     2  startup_tm4c123.o(.text)
    ADC1SS2_Handler                          0x0000105d   Thumb Code     2  startup_tm4c123.o(.text)
    ADC1SS3_Handler                          0x0000105f   Thumb Code     2  startup_tm4c123.o(.text)
    GPIOJ_Handler                            0x00001061   Thumb Code     2  startup_tm4c123.o(.text)
    GPIOK_Handler                            0x00001063   Thumb Code     2  startup_tm4c123.o(.text)
    GPIOL_Handler                            0x00001065   Thumb Code     2  startup_tm4c123.o(.text)
    SSI2_Handler                             0x00001067   Thumb Code     2  startup_tm4c123.o(.text)
    SSI3_Handler                             0x00001069   Thumb Code     2  startup_tm4c123.o(.text)
    UART3_Handler                            0x0000106b   Thumb Code     2  startup_tm4c123.o(.text)
    UART4_Handler                            0x0000106d   Thumb Code     2  startup_tm4c123.o(.text)
    UART5_Handler                            0x0000106f   Thumb Code     2  startup_tm4c123.o(.text)
    UART6_Handler                            0x00001071   Thumb Code     2  startup_tm4c123.o(.text)
    UART7_Handler                            0x00001073   Thumb Code     2  startup_tm4c123.o(.text)
    I2C2_Handler                             0x00001075   Thumb Code     2  startup_tm4c123.o(.text)
    I2C3_Handler                             0x00001077   Thumb Code     2  startup_tm4c123.o(.text)
    TIMER4A_Handler                          0x00001079   Thumb Code     2  startup_tm4c123.o(.text)
    TIMER4B_Handler                          0x0000107b   Thumb Code     2  startup_tm4c123.o(.text)
    TIMER5A_Handler                          0x0000107d   Thumb Code     2  startup_tm4c123.o(.text)
    TIMER5B_Handler                          0x0000107f   Thumb Code     2  startup_tm4c123.o(.text)
    WTIMER0A_Handler                         0x00001081   Thumb Code     2  startup_tm4c123.o(.text)
    WTIMER0B_Handler                         0x00001083   Thumb Code     2  startup_tm4c123.o(.text)
    WTIMER1A_Handler                         0x00001085   Thumb Code     2  startup_tm4c123.o(.text)
    WTIMER1B_Handler                         0x00001087   Thumb Code     2  startup_tm4c123.o(.text)
    WTIMER2A_Handler                         0x00001089   Thumb Code     2  startup_tm4c123.o(.text)
    WTIMER2B_Handler                         0x0000108b   Thumb Code     2  startup_tm4c123.o(.text)
    WTIMER3A_Handler                         0x0000108d   Thumb Code     2  startup_tm4c123.o(.text)
    WTIMER3B_Handler                         0x0000108f   Thumb Code     2  startup_tm4c123.o(.text)
    WTIMER4A_Handler                         0x00001091   Thumb Code     2  startup_tm4c123.o(.text)
    WTIMER4B_Handler                         0x00001093   Thumb Code     2  startup_tm4c123.o(.text)
    WTIMER5A_Handler                         0x00001095   Thumb Code     2  startup_tm4c123.o(.text)
    WTIMER5B_Handler                         0x00001097   Thumb Code     2  startup_tm4c123.o(.text)
    FPU_Handler                              0x00001099   Thumb Code     2  startup_tm4c123.o(.text)
    I2C4_Handler                             0x0000109b   Thumb Code     2  startup_tm4c123.o(.text)
    I2C5_Handler                             0x0000109d   Thumb Code     2  startup_tm4c123.o(.text)
    GPIOM_Handler                            0x0000109f   Thumb Code     2  startup_tm4c123.o(.text)
    GPION_Handler                            0x000010a1   Thumb Code     2  startup_tm4c123.o(.text)
    QEI2_Handler                             0x000010a3   Thumb Code     2  startup_tm4c123.o(.text)
    GPIOP0_Handler                           0x000010a5   Thumb Code     2  startup_tm4c123.o(.text)
    GPIOP1_Handler                           0x000010a7   Thumb Code     2  startup_tm4c123.o(.text)
    GPIOP2_Handler                           0x000010a9   Thumb Code     2  startup_tm4c123.o(.text)
    GPIOP3_Handler                           0x000010ab   Thumb Code     2  startup_tm4c123.o(.text)
    GPIOP4_Handler                           0x000010ad   Thumb Code     2  startup_tm4c123.o(.text)
    GPIOP5_Handler                           0x000010af   Thumb Code     2  startup_tm4c123.o(.text)
    GPIOP6_Handler                           0x000010b1   Thumb Code     2  startup_tm4c123.o(.text)
    GPIOP7_Handler                           0x000010b3   Thumb Code     2  startup_tm4c123.o(.text)
    GPIOQ0_Handler                           0x000010b5   Thumb Code     2  startup_tm4c123.o(.text)
    GPIOQ1_Handler                           0x000010b7   Thumb Code     2  startup_tm4c123.o(.text)
    GPIOQ2_Handler                           0x000010b9   Thumb Code     2  startup_tm4c123.o(.text)
    GPIOQ3_Handler                           0x000010bb   Thumb Code     2  startup_tm4c123.o(.text)
    GPIOQ4_Handler                           0x000010bd   Thumb Code     2  startup_tm4c123.o(.text)
    GPIOQ5_Handler                           0x000010bf   Thumb Code     2  startup_tm4c123.o(.text)
    GPIOQ6_Handler                           0x000010c1   Thumb Code     2  startup_tm4c123.o(.text)
    GPIOQ7_Handler                           0x000010c3   Thumb Code     2  startup_tm4c123.o(.text)
    GPIOR_Handler                            0x000010c5   Thumb Code     2  startup_tm4c123.o(.text)
    GPIOS_Handler                            0x000010c7   Thumb Code     2  startup_tm4c123.o(.text)
    PMW1_0_Handler                           0x000010c9   Thumb Code     2  startup_tm4c123.o(.text)
    PWM1_1_Handler                           0x000010cb   Thumb Code     2  startup_tm4c123.o(.text)
    PWM1_2_Handler                           0x000010cd   Thumb Code     2  startup_tm4c123.o(.text)
    PWM1_3_Handler                           0x000010cf   Thumb Code     2  startup_tm4c123.o(.text)
    PWM1_FAULT_Handler                       0x000010d1   Thumb Code     2  startup_tm4c123.o(.text)
    SystemCoreClockUpdate                    0x00001193   Thumb Code   184  system_tm4c123.o(.text)
    SystemInit                               0x0000124b   Thumb Code   112  system_tm4c123.o(.text)
    validate_ice                             0x00001329   Thumb Code   254  board_setup.o(.text)
    validate_LED_config_gpio                 0x00001429   Thumb Code    66  validate_led.o(.text)
    validate_LED_set_failure                 0x0000146b   Thumb Code    16  validate_led.o(.text)
    ice_validate_adc                         0x000015ad   Thumb Code   112  ice_adc.o(.text)
    ice_validate_gpio_port                   0x000017c3   Thumb Code   228  ice_gpio_port.o(.text)
    ice_validate_gpiof                       0x0000198d   Thumb Code   400  ice_gpiof.o(.text)
    print_gp_timer_status                    0x00001c75   Thumb Code   166  ice_gpt.o(.text)
    ice_validate_gpt                         0x00001d1b   Thumb Code    28  ice_gpt.o(.text)
    ice_validate_systick                     0x00001f85   Thumb Code   122  ice_systick.o(.text)
    ice_validate_uart_rx                     0x0000216d   Thumb Code   278  ice_uart_rx_irq.o(.text)
    ice_validate_lcd                         0x0000234d   Thumb Code   464  ice_lcd.o(.text)
    ice_validate_uart_tx                     0x000026c1   Thumb Code   278  ice_uart_tx_irq.o(.text)
    ice_validate_spi_nordic                  0x000028a1   Thumb Code   492  ice_spi_nordic.o(.text)
    ice_validate_pc_buffer                   0x00002c49   Thumb Code    10  ice_pc_buffer.o(.text)
    ice_validate_intro_to_c                  0x00002c55   Thumb Code    84  ice_intro_to_c.o(.text)
    ice_validate_uart_polling                0x00002dff   Thumb Code    80  ice_uart_polling.o(.text)
    ice_validate_i2c_pins                    0x00002f9d   Thumb Code    52  ice_i2c_eeprom.o(.text)
    ice_validate_i2c_eeprom                  0x00002fd1   Thumb Code    20  ice_i2c_eeprom.o(.text)
    ice_validate_i2c                         0x000030e1   Thumb Code    52  ice_i2c_ft6206.o(.text)
    ice_validate_ft6206                      0x00003115   Thumb Code    28  ice_i2c_ft6206.o(.text)
    validate_adc_emux                        0x000031b7   Thumb Code    26  validate_adc.o(.text)
    validate_adc_ssmux3                      0x000031d1   Thumb Code    28  validate_adc.o(.text)
    validate_adc_ssctl3                      0x000031ed   Thumb Code    30  validate_adc.o(.text)
    validate_adc                             0x0000320b   Thumb Code    70  validate_adc.o(.text)
    validate_gpio_input                      0x00003295   Thumb Code    20  validate_gpio.o(.text)
    validate_gpio_output                     0x000032a9   Thumb Code    20  validate_gpio.o(.text)
    validate_gpio_digital_enable             0x000032bd   Thumb Code    20  validate_gpio.o(.text)
    validate_gpio_pullup                     0x000032d1   Thumb Code    20  validate_gpio.o(.text)
    validate_gpio_analog_mode_select         0x000032e5   Thumb Code    20  validate_gpio.o(.text)
    validate_gpio_alternate_function_select  0x000032f9   Thumb Code    20  validate_gpio.o(.text)
    validate_gpio_port_control               0x0000330d   Thumb Code    24  validate_gpio.o(.text)
    validate_gpio_pin                        0x00003325   Thumb Code   198  validate_gpio.o(.text)
    put_string                               0x000033f5   Thumb Code    34  validate_uart.o(.text)
    validate_print_ice_validation_info_start 0x00003417   Thumb Code    68  validate_uart.o(.text)
    validate_print_ice_validation_info_end   0x0000345b   Thumb Code    68  validate_uart.o(.text)
    staff_uart_config_gpio                   0x0000351d   Thumb Code    82  validate_uart.o(.text)
    staff_uart_config_polling                0x0000356f   Thumb Code    68  validate_uart.o(.text)
    validate_uart_baud_rate                  0x000035b3   Thumb Code    26  validate_uart.o(.text)
    validate_uart_line_control               0x000035cd   Thumb Code    18  validate_uart.o(.text)
    validate_uart_interrupt_mask             0x000035df   Thumb Code    18  validate_uart.o(.text)
    validate_uart_control                    0x000035f1   Thumb Code    18  validate_uart.o(.text)
    validate_uart_interrupts_enabled         0x00003603   Thumb Code    44  validate_uart.o(.text)
    put_char                                 0x0000362f   Thumb Code    20  validate_uart.o(.text)
    get_char                                 0x00003643   Thumb Code    62  validate_uart.o(.text)
    get_string                               0x00003681   Thumb Code    40  validate_uart.o(.text)
    initialize_serial_debug                  0x000036a9   Thumb Code    12  validate_uart.o(.text)
    print_test_status                        0x000036b5   Thumb Code    52  validate_uart.o(.text)
    validate_uart                            0x000036e9   Thumb Code   126  validate_uart.o(.text)
    validate_gp_timer                        0x0000389d   Thumb Code    98  validate_gp_timer.o(.text)
    validate_spi_data_len                    0x00003909   Thumb Code    24  validate_spi.o(.text)
    validate_spi_format                      0x00003921   Thumb Code    24  validate_spi.o(.text)
    validate_spi_cpsr                        0x00003939   Thumb Code    22  validate_spi.o(.text)
    validate_spi_mode                        0x0000394f   Thumb Code    62  validate_spi.o(.text)
    validate_spi_enabled                     0x0000398d   Thumb Code    22  validate_spi.o(.text)
    validate_spi                             0x000039a3   Thumb Code    92  validate_spi.o(.text)
    validate_gpio_rcgc                       0x00003b25   Thumb Code    26  validate_sysctl.o(.text)
    validate_adc_rcgc                        0x00003b3f   Thumb Code    28  validate_sysctl.o(.text)
    validate_gpt_rcgc                        0x00003b5b   Thumb Code    28  validate_sysctl.o(.text)
    validate_uart_rcgc                       0x00003b77   Thumb Code    28  validate_sysctl.o(.text)
    validate_spi_rcgc                        0x00003b93   Thumb Code    28  validate_sysctl.o(.text)
    __aeabi_uidiv                            0x00003bcd   Thumb Code     0  uidiv.o(.text)
    __aeabi_uidivmod                         0x00003bcd   Thumb Code    44  uidiv.o(.text)
    __scatterload                            0x00003bf9   Thumb Code    28  init.o(.text)
    __scatterload_rt2                        0x00003bf9   Thumb Code     0  init.o(.text)
    __decompress                             0x00003c1d   Thumb Code     0  __dclz77c.o(.text)
    __decompress2                            0x00003c1d   Thumb Code    94  __dclz77c.o(.text)
    __0printf$6                              0x00003c7d   Thumb Code    22  printf6.o(i.__0printf$6)
    __1printf$6                              0x00003c7d   Thumb Code     0  printf6.o(i.__0printf$6)
    __2printf                                0x00003c7d   Thumb Code     0  printf6.o(i.__0printf$6)
    __0sprintf$6                             0x00003c9d   Thumb Code    34  printf6.o(i.__0sprintf$6)
    __1sprintf$6                             0x00003c9d   Thumb Code     0  printf6.o(i.__0sprintf$6)
    __2sprintf                               0x00003c9d   Thumb Code     0  printf6.o(i.__0sprintf$6)
    __scatterload_copy                       0x00003cc5   Thumb Code    14  handlers.o(i.__scatterload_copy)
    __scatterload_null                       0x00003cd3   Thumb Code     2  handlers.o(i.__scatterload_null)
    __scatterload_zeroinit                   0x00003cd5   Thumb Code    14  handlers.o(i.__scatterload_zeroinit)
    malloc                                   0x00004031   Thumb Code    92  malloc.o(i.malloc)
    Region$$Table$$Base                      0x000040f8   Number         0  anon$$obj.o(Region$$Table)
    Region$$Table$$Limit                     0x00004118   Number         0  anon$$obj.o(Region$$Table)
    SystemCoreClock                          0x20000004   Data           4  system_tm4c123.o(.data)
    SPI_CLK                                  0x200001ec   Data          20  ice_lcd.o(.data)
    SPI_CS                                   0x20000200   Data          20  ice_lcd.o(.data)
    SPI_MOSI                                 0x20000214   Data          20  ice_lcd.o(.data)
    LCD_CMD                                  0x20000228   Data          20  ice_lcd.o(.data)
    LCD_RESET                                0x2000023c   Data          20  ice_lcd.o(.data)
    LCD                                      0x20000250   Data          20  ice_lcd.o(.data)
    RF_CE                                    0x200002f4   Data          20  ice_spi_nordic.o(.data)
    RF                                       0x20000308   Data          20  ice_spi_nordic.o(.data)
    __stdout                                 0x200003ac   Data           4  stdout.o(.data)
    __microlib_freelist                      0x200003b0   Data           4  mvars.o(.data)
    __microlib_freelist_initialised          0x200003b4   Data           4  mvars.o(.data)
    UART0_Tx_Buffer                          0x200003b8   Data          14  serial_debug.o(.bss)
    UART0_Rx_Buffer                          0x200003c6   Data          14  serial_debug.o(.bss)
    __heap_base                              0x200003d8   Data           0  startup_tm4c123.o(HEAP)
    __heap_limit                             0x200003d8   Data           0  startup_tm4c123.o(HEAP)
    __initial_sp                             0x200023d8   Data           0  startup_tm4c123.o(STACK)



==============================================================================

Memory Map of the image

  Image Entry point : 0x00000fe1

  Load Region LR_1 (Base: 0x00000000, Size: 0x000044d0, Max: 0xffffffff, ABSOLUTE, COMPRESSED[0x00004204])

    Execution Region ER_RO (Exec base: 0x00000000, Load base: 0x00000000, Size: 0x00004118, Max: 0xffffffff, ABSOLUTE)

    Exec Addr    Load Addr    Size         Type   Attr      Idx    E Section Name        Object

    0x00000000   0x00000000   0x0000026c   Data   RO          285    RESET               startup_tm4c123.o
    0x0000026c   0x0000026c   0x00000000   Code   RO          987  * .ARM.Collect$$$$00000000  mc_w.l(entry.o)
    0x0000026c   0x0000026c   0x00000004   Code   RO         1280    .ARM.Collect$$$$00000001  mc_w.l(entry2.o)
    0x00000270   0x00000270   0x00000004   Code   RO         1283    .ARM.Collect$$$$00000004  mc_w.l(entry5.o)
    0x00000274   0x00000274   0x00000000   Code   RO         1285    .ARM.Collect$$$$00000008  mc_w.l(entry7b.o)
    0x00000274   0x00000274   0x00000000   Code   RO         1287    .ARM.Collect$$$$0000000A  mc_w.l(entry8b.o)
    0x00000274   0x00000274   0x00000008   Code   RO         1288    .ARM.Collect$$$$0000000B  mc_w.l(entry9a.o)
    0x0000027c   0x0000027c   0x00000000   Code   RO         1290    .ARM.Collect$$$$0000000D  mc_w.l(entry10a.o)
    0x0000027c   0x0000027c   0x00000000   Code   RO         1292    .ARM.Collect$$$$0000000F  mc_w.l(entry11a.o)
    0x0000027c   0x0000027c   0x00000004   Code   RO         1281    .ARM.Collect$$$$00002712  mc_w.l(entry2.o)
    0x00000280   0x00000280   0x000001a0   Code   RO            4    .text               main.o
    0x00000420   0x00000420   0x000002d8   Code   RO          104    .text               gpio_port.o
    0x000006f8   0x000006f8   0x00000208   Code   RO          132    .text               i2c.o
    0x00000900   0x00000900   0x0000007c   Code   RO          153    .text               pc_buffer.o
    0x0000097c   0x0000097c   0x000002a0   Code   RO          171    .text               uart.o
    0x00000c1c   0x00000c1c   0x00000200   Code   RO          226    .text               serial_debug.o
    0x00000e1c   0x00000e1c   0x000001c4   Code   RO          262    .text               eeprom.o
    0x00000fe0   0x00000fe0   0x000000fc   Code   RO          286  * .text               startup_tm4c123.o
    0x000010dc   0x000010dc   0x0000024c   Code   RO          293    .text               system_tm4c123.o
    0x00001328   0x00001328   0x000000fe   Code   RO          323    .text               ECE353-Validate.lib(board_setup.o)
    0x00001426   0x00001426   0x00000002   PAD
    0x00001428   0x00001428   0x00000064   Code   RO          455    .text               ECE353-Validate.lib(validate_led.o)
    0x0000148c   0x0000148c   0x000002bc   Code   RO          479    .text               ECE353-Validate.lib(ice_adc.o)
    0x00001748   0x00001748   0x00000244   Code   RO          508    .text               ECE353-Validate.lib(ice_gpio_port.o)
    0x0000198c   0x0000198c   0x000002e8   Code   RO          534    .text               ECE353-Validate.lib(ice_gpiof.o)
    0x00001c74   0x00001c74   0x00000120   Code   RO          560    .text               ECE353-Validate.lib(ice_gpt.o)
    0x00001d94   0x00001d94   0x000003d8   Code   RO          587    .text               ECE353-Validate.lib(ice_systick.o)
    0x0000216c   0x0000216c   0x000001e0   Code   RO          613    .text               ECE353-Validate.lib(ice_uart_rx_irq.o)
    0x0000234c   0x0000234c   0x00000374   Code   RO          639    .text               ECE353-Validate.lib(ice_lcd.o)
    0x000026c0   0x000026c0   0x000001e0   Code   RO          666    .text               ECE353-Validate.lib(ice_uart_tx_irq.o)
    0x000028a0   0x000028a0   0x000003a8   Code   RO          692    .text               ECE353-Validate.lib(ice_spi_nordic.o)
    0x00002c48   0x00002c48   0x0000000a   Code   RO          719    .text               ECE353-Validate.lib(ice_pc_buffer.o)
    0x00002c52   0x00002c52   0x00000002   PAD
    0x00002c54   0x00002c54   0x00000068   Code   RO          743    .text               ECE353-Validate.lib(ice_intro_to_c.o)
    0x00002cbc   0x00002cbc   0x00000250   Code   RO          767    .text               ECE353-Validate.lib(ice_uart_polling.o)
    0x00002f0c   0x00002f0c   0x00000144   Code   RO          793    .text               ECE353-Validate.lib(ice_i2c_eeprom.o)
    0x00003050   0x00003050   0x0000014c   Code   RO          819    .text               ECE353-Validate.lib(ice_i2c_ft6206.o)
    0x0000319c   0x0000319c   0x000000b8   Code   RO          845    .text               ECE353-Validate.lib(validate_adc.o)
    0x00003254   0x00003254   0x000001a0   Code   RO          869    .text               ECE353-Validate.lib(validate_gpio.o)
    0x000033f4   0x000033f4   0x00000400   Code   RO          893    .text               ECE353-Validate.lib(validate_uart.o)
    0x000037f4   0x000037f4   0x00000114   Code   RO          918    .text               ECE353-Validate.lib(validate_gp_timer.o)
    0x00003908   0x00003908   0x000000f6   Code   RO          942    .text               ECE353-Validate.lib(validate_spi.o)
    0x000039fe   0x000039fe   0x00000002   PAD
    0x00003a00   0x00003a00   0x000001cc   Code   RO          966    .text               ECE353-Validate.lib(validate_sysctl.o)
    0x00003bcc   0x00003bcc   0x0000002c   Code   RO         1294    .text               mc_w.l(uidiv.o)
    0x00003bf8   0x00003bf8   0x00000024   Code   RO         1315    .text               mc_w.l(init.o)
    0x00003c1c   0x00003c1c   0x0000005e   Code   RO         1333    .text               mc_w.l(__dclz77c.o)
    0x00003c7a   0x00003c7a   0x00000002   PAD
    0x00003c7c   0x00003c7c   0x00000020   Code   RO         1146    i.__0printf$6       mc_w.l(printf6.o)
    0x00003c9c   0x00003c9c   0x00000028   Code   RO         1148    i.__0sprintf$6      mc_w.l(printf6.o)
    0x00003cc4   0x00003cc4   0x0000000e   Code   RO         1327    i.__scatterload_copy  mc_w.l(handlers.o)
    0x00003cd2   0x00003cd2   0x00000002   Code   RO         1328    i.__scatterload_null  mc_w.l(handlers.o)
    0x00003cd4   0x00003cd4   0x0000000e   Code   RO         1329    i.__scatterload_zeroinit  mc_w.l(handlers.o)
    0x00003ce2   0x00003ce2   0x00000002   PAD
    0x00003ce4   0x00003ce4   0x000002f0   Code   RO         1153    i._printf_core      mc_w.l(printf6.o)
    0x00003fd4   0x00003fd4   0x00000024   Code   RO         1154    i._printf_post_padding  mc_w.l(printf6.o)
    0x00003ff8   0x00003ff8   0x0000002e   Code   RO         1155    i._printf_pre_padding  mc_w.l(printf6.o)
    0x00004026   0x00004026   0x0000000a   Code   RO         1157    i._sputc            mc_w.l(printf6.o)
    0x00004030   0x00004030   0x0000006c   Code   RO         1253    i.malloc            mc_w.l(malloc.o)
    0x0000409c   0x0000409c   0x0000005c   Data   RO          894    .conststring        ECE353-Validate.lib(validate_uart.o)
    0x000040f8   0x000040f8   0x00000020   Data   RO         1325    Region$$Table       anon$$obj.o


    Execution Region ER_RW (Exec base: 0x20000000, Load base: 0x00004118, Size: 0x000003b8, Max: 0xffffffff, ABSOLUTE, COMPRESSED[0x000000ec])

    Exec Addr    Load Addr    Size         Type   Attr      Idx    E Section Name        Object

    0x20000000   COMPRESSED   0x00000002   Data   RW          228    .data               serial_debug.o
    0x20000002   COMPRESSED   0x00000002   PAD
    0x20000004   COMPRESSED   0x00000004   Data   RW          294    .data               system_tm4c123.o
    0x20000008   COMPRESSED   0x00000028   Data   RW          480    .data               ECE353-Validate.lib(ice_adc.o)
    0x20000030   COMPRESSED   0x000000f0   Data   RW          509    .data               ECE353-Validate.lib(ice_gpio_port.o)
    0x20000120   COMPRESSED   0x00000064   Data   RW          535    .data               ECE353-Validate.lib(ice_gpiof.o)
    0x20000184   COMPRESSED   0x00000028   Data   RW          588    .data               ECE353-Validate.lib(ice_systick.o)
    0x200001ac   COMPRESSED   0x00000040   Data   RW          614    .data               ECE353-Validate.lib(ice_uart_rx_irq.o)
    0x200001ec   COMPRESSED   0x00000078   Data   RW          640    .data               ECE353-Validate.lib(ice_lcd.o)
    0x20000264   COMPRESSED   0x00000040   Data   RW          667    .data               ECE353-Validate.lib(ice_uart_tx_irq.o)
    0x200002a4   COMPRESSED   0x00000078   Data   RW          693    .data               ECE353-Validate.lib(ice_spi_nordic.o)
    0x2000031c   COMPRESSED   0x00000040   Data   RW          768    .data               ECE353-Validate.lib(ice_uart_polling.o)
    0x2000035c   COMPRESSED   0x00000028   Data   RW          794    .data               ECE353-Validate.lib(ice_i2c_eeprom.o)
    0x20000384   COMPRESSED   0x00000028   Data   RW          820    .data               ECE353-Validate.lib(ice_i2c_ft6206.o)
    0x200003ac   COMPRESSED   0x00000004   Data   RW          990    .data               mc_w.l(stdout.o)
    0x200003b0   COMPRESSED   0x00000004   Data   RW         1302    .data               mc_w.l(mvars.o)
    0x200003b4   COMPRESSED   0x00000004   Data   RW         1303    .data               mc_w.l(mvars.o)


    Execution Region ER_ZI (Exec base: 0x200003b8, Load base: 0x00004204, Size: 0x00002020, Max: 0xffffffff, ABSOLUTE)

    Exec Addr    Load Addr    Size         Type   Attr      Idx    E Section Name        Object

    0x200003b8        -       0x0000001c   Zero   RW          227    .bss                serial_debug.o
    0x200003d4   0x00004204   0x00000004   PAD
    0x200003d8        -       0x00000000   Zero   RW          284    HEAP                startup_tm4c123.o
    0x200003d8        -       0x00002000   Zero   RW          283    STACK               startup_tm4c123.o


==============================================================================

Image component sizes


      Code (inc. data)   RO Data    RW Data    ZI Data      Debug   Object Name

       452          4          0          0          0       2153   eeprom.o
       728         32          0          0          0       5318   gpio_port.o
       520         24          0          0          0       3705   i2c.o
       416        188          0          0          0      29230   main.o
       124          0          0          0          0       1967   pc_buffer.o
       512         24          0          2         28       5749   serial_debug.o
       252         10        620          0       8192       5456   startup_tm4c123.o
       588        134          0          4          0       1585   system_tm4c123.o
       672         52          0          0          0      33591   uart.o

    ----------------------------------------------------------------------
      4264        468        652          8       8224      88754   Object Totals
         0          0         32          0          0          0   (incl. Generated)
         0          0          0          2          4          0   (incl. Padding)

    ----------------------------------------------------------------------

      Code (inc. data)   RO Data    RW Data    ZI Data      Debug   Library Member Name

       254         14          0          0          0      28591   board_setup.o
       700        300          0         40          0       1627   ice_adc.o
       580        230          0        240          0       1873   ice_gpio_port.o
       744        344          0        100          0       1213   ice_gpiof.o
       288         94          0          0          0        969   ice_gpt.o
       324        108          0         40          0       1344   ice_i2c_eeprom.o
       332        108          0         40          0       1347   ice_i2c_ft6206.o
       104         20          0          0          0        574   ice_intro_to_c.o
       884        420          0        120          0       1315   ice_lcd.o
        10          0          0          0          0        529   ice_pc_buffer.o
       936        444          0        120          0       1261   ice_spi_nordic.o
       984        366          0         40          0       2275   ice_systick.o
       592        190          0         64          0       1552   ice_uart_polling.o
       480        202          0         64          0        983   ice_uart_rx_irq.o
       480        202          0         64          0        983   ice_uart_tx_irq.o
       184          4          0          0          0       2029   validate_adc.o
       276         10          0          0          0       2452   validate_gp_timer.o
       416         10          0          0          0       3599   validate_gpio.o
       100         18          0          0          0        652   validate_led.o
       246          0          0          0          0       2538   validate_spi.o
       460         38          0          0          0       2598   validate_sysctl.o
      1024        150         92          0          0       5586   validate_uart.o
        94          0          0          0          0          0   __dclz77c.o
         0          0          0          0          0          0   entry.o
         0          0          0          0          0          0   entry10a.o
         0          0          0          0          0          0   entry11a.o
         8          4          0          0          0          0   entry2.o
         4          0          0          0          0          0   entry5.o
         0          0          0          0          0          0   entry7b.o
         0          0          0          0          0          0   entry8b.o
         8          4          0          0          0          0   entry9a.o
        30          0          0          0          0          0   handlers.o
        36          8          0          0          0         68   init.o
       108         16          0          0          0         84   malloc.o
         0          0          0          8          0          0   mvars.o
       916         20          0          0          0        504   printf6.o
         0          0          0          4          0          0   stdout.o
        44          0          0          0          0         80   uidiv.o

    ----------------------------------------------------------------------
     11656       3324         92        944          0      66626   Library Totals
        10          0          0          0          0          0   (incl. Padding)

    ----------------------------------------------------------------------

      Code (inc. data)   RO Data    RW Data    ZI Data      Debug   Library Name

     10398       3272         92        932          0      65890   ECE353-Validate.lib
      1248         52          0         12          0        736   mc_w.l

    ----------------------------------------------------------------------
     11656       3324         92        944          0      66626   Library Totals

    ----------------------------------------------------------------------

==============================================================================


      Code (inc. data)   RO Data    RW Data    ZI Data      Debug   

     15920       3792        744        952       8224     151352   Grand Totals
     15920       3792        744        236       8224     151352   ELF Image Totals (compressed)
     15920       3792        744        236          0          0   ROM Totals

==============================================================================

    Total RO  Size (Code + RO Data)                16664 (  16.27kB)
    Total RW  Size (RW Data + ZI Data)              9176 (   8.96kB)
    Total ROM Size (Code + RO Data + RW Data)      16900 (  16.50kB)

==============================================================================

