Component: ARM Compiler 5.06 update 6 (build 750) Tool: armlink [4d35ed]

==============================================================================

Section Cross References

    main.o(.text) refers to malloc.o(i.free) for free
    main.o(.text) refers to project_hardware_init.o(.text) for init_hardware
    main.o(.text) refers to malloc.o(i.malloc) for malloc
    main.o(.text) refers to lcd.o(.text) for lcd_draw_image
    main.o(.text) refers to io_expander.o(.text) for io_expander_write_reg
    main.o(.text) refers to main.o(.data) for lfsr
    main.o(.text) refers to images.o(.constdata) for missleBitmaps
    project_hardware_init.o(.text) refers to main.o(.text) for DisableInterrupts
    project_hardware_init.o(.text) refers to serial_debug.o(.text) for init_serial_debug
    project_hardware_init.o(.text) refers to lcd.o(.text) for lcd_config_gpio
    project_hardware_init.o(.text) refers to ft6x06.o(.text) for ft6x06_init
    project_hardware_init.o(.text) refers to io_expander.o(.text) for io_expander_init
    project_hardware_init.o(.text) refers to timers.o(.text) for gp_hw_timer_config_32
    project_interrupts.o(.text) refers to ft6x06.o(.text) for ft6x06_read_td_status
    project_interrupts.o(.text) refers to main.o(.data) for ALERT_MISSLE
    project_interrupts.o(.text) refers to images.o(.constdata) for bombWidthPixels
    pc_buffer.o(.text) refers to malloc.o(i.malloc) for malloc
    accel.o(.text) refers to spi_select.o(.text) for spi_select_init
    accel.o(.text) refers to gpio_port.o(.text) for gpio_enable_port
    accel.o(.text) refers to spi.o(.text) for initialize_spi
    eeprom.o(.text) refers to i2c.o(.text) for i2cVerifyBaseAddr
    eeprom.o(.text) refers to gpio_port.o(.text) for gpio_enable_port
    ft6x06.o(.text) refers to i2c.o(.text) for I2CMasterBusy
    ft6x06.o(.text) refers to gpio_port.o(.text) for gpio_enable_port
    lcd.o(.text) refers to lcd.o(i.lcd_write_data_u16) for lcd_write_data_u16
    lcd.o(.text) refers to gpio_port.o(.text) for gpio_enable_port
    ps2.o(.text) refers to gpio_port.o(.text) for gpio_enable_port
    ps2.o(.text) refers to adc.o(.text) for initialize_adc
    serial_debug.o(.text) refers to gpio_port.o(.text) for gpio_enable_port
    serial_debug.o(.text) refers to pc_buffer.o(.text) for pc_buffer_init
    serial_debug.o(.text) refers to uart.o(.text) for uart_init
    serial_debug.o(.text) refers to main.o(.text) for DisableInterrupts
    serial_debug.o(.text) refers to serial_debug.o(.data) for Rx_Interrupts_Enabled
    serial_debug.o(.text) refers to serial_debug.o(.bss) for UART0_Tx_Buffer
    serial_debug.o(.text) refers to stdout.o(.data) for __stdout
    spi_select.o(.text) refers to gpio_port.o(.text) for gpio_enable_port
    io_expander.o(.text) refers to i2c.o(.text) for I2CMasterBusy
    io_expander.o(.text) refers to gpio_port.o(.text) for gpio_enable_port
    startup_tm4c123.o(RESET) refers to startup_tm4c123.o(STACK) for __initial_sp
    startup_tm4c123.o(RESET) refers to startup_tm4c123.o(.text) for Reset_Handler
    startup_tm4c123.o(RESET) refers to serial_debug.o(.text) for UART0_Handler
    startup_tm4c123.o(RESET) refers to project_interrupts.o(.text) for TIMER2A_Handler
    startup_tm4c123.o(.text) refers to system_tm4c123.o(.text) for SystemInit
    startup_tm4c123.o(.text) refers to entry.o(.ARM.Collect$$$$00000000) for __main
    system_tm4c123.o(.text) refers to system_tm4c123.o(.data) for SystemCoreClock
    entry.o(.ARM.Collect$$$$00000000) refers (Special) to entry10a.o(.ARM.Collect$$$$0000000D) for __rt_final_cpp
    entry.o(.ARM.Collect$$$$00000000) refers (Special) to entry11a.o(.ARM.Collect$$$$0000000F) for __rt_final_exit
    entry.o(.ARM.Collect$$$$00000000) refers (Special) to entry7b.o(.ARM.Collect$$$$00000008) for _main_clock
    entry.o(.ARM.Collect$$$$00000000) refers (Special) to entry8b.o(.ARM.Collect$$$$0000000A) for _main_cpp_init
    entry.o(.ARM.Collect$$$$00000000) refers (Special) to entry9a.o(.ARM.Collect$$$$0000000B) for _main_init
    entry.o(.ARM.Collect$$$$00000000) refers (Special) to entry5.o(.ARM.Collect$$$$00000004) for _main_scatterload
    entry.o(.ARM.Collect$$$$00000000) refers (Special) to entry2.o(.ARM.Collect$$$$00000001) for _main_stk
    malloc.o(i.free) refers to mvars.o(.data) for __microlib_freelist
    malloc.o(i.malloc) refers to mvars.o(.data) for __microlib_freelist_initialised
    malloc.o(i.malloc) refers to mvars.o(.data) for __microlib_freelist
    malloc.o(i.malloc) refers to startup_tm4c123.o(HEAP) for __heap_base
    mallocr.o(i.__free$realloc) refers to mvars.o(.data) for __microlib_freelist
    mallocr.o(i.__malloc$realloc) refers to mallocr.o(i.internal_alloc) for internal_alloc
    mallocr.o(i.__malloc$realloc) refers to mvars.o(.data) for __microlib_freelist_initialised
    mallocr.o(i.__malloc$realloc) refers to startup_tm4c123.o(HEAP) for __heap_base
    mallocr.o(i.__malloc$realloc) refers to mvars.o(.data) for __microlib_freelist
    mallocr.o(i.internal_alloc) refers to memcpya.o(.text) for __aeabi_memcpy
    mallocr.o(i.internal_alloc) refers to mvars.o(.data) for __microlib_freelist
    mallocr.o(i.realloc) refers to mallocr.o(i.__free$realloc) for __free$realloc
    mallocr.o(i.realloc) refers to mallocr.o(i.internal_alloc) for internal_alloc
    mallocr.o(i.realloc) refers to mallocr.o(i.__malloc$realloc) for __malloc$realloc
    mallocr.o(i.realloc) refers to mvars.o(.data) for __microlib_freelist
    malloca.o(i.__aligned_malloc) refers to mvars.o(.data) for __microlib_freelist_initialised
    malloca.o(i.__aligned_malloc) refers to mvars.o(.data) for __microlib_freelist
    malloca.o(i.__aligned_malloc) refers to startup_tm4c123.o(HEAP) for __heap_base
    malloca.o(i.__free$memalign) refers to mvars.o(.data) for __microlib_freelist
    malloca.o(i.__malloc$memalign) refers to malloca.o(i.__aligned_malloc) for __aligned_malloc
    mallocra.o(i.__aligned_malloc$realloc) refers to mallocra.o(i.internal_alloc) for internal_alloc
    mallocra.o(i.__aligned_malloc$realloc) refers to mvars.o(.data) for __microlib_freelist_initialised
    mallocra.o(i.__aligned_malloc$realloc) refers to startup_tm4c123.o(HEAP) for __heap_base
    mallocra.o(i.__aligned_malloc$realloc) refers to mvars.o(.data) for __microlib_freelist
    mallocra.o(i.__free$realloc$memalign) refers to mvars.o(.data) for __microlib_freelist
    mallocra.o(i.__malloc$realloc$memalign) refers to mallocra.o(i.__aligned_malloc$realloc) for __aligned_malloc$realloc
    mallocra.o(i.__realloc$memalign) refers to mallocra.o(i.__free$realloc$memalign) for __free$realloc$memalign
    mallocra.o(i.__realloc$memalign) refers to mallocra.o(i.internal_alloc) for internal_alloc
    mallocra.o(i.__realloc$memalign) refers to mallocra.o(i.__malloc$realloc$memalign) for __malloc$realloc$memalign
    mallocra.o(i.__realloc$memalign) refers to mvars.o(.data) for __microlib_freelist
    mallocra.o(i.internal_alloc) refers to memcpya.o(.text) for __aeabi_memcpy
    mallocra.o(i.internal_alloc) refers to mvars.o(.data) for __microlib_freelist
    entry2.o(.ARM.Collect$$$$00000001) refers to entry2.o(.ARM.Collect$$$$00002712) for __lit__00000000
    entry2.o(.ARM.Collect$$$$00002712) refers to startup_tm4c123.o(STACK) for __initial_sp
    entry2.o(__vectab_stack_and_reset_area) refers to startup_tm4c123.o(STACK) for __initial_sp
    entry2.o(__vectab_stack_and_reset_area) refers to entry.o(.ARM.Collect$$$$00000000) for __main
    entry5.o(.ARM.Collect$$$$00000004) refers to init.o(.text) for __scatterload
    entry9a.o(.ARM.Collect$$$$0000000B) refers to main.o(.text) for main
    entry9b.o(.ARM.Collect$$$$0000000C) refers to main.o(.text) for main
    init.o(.text) refers to entry5.o(.ARM.Collect$$$$00000004) for __main_after_scatterload


==============================================================================

Removing Unused input sections from the image.

    Removing main.o(.rev16_text), (4 bytes).
    Removing main.o(.revsh_text), (4 bytes).
    Removing main.o(.rrx_text), (6 bytes).
    Removing project_hardware_init.o(.rev16_text), (4 bytes).
    Removing project_hardware_init.o(.revsh_text), (4 bytes).
    Removing project_hardware_init.o(.rrx_text), (6 bytes).
    Removing project_interrupts.o(.rev16_text), (4 bytes).
    Removing project_interrupts.o(.revsh_text), (4 bytes).
    Removing project_interrupts.o(.rrx_text), (6 bytes).
    Removing adc.o(.rev16_text), (4 bytes).
    Removing adc.o(.revsh_text), (4 bytes).
    Removing adc.o(.rrx_text), (6 bytes).
    Removing adc.o(.text), (152 bytes).
    Removing gpio_port.o(.rev16_text), (4 bytes).
    Removing gpio_port.o(.revsh_text), (4 bytes).
    Removing gpio_port.o(.rrx_text), (6 bytes).
    Removing i2c.o(.rev16_text), (4 bytes).
    Removing i2c.o(.revsh_text), (4 bytes).
    Removing i2c.o(.rrx_text), (6 bytes).
    Removing spi.o(.rev16_text), (4 bytes).
    Removing spi.o(.revsh_text), (4 bytes).
    Removing spi.o(.rrx_text), (6 bytes).
    Removing spi.o(.text), (352 bytes).
    Removing timers.o(.rev16_text), (4 bytes).
    Removing timers.o(.revsh_text), (4 bytes).
    Removing timers.o(.rrx_text), (6 bytes).
    Removing uart.o(.rev16_text), (4 bytes).
    Removing uart.o(.revsh_text), (4 bytes).
    Removing uart.o(.rrx_text), (6 bytes).
    Removing accel.o(.rev16_text), (4 bytes).
    Removing accel.o(.revsh_text), (4 bytes).
    Removing accel.o(.rrx_text), (6 bytes).
    Removing accel.o(.text), (224 bytes).
    Removing eeprom.o(.rev16_text), (4 bytes).
    Removing eeprom.o(.revsh_text), (4 bytes).
    Removing eeprom.o(.rrx_text), (6 bytes).
    Removing eeprom.o(.text), (452 bytes).
    Removing ft6x06.o(.rev16_text), (4 bytes).
    Removing ft6x06.o(.revsh_text), (4 bytes).
    Removing ft6x06.o(.rrx_text), (6 bytes).
    Removing launchpad_io.o(.rev16_text), (4 bytes).
    Removing launchpad_io.o(.revsh_text), (4 bytes).
    Removing launchpad_io.o(.rrx_text), (6 bytes).
    Removing launchpad_io.o(.text), (192 bytes).
    Removing lcd.o(.rev16_text), (4 bytes).
    Removing lcd.o(.revsh_text), (4 bytes).
    Removing lcd.o(.rrx_text), (6 bytes).
    Removing ps2.o(.rev16_text), (4 bytes).
    Removing ps2.o(.revsh_text), (4 bytes).
    Removing ps2.o(.rrx_text), (6 bytes).
    Removing ps2.o(.text), (112 bytes).
    Removing serial_debug.o(.rev16_text), (4 bytes).
    Removing serial_debug.o(.revsh_text), (4 bytes).
    Removing serial_debug.o(.rrx_text), (6 bytes).
    Removing spi_select.o(.rev16_text), (4 bytes).
    Removing spi_select.o(.revsh_text), (4 bytes).
    Removing spi_select.o(.rrx_text), (6 bytes).
    Removing spi_select.o(.text), (164 bytes).
    Removing ws2812b.o(FLASH), (160 bytes).
    Removing io_expander.o(.rev16_text), (4 bytes).
    Removing io_expander.o(.revsh_text), (4 bytes).
    Removing io_expander.o(.rrx_text), (6 bytes).
    Removing system_tm4c123.o(.rev16_text), (4 bytes).
    Removing system_tm4c123.o(.revsh_text), (4 bytes).
    Removing system_tm4c123.o(.rrx_text), (6 bytes).

65 unused section(s) (total 2074 bytes) removed from the image.

==============================================================================

Image Symbol Table

    Local Symbols

    Symbol Name                              Value     Ov Type        Size  Object(Section)

    RESET                                    0x00000000   Section      620  startup_tm4c123.o(RESET)
    ../clib/microlib/init/entry.s            0x00000000   Number         0  entry5.o ABSOLUTE
    ../clib/microlib/init/entry.s            0x00000000   Number         0  entry8b.o ABSOLUTE
    ../clib/microlib/init/entry.s            0x00000000   Number         0  entry8a.o ABSOLUTE
    ../clib/microlib/init/entry.s            0x00000000   Number         0  entry7b.o ABSOLUTE
    ../clib/microlib/init/entry.s            0x00000000   Number         0  entry2.o ABSOLUTE
    ../clib/microlib/init/entry.s            0x00000000   Number         0  entry7a.o ABSOLUTE
    ../clib/microlib/init/entry.s            0x00000000   Number         0  entry11b.o ABSOLUTE
    ../clib/microlib/init/entry.s            0x00000000   Number         0  entry11a.o ABSOLUTE
    ../clib/microlib/init/entry.s            0x00000000   Number         0  entry9b.o ABSOLUTE
    ../clib/microlib/init/entry.s            0x00000000   Number         0  entry10b.o ABSOLUTE
    ../clib/microlib/init/entry.s            0x00000000   Number         0  entry10a.o ABSOLUTE
    ../clib/microlib/init/entry.s            0x00000000   Number         0  entry9a.o ABSOLUTE
    ../clib/microlib/init/entry.s            0x00000000   Number         0  entry.o ABSOLUTE
    ../clib/microlib/malloc/malloc.c         0x00000000   Number         0  mallocr.o ABSOLUTE
    ../clib/microlib/malloc/malloc.c         0x00000000   Number         0  malloca.o ABSOLUTE
    ../clib/microlib/malloc/malloc.c         0x00000000   Number         0  mallocra.o ABSOLUTE
    ../clib/microlib/malloc/malloc.c         0x00000000   Number         0  malloc.o ABSOLUTE
    ../clib/microlib/malloc/mvars.c          0x00000000   Number         0  mvars.o ABSOLUTE
    ../clib/microlib/stdio/streams.c         0x00000000   Number         0  stdout.o ABSOLUTE
    ../clib/microlib/string/memcpy.c         0x00000000   Number         0  memcpya.o ABSOLUTE
    ../clib/microlib/string/memcpy.c         0x00000000   Number         0  memcpyb.o ABSOLUTE
    ..\\drivers\\c\\adc.c                    0x00000000   Number         0  adc.o ABSOLUTE
    ..\\drivers\\c\\gpio_port.c              0x00000000   Number         0  gpio_port.o ABSOLUTE
    ..\\drivers\\c\\i2c.c                    0x00000000   Number         0  i2c.o ABSOLUTE
    ..\\drivers\\c\\spi.c                    0x00000000   Number         0  spi.o ABSOLUTE
    ..\\drivers\\c\\timers.c                 0x00000000   Number         0  timers.o ABSOLUTE
    ..\\drivers\\c\\uart.c                   0x00000000   Number         0  uart.o ABSOLUTE
    ..\\peripherals\\c\\accel.c              0x00000000   Number         0  accel.o ABSOLUTE
    ..\\peripherals\\c\\eeprom.c             0x00000000   Number         0  eeprom.o ABSOLUTE
    ..\\peripherals\\c\\ft6x06.c             0x00000000   Number         0  ft6x06.o ABSOLUTE
    ..\\peripherals\\c\\launchpad_io.c       0x00000000   Number         0  launchpad_io.o ABSOLUTE
    ..\\peripherals\\c\\lcd.c                0x00000000   Number         0  lcd.o ABSOLUTE
    ..\\peripherals\\c\\ps2.c                0x00000000   Number         0  ps2.o ABSOLUTE
    ..\\peripherals\\c\\serial_debug.c       0x00000000   Number         0  serial_debug.o ABSOLUTE
    ..\\peripherals\\c\\spi_select.c         0x00000000   Number         0  spi_select.o ABSOLUTE
    ..\drivers\c\adc.c                       0x00000000   Number         0  adc.o ABSOLUTE
    ..\drivers\c\gpio_port.c                 0x00000000   Number         0  gpio_port.o ABSOLUTE
    ..\drivers\c\i2c.c                       0x00000000   Number         0  i2c.o ABSOLUTE
    ..\drivers\c\pc_buffer.c                 0x00000000   Number         0  pc_buffer.o ABSOLUTE
    ..\drivers\c\spi.c                       0x00000000   Number         0  spi.o ABSOLUTE
    ..\drivers\c\timers.c                    0x00000000   Number         0  timers.o ABSOLUTE
    ..\drivers\c\uart.c                      0x00000000   Number         0  uart.o ABSOLUTE
    ..\peripherals\c\accel.c                 0x00000000   Number         0  accel.o ABSOLUTE
    ..\peripherals\c\eeprom.c                0x00000000   Number         0  eeprom.o ABSOLUTE
    ..\peripherals\c\ft6x06.c                0x00000000   Number         0  ft6x06.o ABSOLUTE
    ..\peripherals\c\launchpad_io.c          0x00000000   Number         0  launchpad_io.o ABSOLUTE
    ..\peripherals\c\lcd.c                   0x00000000   Number         0  lcd.o ABSOLUTE
    ..\peripherals\c\ps2.c                   0x00000000   Number         0  ps2.o ABSOLUTE
    ..\peripherals\c\serial_debug.c          0x00000000   Number         0  serial_debug.o ABSOLUTE
    ..\peripherals\c\spi_select.c            0x00000000   Number         0  spi_select.o ABSOLUTE
    ..\peripherals\c\ws2812b.s               0x00000000   Number         0  ws2812b.o ABSOLUTE
    RTE\Device\TM4C123GH6PM\startup_TM4C123.s 0x00000000   Number         0  startup_tm4c123.o ABSOLUTE
    RTE\Device\TM4C123GH6PM\system_TM4C123.c 0x00000000   Number         0  system_tm4c123.o ABSOLUTE
    RTE\\Device\\TM4C123GH6PM\\system_TM4C123.c 0x00000000   Number         0  system_tm4c123.o ABSOLUTE
    dc.s                                     0x00000000   Number         0  dc.o ABSOLUTE
    handlers.s                               0x00000000   Number         0  handlers.o ABSOLUTE
    images.c                                 0x00000000   Number         0  images.o ABSOLUTE
    init.s                                   0x00000000   Number         0  init.o ABSOLUTE
    io_expander.c                            0x00000000   Number         0  io_expander.o ABSOLUTE
    io_expander.c                            0x00000000   Number         0  io_expander.o ABSOLUTE
    main.c                                   0x00000000   Number         0  main.o ABSOLUTE
    main.c                                   0x00000000   Number         0  main.o ABSOLUTE
    project_hardware_init.c                  0x00000000   Number         0  project_hardware_init.o ABSOLUTE
    project_hardware_init.c                  0x00000000   Number         0  project_hardware_init.o ABSOLUTE
    project_interrupts.c                     0x00000000   Number         0  project_interrupts.o ABSOLUTE
    project_interrupts.c                     0x00000000   Number         0  project_interrupts.o ABSOLUTE
    .ARM.Collect$$$$00000000                 0x0000026c   Section        0  entry.o(.ARM.Collect$$$$00000000)
    .ARM.Collect$$$$00000001                 0x0000026c   Section        4  entry2.o(.ARM.Collect$$$$00000001)
    .ARM.Collect$$$$00000004                 0x00000270   Section        4  entry5.o(.ARM.Collect$$$$00000004)
    .ARM.Collect$$$$00000008                 0x00000274   Section        0  entry7b.o(.ARM.Collect$$$$00000008)
    .ARM.Collect$$$$0000000A                 0x00000274   Section        0  entry8b.o(.ARM.Collect$$$$0000000A)
    .ARM.Collect$$$$0000000B                 0x00000274   Section        8  entry9a.o(.ARM.Collect$$$$0000000B)
    .ARM.Collect$$$$0000000D                 0x0000027c   Section        0  entry10a.o(.ARM.Collect$$$$0000000D)
    .ARM.Collect$$$$0000000F                 0x0000027c   Section        0  entry11a.o(.ARM.Collect$$$$0000000F)
    .ARM.Collect$$$$00002712                 0x0000027c   Section        4  entry2.o(.ARM.Collect$$$$00002712)
    __lit__00000000                          0x0000027c   Data           4  entry2.o(.ARM.Collect$$$$00002712)
    .text                                    0x00000280   Section        0  main.o(.text)
    .text                                    0x000004cc   Section        0  project_hardware_init.o(.text)
    .text                                    0x00000524   Section        0  project_interrupts.o(.text)
    .text                                    0x00000638   Section        0  gpio_port.o(.text)
    verify_base_addr                         0x00000639   Thumb Code    64  gpio_port.o(.text)
    .text                                    0x00000910   Section        0  i2c.o(.text)
    .text                                    0x00000b18   Section        0  pc_buffer.o(.text)
    .text                                    0x00000b94   Section        0  timers.o(.text)
    verify_base_addr                         0x00000b95   Thumb Code    64  timers.o(.text)
    get_clock_masks                          0x00000bd5   Thumb Code   106  timers.o(.text)
    .text                                    0x00000e90   Section        0  uart.o(.text)
    .text                                    0x00001130   Section        0  ft6x06.o(.text)
    ft6x06_set_addr                          0x00001131   Thumb Code    52  ft6x06.o(.text)
    ft6x06_read_data                         0x00001165   Thumb Code    52  ft6x06.o(.text)
    .text                                    0x00001338   Section        0  lcd.o(.text)
    delayms                                  0x00001339   Thumb Code    26  lcd.o(.text)
    lcd_write_cmd_u8                         0x00001353   Thumb Code    40  lcd.o(.text)
    lcd_write_data_u8                        0x0000137b   Thumb Code    28  lcd.o(.text)
    .text                                    0x000017f4   Section        0  serial_debug.o(.text)
    .text                                    0x000019f4   Section        0  io_expander.o(.text)
    .text                                    0x00001bc8   Section      252  startup_tm4c123.o(.text)
    $v0                                      0x00001bc8   Number         0  startup_tm4c123.o(.text)
    .text                                    0x00001cc4   Section        0  system_tm4c123.o(.text)
    getOscClk                                0x00001cc5   Thumb Code   182  system_tm4c123.o(.text)
    .text                                    0x00001f14   Section       36  init.o(.text)
    i.__scatterload_copy                     0x00001f38   Section       14  handlers.o(i.__scatterload_copy)
    i.__scatterload_null                     0x00001f46   Section        2  handlers.o(i.__scatterload_null)
    i.__scatterload_zeroinit                 0x00001f48   Section       14  handlers.o(i.__scatterload_zeroinit)
    i.free                                   0x00001f58   Section        0  malloc.o(i.free)
    i.lcd_write_data_u16                     0x00001fa8   Section        0  lcd.o(i.lcd_write_data_u16)
    i.malloc                                 0x00001fe4   Section        0  malloc.o(i.malloc)
    .constdata                               0x00002050   Section     1248  images.o(.constdata)
    .data                                    0x20000000   Section       18  main.o(.data)
    lfsr                                     0x20000010   Data           2  main.o(.data)
    .data                                    0x20000012   Section        2  serial_debug.o(.data)
    Rx_Interrupts_Enabled                    0x20000012   Data           1  serial_debug.o(.data)
    Tx_Interrupts_Enabled                    0x20000013   Data           1  serial_debug.o(.data)
    .data                                    0x20000014   Section        4  system_tm4c123.o(.data)
    .data                                    0x20000018   Section        4  stdout.o(.data)
    .data                                    0x2000001c   Section        4  mvars.o(.data)
    .data                                    0x20000020   Section        4  mvars.o(.data)
    .bss                                     0x20000024   Section       28  serial_debug.o(.bss)
    HEAP                                     0x20000040   Section        0  startup_tm4c123.o(HEAP)
    STACK                                    0x20000040   Section     4096  startup_tm4c123.o(STACK)

    Global Symbols

    Symbol Name                              Value     Ov Type        Size  Object(Section)

    BuildAttributes$$THM_ISAv4$E$P$D$K$B$S$7EM$VFPi3$EXTD16$VFPS$VFMA$PE$A:L22UL41UL21$X:L11$S22US41US21$IEEE1$IW$USESV6$~STKCKD$USESV7$~SHL$OSPACE$EBA8$MICROLIB$REQ8$EABIv2 0x00000000   Number         0  anon$$obj.o ABSOLUTE
    __ARM_use_no_argv                        0x00000000   Number         0  main.o ABSOLUTE
    __Vectors                                0x00000000   Data           4  startup_tm4c123.o(RESET)
    __cpp_initialize__aeabi_                  - Undefined Weak Reference
    __cxa_finalize                            - Undefined Weak Reference
    __decompress                              - Undefined Weak Reference
    _clock_init                               - Undefined Weak Reference
    _microlib_exit                            - Undefined Weak Reference
    __Vectors_End                            0x0000026c   Data           0  startup_tm4c123.o(RESET)
    __Vectors_Size                           0x0000026c   Number         0  startup_tm4c123.o ABSOLUTE
    __main                                   0x0000026d   Thumb Code     0  entry.o(.ARM.Collect$$$$00000000)
    _main_stk                                0x0000026d   Thumb Code     0  entry2.o(.ARM.Collect$$$$00000001)
    _main_scatterload                        0x00000271   Thumb Code     0  entry5.o(.ARM.Collect$$$$00000004)
    __main_after_scatterload                 0x00000275   Thumb Code     0  entry5.o(.ARM.Collect$$$$00000004)
    _main_clock                              0x00000275   Thumb Code     0  entry7b.o(.ARM.Collect$$$$00000008)
    _main_cpp_init                           0x00000275   Thumb Code     0  entry8b.o(.ARM.Collect$$$$0000000A)
    _main_init                               0x00000275   Thumb Code     0  entry9a.o(.ARM.Collect$$$$0000000B)
    __rt_final_cpp                           0x0000027d   Thumb Code     0  entry10a.o(.ARM.Collect$$$$0000000D)
    __rt_final_exit                          0x0000027d   Thumb Code     0  entry11a.o(.ARM.Collect$$$$0000000F)
    DisableInterrupts                        0x00000281   Thumb Code     4  main.o(.text)
    EnableInterrupts                         0x00000285   Thumb Code     4  main.o(.text)
    generate_random_number                   0x00000289   Thumb Code    48  main.o(.text)
    clear_node                               0x000002b9   Thumb Code    34  main.o(.text)
    main                                     0x000002db   Thumb Code   424  main.o(.text)
    init_hardware                            0x000004cd   Thumb Code    74  project_hardware_init.o(.text)
    TIMER3A_Handler                          0x00000525   Thumb Code    20  project_interrupts.o(.text)
    TIMER2A_Handler                          0x00000539   Thumb Code   196  project_interrupts.o(.text)
    GPIOF_Handler                            0x000005fd   Thumb Code    20  project_interrupts.o(.text)
    gpio_get_irq_num                         0x00000679   Thumb Code    74  gpio_port.o(.text)
    gpio_enable_port                         0x000006c3   Thumb Code   156  gpio_port.o(.text)
    gpio_config_digital_enable               0x0000075f   Thumb Code    34  gpio_port.o(.text)
    gpio_config_enable_output                0x00000781   Thumb Code    34  gpio_port.o(.text)
    gpio_config_enable_input                 0x000007a3   Thumb Code    34  gpio_port.o(.text)
    gpio_config_enable_pullup                0x000007c5   Thumb Code    34  gpio_port.o(.text)
    gpio_config_enable_pulldown              0x000007e7   Thumb Code    34  gpio_port.o(.text)
    gpio_config_analog_enable                0x00000809   Thumb Code    34  gpio_port.o(.text)
    gpio_config_alternate_function           0x0000082b   Thumb Code    34  gpio_port.o(.text)
    gpio_config_port_control                 0x0000084d   Thumb Code    50  gpio_port.o(.text)
    gpio_config_open_drain                   0x0000087f   Thumb Code    34  gpio_port.o(.text)
    gpio_config_falling_edge_irq             0x000008a1   Thumb Code    80  gpio_port.o(.text)
    initializeI2CMaster                      0x00000911   Thumb Code   160  i2c.o(.text)
    i2cVerifyBaseAddr                        0x000009b1   Thumb Code    36  i2c.o(.text)
    i2cSetSlaveAddr                          0x000009d5   Thumb Code    30  i2c.o(.text)
    i2cStop                                  0x000009f3   Thumb Code    26  i2c.o(.text)
    I2CMasterBusy                            0x00000a0d   Thumb Code    34  i2c.o(.text)
    I2CMasterAdrAck                          0x00000a2f   Thumb Code    34  i2c.o(.text)
    I2CMasterDatAck                          0x00000a51   Thumb Code    34  i2c.o(.text)
    i2cSendByte                              0x00000a73   Thumb Code    82  i2c.o(.text)
    i2cGetByte                               0x00000ac5   Thumb Code    60  i2c.o(.text)
    pc_buffer_init                           0x00000b19   Thumb Code    26  pc_buffer.o(.text)
    pc_buffer_add                            0x00000b33   Thumb Code    28  pc_buffer.o(.text)
    pc_buffer_remove                         0x00000b4f   Thumb Code    30  pc_buffer.o(.text)
    pc_buffer_empty                          0x00000b6d   Thumb Code    18  pc_buffer.o(.text)
    pc_buffer_full                           0x00000b7f   Thumb Code    22  pc_buffer.o(.text)
    timer_get_irq_num                        0x00000c3f   Thumb Code    74  timers.o(.text)
    gp_timer_wait                            0x00000c89   Thumb Code    80  timers.o(.text)
    gp_timer_config_32                       0x00000cd9   Thumb Code   164  timers.o(.text)
    gp_hw_timer_config_32                    0x00000d7d   Thumb Code   252  timers.o(.text)
    verify_uart_base                         0x00000e91   Thumb Code    54  uart.o(.text)
    uart_get_rcgc_mask                       0x00000ec7   Thumb Code    68  uart.o(.text)
    uart_get_pr_mask                         0x00000f0b   Thumb Code    68  uart.o(.text)
    uart_get_irq_num                         0x00000f4f   Thumb Code    68  uart.o(.text)
    uart_tx_poll                             0x00000f93   Thumb Code    38  uart.o(.text)
    uart_tx_poll_string                      0x00000fb9   Thumb Code    50  uart.o(.text)
    uart_rx_poll                             0x00000feb   Thumb Code    70  uart.o(.text)
    uart_init                                0x00001031   Thumb Code   236  uart.o(.text)
    ft6x06_read_td_status                    0x00001199   Thumb Code    56  ft6x06.o(.text)
    ft6x06_read_x                            0x000011d1   Thumb Code    98  ft6x06.o(.text)
    ft6x06_read_y                            0x00001233   Thumb Code   100  ft6x06.o(.text)
    ft6x06_init                              0x00001297   Thumb Code   156  ft6x06.o(.text)
    lcd_set_pos                              0x00001397   Thumb Code    58  lcd.o(.text)
    lcd_clear_screen                         0x000013d1   Thumb Code    52  lcd.o(.text)
    lcd_draw_image                           0x00001405   Thumb Code   242  lcd.o(.text)
    lcd_config_gpio                          0x000014f7   Thumb Code   190  lcd.o(.text)
    lcd_config_screen                        0x000015b5   Thumb Code   570  lcd.o(.text)
    init_serial_debug                        0x000017f5   Thumb Code    90  serial_debug.o(.text)
    serial_debug_rx                          0x0000184f   Thumb Code    46  serial_debug.o(.text)
    serial_debug_tx                          0x0000187d   Thumb Code    84  serial_debug.o(.text)
    fputc                                    0x000018d1   Thumb Code    66  serial_debug.o(.text)
    fgetc                                    0x00001913   Thumb Code    50  serial_debug.o(.text)
    UART0_Handler                            0x00001945   Thumb Code   152  serial_debug.o(.text)
    io_expander_write_reg                    0x000019f5   Thumb Code    50  io_expander.o(.text)
    io_expander_read_reg                     0x00001a27   Thumb Code    94  io_expander.o(.text)
    io_expander_init                         0x00001a85   Thumb Code   308  io_expander.o(.text)
    Reset_Handler                            0x00001bc9   Thumb Code     8  startup_tm4c123.o(.text)
    NMI_Handler                              0x00001bd1   Thumb Code     2  startup_tm4c123.o(.text)
    HardFault_Handler                        0x00001bd3   Thumb Code     2  startup_tm4c123.o(.text)
    MemManage_Handler                        0x00001bd5   Thumb Code     2  startup_tm4c123.o(.text)
    BusFault_Handler                         0x00001bd7   Thumb Code     2  startup_tm4c123.o(.text)
    UsageFault_Handler                       0x00001bd9   Thumb Code     2  startup_tm4c123.o(.text)
    SVC_Handler                              0x00001bdb   Thumb Code     2  startup_tm4c123.o(.text)
    DebugMon_Handler                         0x00001bdd   Thumb Code     2  startup_tm4c123.o(.text)
    PendSV_Handler                           0x00001bdf   Thumb Code     2  startup_tm4c123.o(.text)
    SysTick_Handler                          0x00001be1   Thumb Code     2  startup_tm4c123.o(.text)
    GPIOA_Handler                            0x00001be3   Thumb Code     2  startup_tm4c123.o(.text)
    GPIOB_Handler                            0x00001be5   Thumb Code     2  startup_tm4c123.o(.text)
    GPIOC_Handler                            0x00001be7   Thumb Code     2  startup_tm4c123.o(.text)
    GPIOD_Handler                            0x00001be9   Thumb Code     2  startup_tm4c123.o(.text)
    GPIOE_Handler                            0x00001beb   Thumb Code     2  startup_tm4c123.o(.text)
    UART1_Handler                            0x00001bef   Thumb Code     2  startup_tm4c123.o(.text)
    SSI0_Handler                             0x00001bf1   Thumb Code     2  startup_tm4c123.o(.text)
    I2C0_Handler                             0x00001bf3   Thumb Code     2  startup_tm4c123.o(.text)
    PMW0_FAULT_Handler                       0x00001bf5   Thumb Code     2  startup_tm4c123.o(.text)
    PWM0_0_Handler                           0x00001bf7   Thumb Code     2  startup_tm4c123.o(.text)
    PWM0_1_Handler                           0x00001bf9   Thumb Code     2  startup_tm4c123.o(.text)
    PWM0_2_Handler                           0x00001bfb   Thumb Code     2  startup_tm4c123.o(.text)
    QEI0_Handler                             0x00001bfd   Thumb Code     2  startup_tm4c123.o(.text)
    ADC0SS0_Handler                          0x00001bff   Thumb Code     2  startup_tm4c123.o(.text)
    ADC0SS1_Handler                          0x00001c01   Thumb Code     2  startup_tm4c123.o(.text)
    ADC0SS2_Handler                          0x00001c03   Thumb Code     2  startup_tm4c123.o(.text)
    ADC0SS3_Handler                          0x00001c05   Thumb Code     2  startup_tm4c123.o(.text)
    WDT0_Handler                             0x00001c07   Thumb Code     2  startup_tm4c123.o(.text)
    TIMER0A_Handler                          0x00001c09   Thumb Code     2  startup_tm4c123.o(.text)
    TIMER0B_Handler                          0x00001c0b   Thumb Code     2  startup_tm4c123.o(.text)
    TIMER1A_Handler                          0x00001c0d   Thumb Code     2  startup_tm4c123.o(.text)
    TIMER1B_Handler                          0x00001c0f   Thumb Code     2  startup_tm4c123.o(.text)
    TIMER2B_Handler                          0x00001c13   Thumb Code     2  startup_tm4c123.o(.text)
    COMP0_Handler                            0x00001c15   Thumb Code     2  startup_tm4c123.o(.text)
    COMP1_Handler                            0x00001c17   Thumb Code     2  startup_tm4c123.o(.text)
    COMP2_Handler                            0x00001c19   Thumb Code     2  startup_tm4c123.o(.text)
    SYSCTL_Handler                           0x00001c1b   Thumb Code     2  startup_tm4c123.o(.text)
    FLASH_Handler                            0x00001c1d   Thumb Code     2  startup_tm4c123.o(.text)
    GPIOG_Handler                            0x00001c21   Thumb Code     2  startup_tm4c123.o(.text)
    GPIOH_Handler                            0x00001c23   Thumb Code     2  startup_tm4c123.o(.text)
    UART2_Handler                            0x00001c25   Thumb Code     2  startup_tm4c123.o(.text)
    SSI1_Handler                             0x00001c27   Thumb Code     2  startup_tm4c123.o(.text)
    TIMER3B_Handler                          0x00001c2b   Thumb Code     2  startup_tm4c123.o(.text)
    I2C1_Handler                             0x00001c2d   Thumb Code     2  startup_tm4c123.o(.text)
    QEI1_Handler                             0x00001c2f   Thumb Code     2  startup_tm4c123.o(.text)
    CAN0_Handler                             0x00001c31   Thumb Code     2  startup_tm4c123.o(.text)
    CAN1_Handler                             0x00001c33   Thumb Code     2  startup_tm4c123.o(.text)
    CAN2_Handler                             0x00001c35   Thumb Code     2  startup_tm4c123.o(.text)
    HIB_Handler                              0x00001c37   Thumb Code     2  startup_tm4c123.o(.text)
    USB0_Handler                             0x00001c39   Thumb Code     2  startup_tm4c123.o(.text)
    PWM0_3_Handler                           0x00001c3b   Thumb Code     2  startup_tm4c123.o(.text)
    UDMA_Handler                             0x00001c3d   Thumb Code     2  startup_tm4c123.o(.text)
    UDMAERR_Handler                          0x00001c3f   Thumb Code     2  startup_tm4c123.o(.text)
    ADC1SS0_Handler                          0x00001c41   Thumb Code     2  startup_tm4c123.o(.text)
    ADC1SS1_Handler                          0x00001c43   Thumb Code     2  startup_tm4c123.o(.text)
    ADC1SS2_Handler                          0x00001c45   Thumb Code     2  startup_tm4c123.o(.text)
    ADC1SS3_Handler                          0x00001c47   Thumb Code     2  startup_tm4c123.o(.text)
    GPIOJ_Handler                            0x00001c49   Thumb Code     2  startup_tm4c123.o(.text)
    GPIOK_Handler                            0x00001c4b   Thumb Code     2  startup_tm4c123.o(.text)
    GPIOL_Handler                            0x00001c4d   Thumb Code     2  startup_tm4c123.o(.text)
    SSI2_Handler                             0x00001c4f   Thumb Code     2  startup_tm4c123.o(.text)
    SSI3_Handler                             0x00001c51   Thumb Code     2  startup_tm4c123.o(.text)
    UART3_Handler                            0x00001c53   Thumb Code     2  startup_tm4c123.o(.text)
    UART4_Handler                            0x00001c55   Thumb Code     2  startup_tm4c123.o(.text)
    UART5_Handler                            0x00001c57   Thumb Code     2  startup_tm4c123.o(.text)
    UART6_Handler                            0x00001c59   Thumb Code     2  startup_tm4c123.o(.text)
    UART7_Handler                            0x00001c5b   Thumb Code     2  startup_tm4c123.o(.text)
    I2C2_Handler                             0x00001c5d   Thumb Code     2  startup_tm4c123.o(.text)
    I2C3_Handler                             0x00001c5f   Thumb Code     2  startup_tm4c123.o(.text)
    TIMER4A_Handler                          0x00001c61   Thumb Code     2  startup_tm4c123.o(.text)
    TIMER4B_Handler                          0x00001c63   Thumb Code     2  startup_tm4c123.o(.text)
    TIMER5A_Handler                          0x00001c65   Thumb Code     2  startup_tm4c123.o(.text)
    TIMER5B_Handler                          0x00001c67   Thumb Code     2  startup_tm4c123.o(.text)
    WTIMER0A_Handler                         0x00001c69   Thumb Code     2  startup_tm4c123.o(.text)
    WTIMER0B_Handler                         0x00001c6b   Thumb Code     2  startup_tm4c123.o(.text)
    WTIMER1A_Handler                         0x00001c6d   Thumb Code     2  startup_tm4c123.o(.text)
    WTIMER1B_Handler                         0x00001c6f   Thumb Code     2  startup_tm4c123.o(.text)
    WTIMER2A_Handler                         0x00001c71   Thumb Code     2  startup_tm4c123.o(.text)
    WTIMER2B_Handler                         0x00001c73   Thumb Code     2  startup_tm4c123.o(.text)
    WTIMER3A_Handler                         0x00001c75   Thumb Code     2  startup_tm4c123.o(.text)
    WTIMER3B_Handler                         0x00001c77   Thumb Code     2  startup_tm4c123.o(.text)
    WTIMER4A_Handler                         0x00001c79   Thumb Code     2  startup_tm4c123.o(.text)
    WTIMER4B_Handler                         0x00001c7b   Thumb Code     2  startup_tm4c123.o(.text)
    WTIMER5A_Handler                         0x00001c7d   Thumb Code     2  startup_tm4c123.o(.text)
    WTIMER5B_Handler                         0x00001c7f   Thumb Code     2  startup_tm4c123.o(.text)
    FPU_Handler                              0x00001c81   Thumb Code     2  startup_tm4c123.o(.text)
    I2C4_Handler                             0x00001c83   Thumb Code     2  startup_tm4c123.o(.text)
    I2C5_Handler                             0x00001c85   Thumb Code     2  startup_tm4c123.o(.text)
    GPIOM_Handler                            0x00001c87   Thumb Code     2  startup_tm4c123.o(.text)
    GPION_Handler                            0x00001c89   Thumb Code     2  startup_tm4c123.o(.text)
    QEI2_Handler                             0x00001c8b   Thumb Code     2  startup_tm4c123.o(.text)
    GPIOP0_Handler                           0x00001c8d   Thumb Code     2  startup_tm4c123.o(.text)
    GPIOP1_Handler                           0x00001c8f   Thumb Code     2  startup_tm4c123.o(.text)
    GPIOP2_Handler                           0x00001c91   Thumb Code     2  startup_tm4c123.o(.text)
    GPIOP3_Handler                           0x00001c93   Thumb Code     2  startup_tm4c123.o(.text)
    GPIOP4_Handler                           0x00001c95   Thumb Code     2  startup_tm4c123.o(.text)
    GPIOP5_Handler                           0x00001c97   Thumb Code     2  startup_tm4c123.o(.text)
    GPIOP6_Handler                           0x00001c99   Thumb Code     2  startup_tm4c123.o(.text)
    GPIOP7_Handler                           0x00001c9b   Thumb Code     2  startup_tm4c123.o(.text)
    GPIOQ0_Handler                           0x00001c9d   Thumb Code     2  startup_tm4c123.o(.text)
    GPIOQ1_Handler                           0x00001c9f   Thumb Code     2  startup_tm4c123.o(.text)
    GPIOQ2_Handler                           0x00001ca1   Thumb Code     2  startup_tm4c123.o(.text)
    GPIOQ3_Handler                           0x00001ca3   Thumb Code     2  startup_tm4c123.o(.text)
    GPIOQ4_Handler                           0x00001ca5   Thumb Code     2  startup_tm4c123.o(.text)
    GPIOQ5_Handler                           0x00001ca7   Thumb Code     2  startup_tm4c123.o(.text)
    GPIOQ6_Handler                           0x00001ca9   Thumb Code     2  startup_tm4c123.o(.text)
    GPIOQ7_Handler                           0x00001cab   Thumb Code     2  startup_tm4c123.o(.text)
    GPIOR_Handler                            0x00001cad   Thumb Code     2  startup_tm4c123.o(.text)
    GPIOS_Handler                            0x00001caf   Thumb Code     2  startup_tm4c123.o(.text)
    PMW1_0_Handler                           0x00001cb1   Thumb Code     2  startup_tm4c123.o(.text)
    PWM1_1_Handler                           0x00001cb3   Thumb Code     2  startup_tm4c123.o(.text)
    PWM1_2_Handler                           0x00001cb5   Thumb Code     2  startup_tm4c123.o(.text)
    PWM1_3_Handler                           0x00001cb7   Thumb Code     2  startup_tm4c123.o(.text)
    PWM1_FAULT_Handler                       0x00001cb9   Thumb Code     2  startup_tm4c123.o(.text)
    SystemCoreClockUpdate                    0x00001d7b   Thumb Code   184  system_tm4c123.o(.text)
    SystemInit                               0x00001e33   Thumb Code   112  system_tm4c123.o(.text)
    __scatterload                            0x00001f15   Thumb Code    28  init.o(.text)
    __scatterload_rt2                        0x00001f15   Thumb Code     0  init.o(.text)
    __scatterload_copy                       0x00001f39   Thumb Code    14  handlers.o(i.__scatterload_copy)
    __scatterload_null                       0x00001f47   Thumb Code     2  handlers.o(i.__scatterload_null)
    __scatterload_zeroinit                   0x00001f49   Thumb Code    14  handlers.o(i.__scatterload_zeroinit)
    free                                     0x00001f59   Thumb Code    76  malloc.o(i.free)
    lcd_write_data_u16                       0x00001fa9   Thumb Code    48  lcd.o(i.lcd_write_data_u16)
    malloc                                   0x00001fe5   Thumb Code    92  malloc.o(i.malloc)
    bombHolderBitmaps                        0x00002050   Data         480  images.o(.constdata)
    bombHolderWidthPixels                    0x00002230   Data           1  images.o(.constdata)
    bombHolderHeightPixels                   0x00002231   Data           1  images.o(.constdata)
    clear_bombHolderBitmaps                  0x00002232   Data         480  images.o(.constdata)
    clear_bombHolderWidthPixels              0x00002412   Data           1  images.o(.constdata)
    clear_bombHolderHeightPixels             0x00002413   Data           1  images.o(.constdata)
    bombBitmaps                              0x00002414   Data         180  images.o(.constdata)
    bombWidthPixels                          0x000024c8   Data           1  images.o(.constdata)
    bombHeightPixels                         0x000024c9   Data           1  images.o(.constdata)
    missleBitmaps                            0x000024ca   Data         100  images.o(.constdata)
    missleWidthPixels                        0x0000252e   Data           1  images.o(.constdata)
    missleHeightPixels                       0x0000252f   Data           1  images.o(.constdata)
    Region$$Table$$Base                      0x00002530   Number         0  anon$$obj.o(Region$$Table)
    Region$$Table$$Limit                     0x00002550   Number         0  anon$$obj.o(Region$$Table)
    s_missle                                 0x20000000   Data           4  main.o(.data)
    CAP_TOUCH_X                              0x20000004   Data           2  main.o(.data)
    CAP_TOUCH_Y                              0x20000006   Data           2  main.o(.data)
    BUTTON_PRESSED                           0x20000008   Data           1  main.o(.data)
    ALERT_MISSLE                             0x20000009   Data           1  main.o(.data)
    BOMB_X                                   0x2000000a   Data           2  main.o(.data)
    BOMB_Y                                   0x2000000c   Data           2  main.o(.data)
    ALERT_BOMB_HOLDER                        0x2000000e   Data           1  main.o(.data)
    SystemCoreClock                          0x20000014   Data           4  system_tm4c123.o(.data)
    __stdout                                 0x20000018   Data           4  stdout.o(.data)
    __microlib_freelist                      0x2000001c   Data           4  mvars.o(.data)
    __microlib_freelist_initialised          0x20000020   Data           4  mvars.o(.data)
    UART0_Tx_Buffer                          0x20000024   Data          14  serial_debug.o(.bss)
    UART0_Rx_Buffer                          0x20000032   Data          14  serial_debug.o(.bss)
    __heap_base                              0x20000040   Data           0  startup_tm4c123.o(HEAP)
    __heap_limit                             0x20000040   Data           0  startup_tm4c123.o(HEAP)
    __initial_sp                             0x20001040   Data           0  startup_tm4c123.o(STACK)



==============================================================================

Memory Map of the image

  Image Entry point : 0x00001bc9

  Load Region LR_1 (Base: 0x00000000, Size: 0x00002574, Max: 0xffffffff, ABSOLUTE)

    Execution Region ER_RO (Exec base: 0x00000000, Load base: 0x00000000, Size: 0x00002550, Max: 0xffffffff, ABSOLUTE)

    Exec Addr    Load Addr    Size         Type   Attr      Idx    E Section Name        Object

    0x00000000   0x00000000   0x0000026c   Data   RO          623    RESET               startup_tm4c123.o
    0x0000026c   0x0000026c   0x00000000   Code   RO          658  * .ARM.Collect$$$$00000000  mc_w.l(entry.o)
    0x0000026c   0x0000026c   0x00000004   Code   RO          690    .ARM.Collect$$$$00000001  mc_w.l(entry2.o)
    0x00000270   0x00000270   0x00000004   Code   RO          693    .ARM.Collect$$$$00000004  mc_w.l(entry5.o)
    0x00000274   0x00000274   0x00000000   Code   RO          695    .ARM.Collect$$$$00000008  mc_w.l(entry7b.o)
    0x00000274   0x00000274   0x00000000   Code   RO          697    .ARM.Collect$$$$0000000A  mc_w.l(entry8b.o)
    0x00000274   0x00000274   0x00000008   Code   RO          698    .ARM.Collect$$$$0000000B  mc_w.l(entry9a.o)
    0x0000027c   0x0000027c   0x00000000   Code   RO          700    .ARM.Collect$$$$0000000D  mc_w.l(entry10a.o)
    0x0000027c   0x0000027c   0x00000000   Code   RO          702    .ARM.Collect$$$$0000000F  mc_w.l(entry11a.o)
    0x0000027c   0x0000027c   0x00000004   Code   RO          691    .ARM.Collect$$$$00002712  mc_w.l(entry2.o)
    0x00000280   0x00000280   0x0000024c   Code   RO            4    .text               main.o
    0x000004cc   0x000004cc   0x00000058   Code   RO          136    .text               project_hardware_init.o
    0x00000524   0x00000524   0x00000114   Code   RO          164    .text               project_interrupts.o
    0x00000638   0x00000638   0x000002d8   Code   RO          228    .text               gpio_port.o
    0x00000910   0x00000910   0x00000208   Code   RO          252    .text               i2c.o
    0x00000b18   0x00000b18   0x0000007c   Code   RO          273    .text               pc_buffer.o
    0x00000b94   0x00000b94   0x000002fc   Code   RO          318    .text               timers.o
    0x00000e90   0x00000e90   0x000002a0   Code   RO          346    .text               uart.o
    0x00001130   0x00001130   0x00000208   Code   RO          427    .text               ft6x06.o
    0x00001338   0x00001338   0x000004bc   Code   RO          475    .text               lcd.o
    0x000017f4   0x000017f4   0x00000200   Code   RO          529    .text               serial_debug.o
    0x000019f4   0x000019f4   0x000001d4   Code   RO          593    .text               io_expander.o
    0x00001bc8   0x00001bc8   0x000000fc   Code   RO          624  * .text               startup_tm4c123.o
    0x00001cc4   0x00001cc4   0x00000250   Code   RO          631    .text               system_tm4c123.o
    0x00001f14   0x00001f14   0x00000024   Code   RO          710    .text               mc_w.l(init.o)
    0x00001f38   0x00001f38   0x0000000e   Code   RO          714    i.__scatterload_copy  mc_w.l(handlers.o)
    0x00001f46   0x00001f46   0x00000002   Code   RO          715    i.__scatterload_null  mc_w.l(handlers.o)
    0x00001f48   0x00001f48   0x0000000e   Code   RO          716    i.__scatterload_zeroinit  mc_w.l(handlers.o)
    0x00001f56   0x00001f56   0x00000002   PAD
    0x00001f58   0x00001f58   0x00000050   Code   RO          662    i.free              mc_w.l(malloc.o)
    0x00001fa8   0x00001fa8   0x0000003c   Code   RO          493    i.lcd_write_data_u16  lcd.o
    0x00001fe4   0x00001fe4   0x0000006c   Code   RO          663    i.malloc            mc_w.l(malloc.o)
    0x00002050   0x00002050   0x000004e0   Data   RO          185    .constdata          images.o
    0x00002530   0x00002530   0x00000020   Data   RO          712    Region$$Table       anon$$obj.o


    Execution Region ER_RW (Exec base: 0x20000000, Load base: 0x00002550, Size: 0x00000024, Max: 0xffffffff, ABSOLUTE)

    Exec Addr    Load Addr    Size         Type   Attr      Idx    E Section Name        Object

    0x20000000   0x00002550   0x00000012   Data   RW            5    .data               main.o
    0x20000012   0x00002562   0x00000002   Data   RW          531    .data               serial_debug.o
    0x20000014   0x00002564   0x00000004   Data   RW          632    .data               system_tm4c123.o
    0x20000018   0x00002568   0x00000004   Data   RW          661    .data               mc_w.l(stdout.o)
    0x2000001c   0x0000256c   0x00000004   Data   RW          708    .data               mc_w.l(mvars.o)
    0x20000020   0x00002570   0x00000004   Data   RW          709    .data               mc_w.l(mvars.o)


    Execution Region ER_ZI (Exec base: 0x20000024, Load base: 0x00002574, Size: 0x0000101c, Max: 0xffffffff, ABSOLUTE)

    Exec Addr    Load Addr    Size         Type   Attr      Idx    E Section Name        Object

    0x20000024        -       0x0000001c   Zero   RW          530    .bss                serial_debug.o
    0x20000040        -       0x00000000   Zero   RW          622    HEAP                startup_tm4c123.o
    0x20000040        -       0x00001000   Zero   RW          621    STACK               startup_tm4c123.o


==============================================================================

Image component sizes


      Code (inc. data)   RO Data    RW Data    ZI Data      Debug   Object Name

       520          6          0          0          0       2344   ft6x06.o
       728         32          0          0          0       5298   gpio_port.o
       520         24          0          0          0       3685   i2c.o
         0          0       1248          0          0       1142   images.o
       468         16          0          0          0       1570   io_expander.o
      1272         38          0          0          0       3849   lcd.o
       588         74          0         18          0      30431   main.o
       124          0          0          0          0       1947   pc_buffer.o
        88         14          0          0          0        540   project_hardware_init.o
       276         40          0          0          0        952   project_interrupts.o
       512         24          0          2         28       5705   serial_debug.o
       252         10        620          0       4096       5444   startup_tm4c123.o
       592        138          0          4          0       1565   system_tm4c123.o
       764         24          0          0          0      33430   timers.o
       672         52          0          0          0       3492   uart.o

    ----------------------------------------------------------------------
      7376        492       1900         24       4124     101394   Object Totals
         0          0         32          0          0          0   (incl. Generated)
         0          0          0          0          0          0   (incl. Padding)

    ----------------------------------------------------------------------

      Code (inc. data)   RO Data    RW Data    ZI Data      Debug   Library Member Name

         0          0          0          0          0          0   entry.o
         0          0          0          0          0          0   entry10a.o
         0          0          0          0          0          0   entry11a.o
         8          4          0          0          0          0   entry2.o
         4          0          0          0          0          0   entry5.o
         0          0          0          0          0          0   entry7b.o
         0          0          0          0          0          0   entry8b.o
         8          4          0          0          0          0   entry9a.o
        30          0          0          0          0          0   handlers.o
        36          8          0          0          0         68   init.o
       188         20          0          0          0        160   malloc.o
         0          0          0          8          0          0   mvars.o
         0          0          0          4          0          0   stdout.o

    ----------------------------------------------------------------------
       276         36          0         12          0        228   Library Totals
         2          0          0          0          0          0   (incl. Padding)

    ----------------------------------------------------------------------

      Code (inc. data)   RO Data    RW Data    ZI Data      Debug   Library Name

       274         36          0         12          0        228   mc_w.l

    ----------------------------------------------------------------------
       276         36          0         12          0        228   Library Totals

    ----------------------------------------------------------------------

==============================================================================


      Code (inc. data)   RO Data    RW Data    ZI Data      Debug   

      7652        528       1900         36       4124      99774   Grand Totals
      7652        528       1900         36       4124      99774   ELF Image Totals
      7652        528       1900         36          0          0   ROM Totals

==============================================================================

    Total RO  Size (Code + RO Data)                 9552 (   9.33kB)
    Total RW  Size (RW Data + ZI Data)              4160 (   4.06kB)
    Total ROM Size (Code + RO Data + RW Data)       9588 (   9.36kB)

==============================================================================

