Component: ARM Compiler 5.06 update 6 (build 750) Tool: armlink [4d35ed]

==============================================================================

Section Cross References

    main.o(.text) refers to project_hardware_init.o(.text) for init_hardware
    main.o(.text) refers to lcd.o(.text) for lcd_draw_image
    main.o(.text) refers to images.o(.constdata) for bombHolderBitmaps
    main.o(.text) refers to main.o(.data) for ALERT_BOMB_HOLDER
    project_hardware_init.o(.text) refers to main.o(.text) for DisableInterrupts
    project_hardware_init.o(.text) refers to serial_debug.o(.text) for init_serial_debug
    project_hardware_init.o(.text) refers to lcd.o(.text) for lcd_config_gpio
    project_hardware_init.o(.text) refers to ft6x06.o(.text) for ft6x06_init
    project_hardware_init.o(.text) refers to timers.o(.text) for gp_hw_timer_config_32
    project_interrupts.o(.text) refers to ft6x06.o(.text) for ft6x06_read_td_status
    project_interrupts.o(.text) refers to images.o(.constdata) for bombWidthPixels
    project_interrupts.o(.text) refers to main.o(.data) for CAP_TOUCH_X
    pc_buffer.o(.text) refers to malloc.o(i.malloc) for malloc
    accel.o(.text) refers to spi_select.o(.text) for spi_select_init
    accel.o(.text) refers to gpio_port.o(.text) for gpio_enable_port
    accel.o(.text) refers to spi.o(.text) for initialize_spi
    eeprom.o(.text) refers to i2c.o(.text) for i2cVerifyBaseAddr
    eeprom.o(.text) refers to gpio_port.o(.text) for gpio_enable_port
    ft6x06.o(.text) refers to i2c.o(.text) for I2CMasterBusy
    ft6x06.o(.text) refers to gpio_port.o(.text) for gpio_enable_port
    lcd.o(.text) refers to lcd.o(i.lcd_write_data_u16) for lcd_write_data_u16
    lcd.o(.text) refers to gpio_port.o(.text) for gpio_enable_port
    ps2.o(.text) refers to gpio_port.o(.text) for gpio_enable_port
    ps2.o(.text) refers to adc.o(.text) for initialize_adc
    serial_debug.o(.text) refers to gpio_port.o(.text) for gpio_enable_port
    serial_debug.o(.text) refers to pc_buffer.o(.text) for pc_buffer_init
    serial_debug.o(.text) refers to uart.o(.text) for uart_init
    serial_debug.o(.text) refers to main.o(.text) for DisableInterrupts
    serial_debug.o(.text) refers to serial_debug.o(.data) for Rx_Interrupts_Enabled
    serial_debug.o(.text) refers to serial_debug.o(.bss) for UART0_Tx_Buffer
    serial_debug.o(.text) refers to stdout.o(.data) for __stdout
    spi_select.o(.text) refers to gpio_port.o(.text) for gpio_enable_port
    io_expander.o(.text) refers to i2c.o(.text) for i2cSetSlaveAddr
    startup_tm4c123.o(RESET) refers to startup_tm4c123.o(STACK) for __initial_sp
    startup_tm4c123.o(RESET) refers to startup_tm4c123.o(.text) for Reset_Handler
    startup_tm4c123.o(RESET) refers to serial_debug.o(.text) for UART0_Handler
    startup_tm4c123.o(RESET) refers to project_interrupts.o(.text) for TIMER2A_Handler
    startup_tm4c123.o(.text) refers to system_tm4c123.o(.text) for SystemInit
    startup_tm4c123.o(.text) refers to entry.o(.ARM.Collect$$$$00000000) for __main
    system_tm4c123.o(.text) refers to system_tm4c123.o(.data) for SystemCoreClock
    entry.o(.ARM.Collect$$$$00000000) refers (Special) to entry10a.o(.ARM.Collect$$$$0000000D) for __rt_final_cpp
    entry.o(.ARM.Collect$$$$00000000) refers (Special) to entry11a.o(.ARM.Collect$$$$0000000F) for __rt_final_exit
    entry.o(.ARM.Collect$$$$00000000) refers (Special) to entry7b.o(.ARM.Collect$$$$00000008) for _main_clock
    entry.o(.ARM.Collect$$$$00000000) refers (Special) to entry8b.o(.ARM.Collect$$$$0000000A) for _main_cpp_init
    entry.o(.ARM.Collect$$$$00000000) refers (Special) to entry9a.o(.ARM.Collect$$$$0000000B) for _main_init
    entry.o(.ARM.Collect$$$$00000000) refers (Special) to entry5.o(.ARM.Collect$$$$00000004) for _main_scatterload
    entry.o(.ARM.Collect$$$$00000000) refers (Special) to entry2.o(.ARM.Collect$$$$00000001) for _main_stk
    malloc.o(i.free) refers to mvars.o(.data) for __microlib_freelist
    malloc.o(i.malloc) refers to mvars.o(.data) for __microlib_freelist_initialised
    malloc.o(i.malloc) refers to mvars.o(.data) for __microlib_freelist
    malloc.o(i.malloc) refers to startup_tm4c123.o(HEAP) for __heap_base
    mallocr.o(i.__free$realloc) refers to mvars.o(.data) for __microlib_freelist
    mallocr.o(i.__malloc$realloc) refers to mallocr.o(i.internal_alloc) for internal_alloc
    mallocr.o(i.__malloc$realloc) refers to mvars.o(.data) for __microlib_freelist_initialised
    mallocr.o(i.__malloc$realloc) refers to startup_tm4c123.o(HEAP) for __heap_base
    mallocr.o(i.__malloc$realloc) refers to mvars.o(.data) for __microlib_freelist
    mallocr.o(i.internal_alloc) refers to memcpya.o(.text) for __aeabi_memcpy
    mallocr.o(i.internal_alloc) refers to mvars.o(.data) for __microlib_freelist
    mallocr.o(i.realloc) refers to mallocr.o(i.__free$realloc) for __free$realloc
    mallocr.o(i.realloc) refers to mallocr.o(i.internal_alloc) for internal_alloc
    mallocr.o(i.realloc) refers to mallocr.o(i.__malloc$realloc) for __malloc$realloc
    mallocr.o(i.realloc) refers to mvars.o(.data) for __microlib_freelist
    malloca.o(i.__aligned_malloc) refers to mvars.o(.data) for __microlib_freelist_initialised
    malloca.o(i.__aligned_malloc) refers to mvars.o(.data) for __microlib_freelist
    malloca.o(i.__aligned_malloc) refers to startup_tm4c123.o(HEAP) for __heap_base
    malloca.o(i.__free$memalign) refers to mvars.o(.data) for __microlib_freelist
    malloca.o(i.__malloc$memalign) refers to malloca.o(i.__aligned_malloc) for __aligned_malloc
    mallocra.o(i.__aligned_malloc$realloc) refers to mallocra.o(i.internal_alloc) for internal_alloc
    mallocra.o(i.__aligned_malloc$realloc) refers to mvars.o(.data) for __microlib_freelist_initialised
    mallocra.o(i.__aligned_malloc$realloc) refers to startup_tm4c123.o(HEAP) for __heap_base
    mallocra.o(i.__aligned_malloc$realloc) refers to mvars.o(.data) for __microlib_freelist
    mallocra.o(i.__free$realloc$memalign) refers to mvars.o(.data) for __microlib_freelist
    mallocra.o(i.__malloc$realloc$memalign) refers to mallocra.o(i.__aligned_malloc$realloc) for __aligned_malloc$realloc
    mallocra.o(i.__realloc$memalign) refers to mallocra.o(i.__free$realloc$memalign) for __free$realloc$memalign
    mallocra.o(i.__realloc$memalign) refers to mallocra.o(i.internal_alloc) for internal_alloc
    mallocra.o(i.__realloc$memalign) refers to mallocra.o(i.__malloc$realloc$memalign) for __malloc$realloc$memalign
    mallocra.o(i.__realloc$memalign) refers to mvars.o(.data) for __microlib_freelist
    mallocra.o(i.internal_alloc) refers to memcpya.o(.text) for __aeabi_memcpy
    mallocra.o(i.internal_alloc) refers to mvars.o(.data) for __microlib_freelist
    entry2.o(.ARM.Collect$$$$00000001) refers to entry2.o(.ARM.Collect$$$$00002712) for __lit__00000000
    entry2.o(.ARM.Collect$$$$00002712) refers to startup_tm4c123.o(STACK) for __initial_sp
    entry2.o(__vectab_stack_and_reset_area) refers to startup_tm4c123.o(STACK) for __initial_sp
    entry2.o(__vectab_stack_and_reset_area) refers to entry.o(.ARM.Collect$$$$00000000) for __main
    entry5.o(.ARM.Collect$$$$00000004) refers to init.o(.text) for __scatterload
    entry9a.o(.ARM.Collect$$$$0000000B) refers to main.o(.text) for main
    entry9b.o(.ARM.Collect$$$$0000000C) refers to main.o(.text) for main
    init.o(.text) refers to entry5.o(.ARM.Collect$$$$00000004) for __main_after_scatterload


==============================================================================

Removing Unused input sections from the image.

    Removing main.o(.rev16_text), (4 bytes).
    Removing main.o(.revsh_text), (4 bytes).
    Removing main.o(.rrx_text), (6 bytes).
    Removing project_hardware_init.o(.rev16_text), (4 bytes).
    Removing project_hardware_init.o(.revsh_text), (4 bytes).
    Removing project_hardware_init.o(.rrx_text), (6 bytes).
    Removing project_interrupts.o(.rev16_text), (4 bytes).
    Removing project_interrupts.o(.revsh_text), (4 bytes).
    Removing project_interrupts.o(.rrx_text), (6 bytes).
    Removing adc.o(.rev16_text), (4 bytes).
    Removing adc.o(.revsh_text), (4 bytes).
    Removing adc.o(.rrx_text), (6 bytes).
    Removing adc.o(.text), (152 bytes).
    Removing gpio_port.o(.rev16_text), (4 bytes).
    Removing gpio_port.o(.revsh_text), (4 bytes).
    Removing gpio_port.o(.rrx_text), (6 bytes).
    Removing i2c.o(.rev16_text), (4 bytes).
    Removing i2c.o(.revsh_text), (4 bytes).
    Removing i2c.o(.rrx_text), (6 bytes).
    Removing spi.o(.rev16_text), (4 bytes).
    Removing spi.o(.revsh_text), (4 bytes).
    Removing spi.o(.rrx_text), (6 bytes).
    Removing spi.o(.text), (352 bytes).
    Removing timers.o(.rev16_text), (4 bytes).
    Removing timers.o(.revsh_text), (4 bytes).
    Removing timers.o(.rrx_text), (6 bytes).
    Removing uart.o(.rev16_text), (4 bytes).
    Removing uart.o(.revsh_text), (4 bytes).
    Removing uart.o(.rrx_text), (6 bytes).
    Removing accel.o(.rev16_text), (4 bytes).
    Removing accel.o(.revsh_text), (4 bytes).
    Removing accel.o(.rrx_text), (6 bytes).
    Removing accel.o(.text), (224 bytes).
    Removing eeprom.o(.rev16_text), (4 bytes).
    Removing eeprom.o(.revsh_text), (4 bytes).
    Removing eeprom.o(.rrx_text), (6 bytes).
    Removing eeprom.o(.text), (452 bytes).
    Removing ft6x06.o(.rev16_text), (4 bytes).
    Removing ft6x06.o(.revsh_text), (4 bytes).
    Removing ft6x06.o(.rrx_text), (6 bytes).
    Removing launchpad_io.o(.rev16_text), (4 bytes).
    Removing launchpad_io.o(.revsh_text), (4 bytes).
    Removing launchpad_io.o(.rrx_text), (6 bytes).
    Removing launchpad_io.o(.text), (192 bytes).
    Removing lcd.o(.rev16_text), (4 bytes).
    Removing lcd.o(.revsh_text), (4 bytes).
    Removing lcd.o(.rrx_text), (6 bytes).
    Removing ps2.o(.rev16_text), (4 bytes).
    Removing ps2.o(.revsh_text), (4 bytes).
    Removing ps2.o(.rrx_text), (6 bytes).
    Removing ps2.o(.text), (112 bytes).
    Removing serial_debug.o(.rev16_text), (4 bytes).
    Removing serial_debug.o(.revsh_text), (4 bytes).
    Removing serial_debug.o(.rrx_text), (6 bytes).
    Removing spi_select.o(.rev16_text), (4 bytes).
    Removing spi_select.o(.revsh_text), (4 bytes).
    Removing spi_select.o(.rrx_text), (6 bytes).
    Removing spi_select.o(.text), (164 bytes).
    Removing ws2812b.o(FLASH), (160 bytes).
    Removing io_expander.o(.rev16_text), (4 bytes).
    Removing io_expander.o(.revsh_text), (4 bytes).
    Removing io_expander.o(.rrx_text), (6 bytes).
    Removing io_expander.o(.text), (68 bytes).
    Removing system_tm4c123.o(.rev16_text), (4 bytes).
    Removing system_tm4c123.o(.revsh_text), (4 bytes).
    Removing system_tm4c123.o(.rrx_text), (6 bytes).

66 unused section(s) (total 2142 bytes) removed from the image.

==============================================================================

Image Symbol Table

    Local Symbols

    Symbol Name                              Value     Ov Type        Size  Object(Section)

    RESET                                    0x00000000   Section      620  startup_tm4c123.o(RESET)
    ../clib/microlib/init/entry.s            0x00000000   Number         0  entry8b.o ABSOLUTE
    ../clib/microlib/init/entry.s            0x00000000   Number         0  entry7b.o ABSOLUTE
    ../clib/microlib/init/entry.s            0x00000000   Number         0  entry7a.o ABSOLUTE
    ../clib/microlib/init/entry.s            0x00000000   Number         0  entry8a.o ABSOLUTE
    ../clib/microlib/init/entry.s            0x00000000   Number         0  entry5.o ABSOLUTE
    ../clib/microlib/init/entry.s            0x00000000   Number         0  entry10a.o ABSOLUTE
    ../clib/microlib/init/entry.s            0x00000000   Number         0  entry2.o ABSOLUTE
    ../clib/microlib/init/entry.s            0x00000000   Number         0  entry9b.o ABSOLUTE
    ../clib/microlib/init/entry.s            0x00000000   Number         0  entry11b.o ABSOLUTE
    ../clib/microlib/init/entry.s            0x00000000   Number         0  entry.o ABSOLUTE
    ../clib/microlib/init/entry.s            0x00000000   Number         0  entry10b.o ABSOLUTE
    ../clib/microlib/init/entry.s            0x00000000   Number         0  entry11a.o ABSOLUTE
    ../clib/microlib/init/entry.s            0x00000000   Number         0  entry9a.o ABSOLUTE
    ../clib/microlib/malloc/malloc.c         0x00000000   Number         0  mallocra.o ABSOLUTE
    ../clib/microlib/malloc/malloc.c         0x00000000   Number         0  malloca.o ABSOLUTE
    ../clib/microlib/malloc/malloc.c         0x00000000   Number         0  mallocr.o ABSOLUTE
    ../clib/microlib/malloc/malloc.c         0x00000000   Number         0  malloc.o ABSOLUTE
    ../clib/microlib/malloc/mvars.c          0x00000000   Number         0  mvars.o ABSOLUTE
    ../clib/microlib/stdio/streams.c         0x00000000   Number         0  stdout.o ABSOLUTE
    ../clib/microlib/string/memcpy.c         0x00000000   Number         0  memcpya.o ABSOLUTE
    ../clib/microlib/string/memcpy.c         0x00000000   Number         0  memcpyb.o ABSOLUTE
    ..\\drivers\\c\\adc.c                    0x00000000   Number         0  adc.o ABSOLUTE
    ..\\drivers\\c\\gpio_port.c              0x00000000   Number         0  gpio_port.o ABSOLUTE
    ..\\drivers\\c\\i2c.c                    0x00000000   Number         0  i2c.o ABSOLUTE
    ..\\drivers\\c\\spi.c                    0x00000000   Number         0  spi.o ABSOLUTE
    ..\\drivers\\c\\timers.c                 0x00000000   Number         0  timers.o ABSOLUTE
    ..\\drivers\\c\\uart.c                   0x00000000   Number         0  uart.o ABSOLUTE
    ..\\peripherals\\c\\accel.c              0x00000000   Number         0  accel.o ABSOLUTE
    ..\\peripherals\\c\\eeprom.c             0x00000000   Number         0  eeprom.o ABSOLUTE
    ..\\peripherals\\c\\ft6x06.c             0x00000000   Number         0  ft6x06.o ABSOLUTE
    ..\\peripherals\\c\\launchpad_io.c       0x00000000   Number         0  launchpad_io.o ABSOLUTE
    ..\\peripherals\\c\\lcd.c                0x00000000   Number         0  lcd.o ABSOLUTE
    ..\\peripherals\\c\\ps2.c                0x00000000   Number         0  ps2.o ABSOLUTE
    ..\\peripherals\\c\\serial_debug.c       0x00000000   Number         0  serial_debug.o ABSOLUTE
    ..\\peripherals\\c\\spi_select.c         0x00000000   Number         0  spi_select.o ABSOLUTE
    ..\drivers\c\adc.c                       0x00000000   Number         0  adc.o ABSOLUTE
    ..\drivers\c\gpio_port.c                 0x00000000   Number         0  gpio_port.o ABSOLUTE
    ..\drivers\c\i2c.c                       0x00000000   Number         0  i2c.o ABSOLUTE
    ..\drivers\c\pc_buffer.c                 0x00000000   Number         0  pc_buffer.o ABSOLUTE
    ..\drivers\c\spi.c                       0x00000000   Number         0  spi.o ABSOLUTE
    ..\drivers\c\timers.c                    0x00000000   Number         0  timers.o ABSOLUTE
    ..\drivers\c\uart.c                      0x00000000   Number         0  uart.o ABSOLUTE
    ..\peripherals\c\accel.c                 0x00000000   Number         0  accel.o ABSOLUTE
    ..\peripherals\c\eeprom.c                0x00000000   Number         0  eeprom.o ABSOLUTE
    ..\peripherals\c\ft6x06.c                0x00000000   Number         0  ft6x06.o ABSOLUTE
    ..\peripherals\c\launchpad_io.c          0x00000000   Number         0  launchpad_io.o ABSOLUTE
    ..\peripherals\c\lcd.c                   0x00000000   Number         0  lcd.o ABSOLUTE
    ..\peripherals\c\ps2.c                   0x00000000   Number         0  ps2.o ABSOLUTE
    ..\peripherals\c\serial_debug.c          0x00000000   Number         0  serial_debug.o ABSOLUTE
    ..\peripherals\c\spi_select.c            0x00000000   Number         0  spi_select.o ABSOLUTE
    ..\peripherals\c\ws2812b.s               0x00000000   Number         0  ws2812b.o ABSOLUTE
    RTE\Device\TM4C123GH6PM\startup_TM4C123.s 0x00000000   Number         0  startup_tm4c123.o ABSOLUTE
    RTE\Device\TM4C123GH6PM\system_TM4C123.c 0x00000000   Number         0  system_tm4c123.o ABSOLUTE
    RTE\\Device\\TM4C123GH6PM\\system_TM4C123.c 0x00000000   Number         0  system_tm4c123.o ABSOLUTE
    dc.s                                     0x00000000   Number         0  dc.o ABSOLUTE
    handlers.s                               0x00000000   Number         0  handlers.o ABSOLUTE
    images.c                                 0x00000000   Number         0  images.o ABSOLUTE
    init.s                                   0x00000000   Number         0  init.o ABSOLUTE
    io_expander.c                            0x00000000   Number         0  io_expander.o ABSOLUTE
    io_expander.c                            0x00000000   Number         0  io_expander.o ABSOLUTE
    main.c                                   0x00000000   Number         0  main.o ABSOLUTE
    main.c                                   0x00000000   Number         0  main.o ABSOLUTE
    project_hardware_init.c                  0x00000000   Number         0  project_hardware_init.o ABSOLUTE
    project_hardware_init.c                  0x00000000   Number         0  project_hardware_init.o ABSOLUTE
    project_interrupts.c                     0x00000000   Number         0  project_interrupts.o ABSOLUTE
    project_interrupts.c                     0x00000000   Number         0  project_interrupts.o ABSOLUTE
    .ARM.Collect$$$$00000000                 0x0000026c   Section        0  entry.o(.ARM.Collect$$$$00000000)
    .ARM.Collect$$$$00000001                 0x0000026c   Section        4  entry2.o(.ARM.Collect$$$$00000001)
    .ARM.Collect$$$$00000004                 0x00000270   Section        4  entry5.o(.ARM.Collect$$$$00000004)
    .ARM.Collect$$$$00000008                 0x00000274   Section        0  entry7b.o(.ARM.Collect$$$$00000008)
    .ARM.Collect$$$$0000000A                 0x00000274   Section        0  entry8b.o(.ARM.Collect$$$$0000000A)
    .ARM.Collect$$$$0000000B                 0x00000274   Section        8  entry9a.o(.ARM.Collect$$$$0000000B)
    .ARM.Collect$$$$0000000D                 0x0000027c   Section        0  entry10a.o(.ARM.Collect$$$$0000000D)
    .ARM.Collect$$$$0000000F                 0x0000027c   Section        0  entry11a.o(.ARM.Collect$$$$0000000F)
    .ARM.Collect$$$$00002712                 0x0000027c   Section        4  entry2.o(.ARM.Collect$$$$00002712)
    __lit__00000000                          0x0000027c   Data           4  entry2.o(.ARM.Collect$$$$00002712)
    .text                                    0x00000280   Section        0  main.o(.text)
    .text                                    0x00000338   Section        0  project_hardware_init.o(.text)
    .text                                    0x00000378   Section        0  project_interrupts.o(.text)
    .text                                    0x00000454   Section        0  gpio_port.o(.text)
    verify_base_addr                         0x00000455   Thumb Code    64  gpio_port.o(.text)
    .text                                    0x000006f4   Section        0  i2c.o(.text)
    .text                                    0x000008fc   Section        0  pc_buffer.o(.text)
    .text                                    0x00000978   Section        0  timers.o(.text)
    verify_base_addr                         0x00000979   Thumb Code    64  timers.o(.text)
    get_clock_masks                          0x000009b9   Thumb Code   106  timers.o(.text)
    .text                                    0x00000c74   Section        0  uart.o(.text)
    .text                                    0x00000f14   Section        0  ft6x06.o(.text)
    ft6x06_set_addr                          0x00000f15   Thumb Code    52  ft6x06.o(.text)
    ft6x06_read_data                         0x00000f49   Thumb Code    52  ft6x06.o(.text)
    .text                                    0x0000111c   Section        0  lcd.o(.text)
    delayms                                  0x0000111d   Thumb Code    26  lcd.o(.text)
    lcd_write_cmd_u8                         0x00001137   Thumb Code    40  lcd.o(.text)
    lcd_write_data_u8                        0x0000115f   Thumb Code    28  lcd.o(.text)
    .text                                    0x000015d8   Section        0  serial_debug.o(.text)
    .text                                    0x000017d4   Section      252  startup_tm4c123.o(.text)
    $v0                                      0x000017d4   Number         0  startup_tm4c123.o(.text)
    .text                                    0x000018d0   Section        0  system_tm4c123.o(.text)
    getOscClk                                0x000018d1   Thumb Code   182  system_tm4c123.o(.text)
    .text                                    0x00001b20   Section       36  init.o(.text)
    i.__scatterload_copy                     0x00001b44   Section       14  handlers.o(i.__scatterload_copy)
    i.__scatterload_null                     0x00001b52   Section        2  handlers.o(i.__scatterload_null)
    i.__scatterload_zeroinit                 0x00001b54   Section       14  handlers.o(i.__scatterload_zeroinit)
    i.lcd_write_data_u16                     0x00001b64   Section        0  lcd.o(i.lcd_write_data_u16)
    i.malloc                                 0x00001ba0   Section        0  malloc.o(i.malloc)
    .constdata                               0x00001c0c   Section     1248  images.o(.constdata)
    .data                                    0x20000000   Section        9  main.o(.data)
    .data                                    0x20000009   Section        2  serial_debug.o(.data)
    Rx_Interrupts_Enabled                    0x20000009   Data           1  serial_debug.o(.data)
    Tx_Interrupts_Enabled                    0x2000000a   Data           1  serial_debug.o(.data)
    .data                                    0x2000000c   Section        4  system_tm4c123.o(.data)
    .data                                    0x20000010   Section        4  stdout.o(.data)
    .data                                    0x20000014   Section        4  mvars.o(.data)
    .data                                    0x20000018   Section        4  mvars.o(.data)
    .bss                                     0x2000001c   Section       28  serial_debug.o(.bss)
    HEAP                                     0x20000038   Section        0  startup_tm4c123.o(HEAP)
    STACK                                    0x20000038   Section     4096  startup_tm4c123.o(STACK)

    Global Symbols

    Symbol Name                              Value     Ov Type        Size  Object(Section)

    BuildAttributes$$THM_ISAv4$E$P$D$K$B$S$7EM$VFPi3$EXTD16$VFPS$VFMA$PE$A:L22UL41UL21$X:L11$S22US41US21$IEEE1$IW$USESV6$~STKCKD$USESV7$~SHL$OSPACE$EBA8$MICROLIB$REQ8$EABIv2 0x00000000   Number         0  anon$$obj.o ABSOLUTE
    __ARM_use_no_argv                        0x00000000   Number         0  main.o ABSOLUTE
    __Vectors                                0x00000000   Data           4  startup_tm4c123.o(RESET)
    __cpp_initialize__aeabi_                  - Undefined Weak Reference
    __cxa_finalize                            - Undefined Weak Reference
    __decompress                              - Undefined Weak Reference
    _clock_init                               - Undefined Weak Reference
    _microlib_exit                            - Undefined Weak Reference
    __Vectors_End                            0x0000026c   Data           0  startup_tm4c123.o(RESET)
    __Vectors_Size                           0x0000026c   Number         0  startup_tm4c123.o ABSOLUTE
    __main                                   0x0000026d   Thumb Code     0  entry.o(.ARM.Collect$$$$00000000)
    _main_stk                                0x0000026d   Thumb Code     0  entry2.o(.ARM.Collect$$$$00000001)
    _main_scatterload                        0x00000271   Thumb Code     0  entry5.o(.ARM.Collect$$$$00000004)
    __main_after_scatterload                 0x00000275   Thumb Code     0  entry5.o(.ARM.Collect$$$$00000004)
    _main_clock                              0x00000275   Thumb Code     0  entry7b.o(.ARM.Collect$$$$00000008)
    _main_cpp_init                           0x00000275   Thumb Code     0  entry8b.o(.ARM.Collect$$$$0000000A)
    _main_init                               0x00000275   Thumb Code     0  entry9a.o(.ARM.Collect$$$$0000000B)
    __rt_final_cpp                           0x0000027d   Thumb Code     0  entry10a.o(.ARM.Collect$$$$0000000D)
    __rt_final_exit                          0x0000027d   Thumb Code     0  entry11a.o(.ARM.Collect$$$$0000000F)
    DisableInterrupts                        0x00000281   Thumb Code     4  main.o(.text)
    EnableInterrupts                         0x00000285   Thumb Code     4  main.o(.text)
    main                                     0x00000289   Thumb Code   132  main.o(.text)
    init_hardware                            0x00000339   Thumb Code    54  project_hardware_init.o(.text)
    TIMER2A_Handler                          0x00000379   Thumb Code   196  project_interrupts.o(.text)
    gpio_get_irq_num                         0x00000495   Thumb Code    74  gpio_port.o(.text)
    gpio_enable_port                         0x000004df   Thumb Code   156  gpio_port.o(.text)
    gpio_config_digital_enable               0x0000057b   Thumb Code    34  gpio_port.o(.text)
    gpio_config_enable_output                0x0000059d   Thumb Code    34  gpio_port.o(.text)
    gpio_config_enable_input                 0x000005bf   Thumb Code    34  gpio_port.o(.text)
    gpio_config_enable_pullup                0x000005e1   Thumb Code    34  gpio_port.o(.text)
    gpio_config_enable_pulldown              0x00000603   Thumb Code    34  gpio_port.o(.text)
    gpio_config_analog_enable                0x00000625   Thumb Code    34  gpio_port.o(.text)
    gpio_config_alternate_function           0x00000647   Thumb Code    34  gpio_port.o(.text)
    gpio_config_port_control                 0x00000669   Thumb Code    50  gpio_port.o(.text)
    gpio_config_open_drain                   0x0000069b   Thumb Code    34  gpio_port.o(.text)
    gpio_config_falling_edge_irq             0x000006bd   Thumb Code    22  gpio_port.o(.text)
    initializeI2CMaster                      0x000006f5   Thumb Code   160  i2c.o(.text)
    i2cVerifyBaseAddr                        0x00000795   Thumb Code    36  i2c.o(.text)
    i2cSetSlaveAddr                          0x000007b9   Thumb Code    30  i2c.o(.text)
    i2cStop                                  0x000007d7   Thumb Code    26  i2c.o(.text)
    I2CMasterBusy                            0x000007f1   Thumb Code    34  i2c.o(.text)
    I2CMasterAdrAck                          0x00000813   Thumb Code    34  i2c.o(.text)
    I2CMasterDatAck                          0x00000835   Thumb Code    34  i2c.o(.text)
    i2cSendByte                              0x00000857   Thumb Code    82  i2c.o(.text)
    i2cGetByte                               0x000008a9   Thumb Code    60  i2c.o(.text)
    pc_buffer_init                           0x000008fd   Thumb Code    26  pc_buffer.o(.text)
    pc_buffer_add                            0x00000917   Thumb Code    28  pc_buffer.o(.text)
    pc_buffer_remove                         0x00000933   Thumb Code    30  pc_buffer.o(.text)
    pc_buffer_empty                          0x00000951   Thumb Code    18  pc_buffer.o(.text)
    pc_buffer_full                           0x00000963   Thumb Code    22  pc_buffer.o(.text)
    timer_get_irq_num                        0x00000a23   Thumb Code    74  timers.o(.text)
    gp_timer_wait                            0x00000a6d   Thumb Code    80  timers.o(.text)
    gp_timer_config_32                       0x00000abd   Thumb Code   164  timers.o(.text)
    gp_hw_timer_config_32                    0x00000b61   Thumb Code   252  timers.o(.text)
    verify_uart_base                         0x00000c75   Thumb Code    54  uart.o(.text)
    uart_get_rcgc_mask                       0x00000cab   Thumb Code    68  uart.o(.text)
    uart_get_pr_mask                         0x00000cef   Thumb Code    68  uart.o(.text)
    uart_get_irq_num                         0x00000d33   Thumb Code    68  uart.o(.text)
    uart_tx_poll                             0x00000d77   Thumb Code    38  uart.o(.text)
    uart_tx_poll_string                      0x00000d9d   Thumb Code    50  uart.o(.text)
    uart_rx_poll                             0x00000dcf   Thumb Code    70  uart.o(.text)
    uart_init                                0x00000e15   Thumb Code   236  uart.o(.text)
    ft6x06_read_td_status                    0x00000f7d   Thumb Code    56  ft6x06.o(.text)
    ft6x06_read_x                            0x00000fb5   Thumb Code    98  ft6x06.o(.text)
    ft6x06_read_y                            0x00001017   Thumb Code   100  ft6x06.o(.text)
    ft6x06_init                              0x0000107b   Thumb Code   156  ft6x06.o(.text)
    lcd_set_pos                              0x0000117b   Thumb Code    58  lcd.o(.text)
    lcd_clear_screen                         0x000011b5   Thumb Code    52  lcd.o(.text)
    lcd_draw_image                           0x000011e9   Thumb Code   242  lcd.o(.text)
    lcd_config_gpio                          0x000012db   Thumb Code   190  lcd.o(.text)
    lcd_config_screen                        0x00001399   Thumb Code   570  lcd.o(.text)
    init_serial_debug                        0x000015d9   Thumb Code    90  serial_debug.o(.text)
    serial_debug_rx                          0x00001633   Thumb Code    46  serial_debug.o(.text)
    serial_debug_tx                          0x00001661   Thumb Code    84  serial_debug.o(.text)
    fputc                                    0x000016b5   Thumb Code    66  serial_debug.o(.text)
    fgetc                                    0x000016f7   Thumb Code    50  serial_debug.o(.text)
    UART0_Handler                            0x00001729   Thumb Code   146  serial_debug.o(.text)
    Reset_Handler                            0x000017d5   Thumb Code     8  startup_tm4c123.o(.text)
    NMI_Handler                              0x000017dd   Thumb Code     2  startup_tm4c123.o(.text)
    HardFault_Handler                        0x000017df   Thumb Code     2  startup_tm4c123.o(.text)
    MemManage_Handler                        0x000017e1   Thumb Code     2  startup_tm4c123.o(.text)
    BusFault_Handler                         0x000017e3   Thumb Code     2  startup_tm4c123.o(.text)
    UsageFault_Handler                       0x000017e5   Thumb Code     2  startup_tm4c123.o(.text)
    SVC_Handler                              0x000017e7   Thumb Code     2  startup_tm4c123.o(.text)
    DebugMon_Handler                         0x000017e9   Thumb Code     2  startup_tm4c123.o(.text)
    PendSV_Handler                           0x000017eb   Thumb Code     2  startup_tm4c123.o(.text)
    SysTick_Handler                          0x000017ed   Thumb Code     2  startup_tm4c123.o(.text)
    GPIOA_Handler                            0x000017ef   Thumb Code     2  startup_tm4c123.o(.text)
    GPIOB_Handler                            0x000017f1   Thumb Code     2  startup_tm4c123.o(.text)
    GPIOC_Handler                            0x000017f3   Thumb Code     2  startup_tm4c123.o(.text)
    GPIOD_Handler                            0x000017f5   Thumb Code     2  startup_tm4c123.o(.text)
    GPIOE_Handler                            0x000017f7   Thumb Code     2  startup_tm4c123.o(.text)
    UART1_Handler                            0x000017fb   Thumb Code     2  startup_tm4c123.o(.text)
    SSI0_Handler                             0x000017fd   Thumb Code     2  startup_tm4c123.o(.text)
    I2C0_Handler                             0x000017ff   Thumb Code     2  startup_tm4c123.o(.text)
    PMW0_FAULT_Handler                       0x00001801   Thumb Code     2  startup_tm4c123.o(.text)
    PWM0_0_Handler                           0x00001803   Thumb Code     2  startup_tm4c123.o(.text)
    PWM0_1_Handler                           0x00001805   Thumb Code     2  startup_tm4c123.o(.text)
    PWM0_2_Handler                           0x00001807   Thumb Code     2  startup_tm4c123.o(.text)
    QEI0_Handler                             0x00001809   Thumb Code     2  startup_tm4c123.o(.text)
    ADC0SS0_Handler                          0x0000180b   Thumb Code     2  startup_tm4c123.o(.text)
    ADC0SS1_Handler                          0x0000180d   Thumb Code     2  startup_tm4c123.o(.text)
    ADC0SS2_Handler                          0x0000180f   Thumb Code     2  startup_tm4c123.o(.text)
    ADC0SS3_Handler                          0x00001811   Thumb Code     2  startup_tm4c123.o(.text)
    WDT0_Handler                             0x00001813   Thumb Code     2  startup_tm4c123.o(.text)
    TIMER0A_Handler                          0x00001815   Thumb Code     2  startup_tm4c123.o(.text)
    TIMER0B_Handler                          0x00001817   Thumb Code     2  startup_tm4c123.o(.text)
    TIMER1A_Handler                          0x00001819   Thumb Code     2  startup_tm4c123.o(.text)
    TIMER1B_Handler                          0x0000181b   Thumb Code     2  startup_tm4c123.o(.text)
    TIMER2B_Handler                          0x0000181f   Thumb Code     2  startup_tm4c123.o(.text)
    COMP0_Handler                            0x00001821   Thumb Code     2  startup_tm4c123.o(.text)
    COMP1_Handler                            0x00001823   Thumb Code     2  startup_tm4c123.o(.text)
    COMP2_Handler                            0x00001825   Thumb Code     2  startup_tm4c123.o(.text)
    SYSCTL_Handler                           0x00001827   Thumb Code     2  startup_tm4c123.o(.text)
    FLASH_Handler                            0x00001829   Thumb Code     2  startup_tm4c123.o(.text)
    GPIOF_Handler                            0x0000182b   Thumb Code     2  startup_tm4c123.o(.text)
    GPIOG_Handler                            0x0000182d   Thumb Code     2  startup_tm4c123.o(.text)
    GPIOH_Handler                            0x0000182f   Thumb Code     2  startup_tm4c123.o(.text)
    UART2_Handler                            0x00001831   Thumb Code     2  startup_tm4c123.o(.text)
    SSI1_Handler                             0x00001833   Thumb Code     2  startup_tm4c123.o(.text)
    TIMER3A_Handler                          0x00001835   Thumb Code     2  startup_tm4c123.o(.text)
    TIMER3B_Handler                          0x00001837   Thumb Code     2  startup_tm4c123.o(.text)
    I2C1_Handler                             0x00001839   Thumb Code     2  startup_tm4c123.o(.text)
    QEI1_Handler                             0x0000183b   Thumb Code     2  startup_tm4c123.o(.text)
    CAN0_Handler                             0x0000183d   Thumb Code     2  startup_tm4c123.o(.text)
    CAN1_Handler                             0x0000183f   Thumb Code     2  startup_tm4c123.o(.text)
    CAN2_Handler                             0x00001841   Thumb Code     2  startup_tm4c123.o(.text)
    HIB_Handler                              0x00001843   Thumb Code     2  startup_tm4c123.o(.text)
    USB0_Handler                             0x00001845   Thumb Code     2  startup_tm4c123.o(.text)
    PWM0_3_Handler                           0x00001847   Thumb Code     2  startup_tm4c123.o(.text)
    UDMA_Handler                             0x00001849   Thumb Code     2  startup_tm4c123.o(.text)
    UDMAERR_Handler                          0x0000184b   Thumb Code     2  startup_tm4c123.o(.text)
    ADC1SS0_Handler                          0x0000184d   Thumb Code     2  startup_tm4c123.o(.text)
    ADC1SS1_Handler                          0x0000184f   Thumb Code     2  startup_tm4c123.o(.text)
    ADC1SS2_Handler                          0x00001851   Thumb Code     2  startup_tm4c123.o(.text)
    ADC1SS3_Handler                          0x00001853   Thumb Code     2  startup_tm4c123.o(.text)
    GPIOJ_Handler                            0x00001855   Thumb Code     2  startup_tm4c123.o(.text)
    GPIOK_Handler                            0x00001857   Thumb Code     2  startup_tm4c123.o(.text)
    GPIOL_Handler                            0x00001859   Thumb Code     2  startup_tm4c123.o(.text)
    SSI2_Handler                             0x0000185b   Thumb Code     2  startup_tm4c123.o(.text)
    SSI3_Handler                             0x0000185d   Thumb Code     2  startup_tm4c123.o(.text)
    UART3_Handler                            0x0000185f   Thumb Code     2  startup_tm4c123.o(.text)
    UART4_Handler                            0x00001861   Thumb Code     2  startup_tm4c123.o(.text)
    UART5_Handler                            0x00001863   Thumb Code     2  startup_tm4c123.o(.text)
    UART6_Handler                            0x00001865   Thumb Code     2  startup_tm4c123.o(.text)
    UART7_Handler                            0x00001867   Thumb Code     2  startup_tm4c123.o(.text)
    I2C2_Handler                             0x00001869   Thumb Code     2  startup_tm4c123.o(.text)
    I2C3_Handler                             0x0000186b   Thumb Code     2  startup_tm4c123.o(.text)
    TIMER4A_Handler                          0x0000186d   Thumb Code     2  startup_tm4c123.o(.text)
    TIMER4B_Handler                          0x0000186f   Thumb Code     2  startup_tm4c123.o(.text)
    TIMER5A_Handler                          0x00001871   Thumb Code     2  startup_tm4c123.o(.text)
    TIMER5B_Handler                          0x00001873   Thumb Code     2  startup_tm4c123.o(.text)
    WTIMER0A_Handler                         0x00001875   Thumb Code     2  startup_tm4c123.o(.text)
    WTIMER0B_Handler                         0x00001877   Thumb Code     2  startup_tm4c123.o(.text)
    WTIMER1A_Handler                         0x00001879   Thumb Code     2  startup_tm4c123.o(.text)
    WTIMER1B_Handler                         0x0000187b   Thumb Code     2  startup_tm4c123.o(.text)
    WTIMER2A_Handler                         0x0000187d   Thumb Code     2  startup_tm4c123.o(.text)
    WTIMER2B_Handler                         0x0000187f   Thumb Code     2  startup_tm4c123.o(.text)
    WTIMER3A_Handler                         0x00001881   Thumb Code     2  startup_tm4c123.o(.text)
    WTIMER3B_Handler                         0x00001883   Thumb Code     2  startup_tm4c123.o(.text)
    WTIMER4A_Handler                         0x00001885   Thumb Code     2  startup_tm4c123.o(.text)
    WTIMER4B_Handler                         0x00001887   Thumb Code     2  startup_tm4c123.o(.text)
    WTIMER5A_Handler                         0x00001889   Thumb Code     2  startup_tm4c123.o(.text)
    WTIMER5B_Handler                         0x0000188b   Thumb Code     2  startup_tm4c123.o(.text)
    FPU_Handler                              0x0000188d   Thumb Code     2  startup_tm4c123.o(.text)
    I2C4_Handler                             0x0000188f   Thumb Code     2  startup_tm4c123.o(.text)
    I2C5_Handler                             0x00001891   Thumb Code     2  startup_tm4c123.o(.text)
    GPIOM_Handler                            0x00001893   Thumb Code     2  startup_tm4c123.o(.text)
    GPION_Handler                            0x00001895   Thumb Code     2  startup_tm4c123.o(.text)
    QEI2_Handler                             0x00001897   Thumb Code     2  startup_tm4c123.o(.text)
    GPIOP0_Handler                           0x00001899   Thumb Code     2  startup_tm4c123.o(.text)
    GPIOP1_Handler                           0x0000189b   Thumb Code     2  startup_tm4c123.o(.text)
    GPIOP2_Handler                           0x0000189d   Thumb Code     2  startup_tm4c123.o(.text)
    GPIOP3_Handler                           0x0000189f   Thumb Code     2  startup_tm4c123.o(.text)
    GPIOP4_Handler                           0x000018a1   Thumb Code     2  startup_tm4c123.o(.text)
    GPIOP5_Handler                           0x000018a3   Thumb Code     2  startup_tm4c123.o(.text)
    GPIOP6_Handler                           0x000018a5   Thumb Code     2  startup_tm4c123.o(.text)
    GPIOP7_Handler                           0x000018a7   Thumb Code     2  startup_tm4c123.o(.text)
    GPIOQ0_Handler                           0x000018a9   Thumb Code     2  startup_tm4c123.o(.text)
    GPIOQ1_Handler                           0x000018ab   Thumb Code     2  startup_tm4c123.o(.text)
    GPIOQ2_Handler                           0x000018ad   Thumb Code     2  startup_tm4c123.o(.text)
    GPIOQ3_Handler                           0x000018af   Thumb Code     2  startup_tm4c123.o(.text)
    GPIOQ4_Handler                           0x000018b1   Thumb Code     2  startup_tm4c123.o(.text)
    GPIOQ5_Handler                           0x000018b3   Thumb Code     2  startup_tm4c123.o(.text)
    GPIOQ6_Handler                           0x000018b5   Thumb Code     2  startup_tm4c123.o(.text)
    GPIOQ7_Handler                           0x000018b7   Thumb Code     2  startup_tm4c123.o(.text)
    GPIOR_Handler                            0x000018b9   Thumb Code     2  startup_tm4c123.o(.text)
    GPIOS_Handler                            0x000018bb   Thumb Code     2  startup_tm4c123.o(.text)
    PMW1_0_Handler                           0x000018bd   Thumb Code     2  startup_tm4c123.o(.text)
    PWM1_1_Handler                           0x000018bf   Thumb Code     2  startup_tm4c123.o(.text)
    PWM1_2_Handler                           0x000018c1   Thumb Code     2  startup_tm4c123.o(.text)
    PWM1_3_Handler                           0x000018c3   Thumb Code     2  startup_tm4c123.o(.text)
    PWM1_FAULT_Handler                       0x000018c5   Thumb Code     2  startup_tm4c123.o(.text)
    SystemCoreClockUpdate                    0x00001987   Thumb Code   184  system_tm4c123.o(.text)
    SystemInit                               0x00001a3f   Thumb Code   112  system_tm4c123.o(.text)
    __scatterload                            0x00001b21   Thumb Code    28  init.o(.text)
    __scatterload_rt2                        0x00001b21   Thumb Code     0  init.o(.text)
    __scatterload_copy                       0x00001b45   Thumb Code    14  handlers.o(i.__scatterload_copy)
    __scatterload_null                       0x00001b53   Thumb Code     2  handlers.o(i.__scatterload_null)
    __scatterload_zeroinit                   0x00001b55   Thumb Code    14  handlers.o(i.__scatterload_zeroinit)
    lcd_write_data_u16                       0x00001b65   Thumb Code    48  lcd.o(i.lcd_write_data_u16)
    malloc                                   0x00001ba1   Thumb Code    92  malloc.o(i.malloc)
    bombHolderBitmaps                        0x00001c0c   Data         480  images.o(.constdata)
    bombHolderWidthPixels                    0x00001dec   Data           1  images.o(.constdata)
    bombHolderHeightPixels                   0x00001ded   Data           1  images.o(.constdata)
    clear_bombHolderBitmaps                  0x00001dee   Data         480  images.o(.constdata)
    clear_bombHolderWidthPixels              0x00001fce   Data           1  images.o(.constdata)
    clear_bombHolderHeightPixels             0x00001fcf   Data           1  images.o(.constdata)
    bombBitmaps                              0x00001fd0   Data         180  images.o(.constdata)
    bombWidthPixels                          0x00002084   Data           1  images.o(.constdata)
    bombHeightPixels                         0x00002085   Data           1  images.o(.constdata)
    missleBitmaps                            0x00002086   Data         100  images.o(.constdata)
    missleWidthPixels                        0x000020ea   Data           1  images.o(.constdata)
    missleHeightPixels                       0x000020eb   Data           1  images.o(.constdata)
    Region$$Table$$Base                      0x000020ec   Number         0  anon$$obj.o(Region$$Table)
    Region$$Table$$Limit                     0x0000210c   Number         0  anon$$obj.o(Region$$Table)
    CAP_TOUCH_X                              0x20000000   Data           2  main.o(.data)
    CAP_TOUCH_Y                              0x20000002   Data           2  main.o(.data)
    BOMB_X                                   0x20000004   Data           2  main.o(.data)
    BOMB_Y                                   0x20000006   Data           2  main.o(.data)
    ALERT_BOMB_HOLDER                        0x20000008   Data           1  main.o(.data)
    SystemCoreClock                          0x2000000c   Data           4  system_tm4c123.o(.data)
    __stdout                                 0x20000010   Data           4  stdout.o(.data)
    __microlib_freelist                      0x20000014   Data           4  mvars.o(.data)
    __microlib_freelist_initialised          0x20000018   Data           4  mvars.o(.data)
    UART0_Tx_Buffer                          0x2000001c   Data          14  serial_debug.o(.bss)
    UART0_Rx_Buffer                          0x2000002a   Data          14  serial_debug.o(.bss)
    __heap_base                              0x20000038   Data           0  startup_tm4c123.o(HEAP)
    __heap_limit                             0x20000038   Data           0  startup_tm4c123.o(HEAP)
    __initial_sp                             0x20001038   Data           0  startup_tm4c123.o(STACK)



==============================================================================

Memory Map of the image

  Image Entry point : 0x000017d5

  Load Region LR_1 (Base: 0x00000000, Size: 0x00002128, Max: 0xffffffff, ABSOLUTE)

    Execution Region ER_RO (Exec base: 0x00000000, Load base: 0x00000000, Size: 0x0000210c, Max: 0xffffffff, ABSOLUTE)

    Exec Addr    Load Addr    Size         Type   Attr      Idx    E Section Name        Object

    0x00000000   0x00000000   0x0000026c   Data   RO          624    RESET               startup_tm4c123.o
    0x0000026c   0x0000026c   0x00000000   Code   RO          659  * .ARM.Collect$$$$00000000  mc_w.l(entry.o)
    0x0000026c   0x0000026c   0x00000004   Code   RO          691    .ARM.Collect$$$$00000001  mc_w.l(entry2.o)
    0x00000270   0x00000270   0x00000004   Code   RO          694    .ARM.Collect$$$$00000004  mc_w.l(entry5.o)
    0x00000274   0x00000274   0x00000000   Code   RO          696    .ARM.Collect$$$$00000008  mc_w.l(entry7b.o)
    0x00000274   0x00000274   0x00000000   Code   RO          698    .ARM.Collect$$$$0000000A  mc_w.l(entry8b.o)
    0x00000274   0x00000274   0x00000008   Code   RO          699    .ARM.Collect$$$$0000000B  mc_w.l(entry9a.o)
    0x0000027c   0x0000027c   0x00000000   Code   RO          701    .ARM.Collect$$$$0000000D  mc_w.l(entry10a.o)
    0x0000027c   0x0000027c   0x00000000   Code   RO          703    .ARM.Collect$$$$0000000F  mc_w.l(entry11a.o)
    0x0000027c   0x0000027c   0x00000004   Code   RO          692    .ARM.Collect$$$$00002712  mc_w.l(entry2.o)
    0x00000280   0x00000280   0x000000b8   Code   RO            4    .text               main.o
    0x00000338   0x00000338   0x00000040   Code   RO          134    .text               project_hardware_init.o
    0x00000378   0x00000378   0x000000dc   Code   RO          162    .text               project_interrupts.o
    0x00000454   0x00000454   0x000002a0   Code   RO          226    .text               gpio_port.o
    0x000006f4   0x000006f4   0x00000208   Code   RO          250    .text               i2c.o
    0x000008fc   0x000008fc   0x0000007c   Code   RO          271    .text               pc_buffer.o
    0x00000978   0x00000978   0x000002fc   Code   RO          316    .text               timers.o
    0x00000c74   0x00000c74   0x000002a0   Code   RO          344    .text               uart.o
    0x00000f14   0x00000f14   0x00000208   Code   RO          425    .text               ft6x06.o
    0x0000111c   0x0000111c   0x000004bc   Code   RO          473    .text               lcd.o
    0x000015d8   0x000015d8   0x000001fc   Code   RO          527    .text               serial_debug.o
    0x000017d4   0x000017d4   0x000000fc   Code   RO          625  * .text               startup_tm4c123.o
    0x000018d0   0x000018d0   0x00000250   Code   RO          632    .text               system_tm4c123.o
    0x00001b20   0x00001b20   0x00000024   Code   RO          711    .text               mc_w.l(init.o)
    0x00001b44   0x00001b44   0x0000000e   Code   RO          715    i.__scatterload_copy  mc_w.l(handlers.o)
    0x00001b52   0x00001b52   0x00000002   Code   RO          716    i.__scatterload_null  mc_w.l(handlers.o)
    0x00001b54   0x00001b54   0x0000000e   Code   RO          717    i.__scatterload_zeroinit  mc_w.l(handlers.o)
    0x00001b62   0x00001b62   0x00000002   PAD
    0x00001b64   0x00001b64   0x0000003c   Code   RO          491    i.lcd_write_data_u16  lcd.o
    0x00001ba0   0x00001ba0   0x0000006c   Code   RO          664    i.malloc            mc_w.l(malloc.o)
    0x00001c0c   0x00001c0c   0x000004e0   Data   RO          183    .constdata          images.o
    0x000020ec   0x000020ec   0x00000020   Data   RO          713    Region$$Table       anon$$obj.o


    Execution Region ER_RW (Exec base: 0x20000000, Load base: 0x0000210c, Size: 0x0000001c, Max: 0xffffffff, ABSOLUTE)

    Exec Addr    Load Addr    Size         Type   Attr      Idx    E Section Name        Object

    0x20000000   0x0000210c   0x00000009   Data   RW            5    .data               main.o
    0x20000009   0x00002115   0x00000002   Data   RW          529    .data               serial_debug.o
    0x2000000b   0x00002117   0x00000001   PAD
    0x2000000c   0x00002118   0x00000004   Data   RW          633    .data               system_tm4c123.o
    0x20000010   0x0000211c   0x00000004   Data   RW          662    .data               mc_w.l(stdout.o)
    0x20000014   0x00002120   0x00000004   Data   RW          709    .data               mc_w.l(mvars.o)
    0x20000018   0x00002124   0x00000004   Data   RW          710    .data               mc_w.l(mvars.o)


    Execution Region ER_ZI (Exec base: 0x2000001c, Load base: 0x00002128, Size: 0x0000101c, Max: 0xffffffff, ABSOLUTE)

    Exec Addr    Load Addr    Size         Type   Attr      Idx    E Section Name        Object

    0x2000001c        -       0x0000001c   Zero   RW          528    .bss                serial_debug.o
    0x20000038        -       0x00000000   Zero   RW          623    HEAP                startup_tm4c123.o
    0x20000038        -       0x00001000   Zero   RW          622    STACK               startup_tm4c123.o


==============================================================================

Image component sizes


      Code (inc. data)   RO Data    RW Data    ZI Data      Debug   Object Name

       520          6          0          0          0       2344   ft6x06.o
       672         34          0          0          0       5246   gpio_port.o
       520         24          0          0          0       3685   i2c.o
         0          0       1248          0          0       1142   images.o
      1272         38          0          0          0       3849   lcd.o
       184         44          0          9          0      29356   main.o
       124          0          0          0          0       1947   pc_buffer.o
        64         10          0          0          0        532   project_hardware_init.o
       220         24          0          0          0        650   project_interrupts.o
       508         26          0          2         28       5705   serial_debug.o
       252         10        620          0       4096       5444   startup_tm4c123.o
       592        138          0          4          0       1565   system_tm4c123.o
       764         24          0          0          0      33430   timers.o
       672         52          0          0          0       3492   uart.o

    ----------------------------------------------------------------------
      6364        430       1900         16       4124      98387   Object Totals
         0          0         32          0          0          0   (incl. Generated)
         0          0          0          1          0          0   (incl. Padding)

    ----------------------------------------------------------------------

      Code (inc. data)   RO Data    RW Data    ZI Data      Debug   Library Member Name

         0          0          0          0          0          0   entry.o
         0          0          0          0          0          0   entry10a.o
         0          0          0          0          0          0   entry11a.o
         8          4          0          0          0          0   entry2.o
         4          0          0          0          0          0   entry5.o
         0          0          0          0          0          0   entry7b.o
         0          0          0          0          0          0   entry8b.o
         8          4          0          0          0          0   entry9a.o
        30          0          0          0          0          0   handlers.o
        36          8          0          0          0         68   init.o
       108         16          0          0          0         84   malloc.o
         0          0          0          8          0          0   mvars.o
         0          0          0          4          0          0   stdout.o

    ----------------------------------------------------------------------
       196         32          0         12          0        152   Library Totals
         2          0          0          0          0          0   (incl. Padding)

    ----------------------------------------------------------------------

      Code (inc. data)   RO Data    RW Data    ZI Data      Debug   Library Name

       194         32          0         12          0        152   mc_w.l

    ----------------------------------------------------------------------
       196         32          0         12          0        152   Library Totals

    ----------------------------------------------------------------------

==============================================================================


      Code (inc. data)   RO Data    RW Data    ZI Data      Debug   

      6560        462       1900         28       4124      97043   Grand Totals
      6560        462       1900         28       4124      97043   ELF Image Totals
      6560        462       1900         28          0          0   ROM Totals

==============================================================================

    Total RO  Size (Code + RO Data)                 8460 (   8.26kB)
    Total RW  Size (RW Data + ZI Data)              4152 (   4.05kB)
    Total ROM Size (Code + RO Data + RW Data)       8488 (   8.29kB)

==============================================================================

