Component: ARM Compiler 5.06 update 5 (build 528) Tool: armlink [4d35e2]

==============================================================================

Section Cross References

    main.o(.text) refers to addmultiply.o(FLASH) for addMultiply
    main.o(.text) refers to main.o(.data) for ans
    startup_tm4c123.o(RESET) refers to startup_tm4c123.o(STACK) for __initial_sp
    startup_tm4c123.o(RESET) refers to startup_tm4c123.o(.text) for Reset_Handler
    startup_tm4c123.o(.text) refers to system_tm4c123.o(.text) for SystemInit
    startup_tm4c123.o(.text) refers to entry.o(.ARM.Collect$$$$00000000) for __main
    system_tm4c123.o(.text) refers to system_tm4c123.o(.data) for SystemCoreClock
    entry.o(.ARM.Collect$$$$00000000) refers (Special) to entry10a.o(.ARM.Collect$$$$0000000D) for __rt_final_cpp
    entry.o(.ARM.Collect$$$$00000000) refers (Special) to entry11a.o(.ARM.Collect$$$$0000000F) for __rt_final_exit
    entry.o(.ARM.Collect$$$$00000000) refers (Special) to entry7b.o(.ARM.Collect$$$$00000008) for _main_clock
    entry.o(.ARM.Collect$$$$00000000) refers (Special) to entry8b.o(.ARM.Collect$$$$0000000A) for _main_cpp_init
    entry.o(.ARM.Collect$$$$00000000) refers (Special) to entry9a.o(.ARM.Collect$$$$0000000B) for _main_init
    entry.o(.ARM.Collect$$$$00000000) refers (Special) to entry5.o(.ARM.Collect$$$$00000004) for _main_scatterload
    entry.o(.ARM.Collect$$$$00000000) refers (Special) to entry2.o(.ARM.Collect$$$$00000001) for _main_stk
    entry2.o(.ARM.Collect$$$$00000001) refers to entry2.o(.ARM.Collect$$$$00002712) for __lit__00000000
    entry2.o(.ARM.Collect$$$$00002712) refers to startup_tm4c123.o(STACK) for __initial_sp
    entry2.o(__vectab_stack_and_reset_area) refers to startup_tm4c123.o(STACK) for __initial_sp
    entry2.o(__vectab_stack_and_reset_area) refers to entry.o(.ARM.Collect$$$$00000000) for __main
    entry5.o(.ARM.Collect$$$$00000004) refers to init.o(.text) for __scatterload
    entry9a.o(.ARM.Collect$$$$0000000B) refers to main.o(.text) for main
    entry9b.o(.ARM.Collect$$$$0000000C) refers to main.o(.text) for main
    init.o(.text) refers to entry5.o(.ARM.Collect$$$$00000004) for __main_after_scatterload


==============================================================================

Removing Unused input sections from the image.

    Removing main.o(.rev16_text), (4 bytes).
    Removing main.o(.revsh_text), (4 bytes).
    Removing main.o(.rrx_text), (6 bytes).
    Removing addmultiply.o(SRAM), (0 bytes).
    Removing startup_tm4c123.o(HEAP), (0 bytes).
    Removing system_tm4c123.o(.rev16_text), (4 bytes).
    Removing system_tm4c123.o(.revsh_text), (4 bytes).
    Removing system_tm4c123.o(.rrx_text), (6 bytes).

8 unused section(s) (total 28 bytes) removed from the image.

==============================================================================

Image Symbol Table

    Local Symbols

    Symbol Name                              Value     Ov Type        Size  Object(Section)

    RESET                                    0x00000000   Section      620  startup_tm4c123.o(RESET)
    ../clib/microlib/init/entry.s            0x00000000   Number         0  entry9b.o ABSOLUTE
    ../clib/microlib/init/entry.s            0x00000000   Number         0  entry9a.o ABSOLUTE
    ../clib/microlib/init/entry.s            0x00000000   Number         0  entry8b.o ABSOLUTE
    ../clib/microlib/init/entry.s            0x00000000   Number         0  entry8a.o ABSOLUTE
    ../clib/microlib/init/entry.s            0x00000000   Number         0  entry7b.o ABSOLUTE
    ../clib/microlib/init/entry.s            0x00000000   Number         0  entry7a.o ABSOLUTE
    ../clib/microlib/init/entry.s            0x00000000   Number         0  entry.o ABSOLUTE
    ../clib/microlib/init/entry.s            0x00000000   Number         0  entry2.o ABSOLUTE
    ../clib/microlib/init/entry.s            0x00000000   Number         0  entry5.o ABSOLUTE
    ../clib/microlib/init/entry.s            0x00000000   Number         0  entry10a.o ABSOLUTE
    ../clib/microlib/init/entry.s            0x00000000   Number         0  entry10b.o ABSOLUTE
    ../clib/microlib/init/entry.s            0x00000000   Number         0  entry11a.o ABSOLUTE
    ../clib/microlib/init/entry.s            0x00000000   Number         0  entry11b.o ABSOLUTE
    RTE\Device\TM4C123GH6PM\startup_TM4C123.s 0x00000000   Number         0  startup_tm4c123.o ABSOLUTE
    RTE\Device\TM4C123GH6PM\system_TM4C123.c 0x00000000   Number         0  system_tm4c123.o ABSOLUTE
    RTE\\Device\\TM4C123GH6PM\\system_TM4C123.c 0x00000000   Number         0  system_tm4c123.o ABSOLUTE
    addMultiply.s                            0x00000000   Number         0  addmultiply.o ABSOLUTE
    dc.s                                     0x00000000   Number         0  dc.o ABSOLUTE
    handlers.s                               0x00000000   Number         0  handlers.o ABSOLUTE
    init.s                                   0x00000000   Number         0  init.o ABSOLUTE
    main.c                                   0x00000000   Number         0  main.o ABSOLUTE
    main.c                                   0x00000000   Number         0  main.o ABSOLUTE
    .ARM.Collect$$$$00000000                 0x0000026c   Section        0  entry.o(.ARM.Collect$$$$00000000)
    .ARM.Collect$$$$00000001                 0x0000026c   Section        4  entry2.o(.ARM.Collect$$$$00000001)
    .ARM.Collect$$$$00000004                 0x00000270   Section        4  entry5.o(.ARM.Collect$$$$00000004)
    .ARM.Collect$$$$00000008                 0x00000274   Section        0  entry7b.o(.ARM.Collect$$$$00000008)
    .ARM.Collect$$$$0000000A                 0x00000274   Section        0  entry8b.o(.ARM.Collect$$$$0000000A)
    .ARM.Collect$$$$0000000B                 0x00000274   Section        8  entry9a.o(.ARM.Collect$$$$0000000B)
    .ARM.Collect$$$$0000000D                 0x0000027c   Section        0  entry10a.o(.ARM.Collect$$$$0000000D)
    .ARM.Collect$$$$0000000F                 0x0000027c   Section        0  entry11a.o(.ARM.Collect$$$$0000000F)
    .ARM.Collect$$$$00002712                 0x0000027c   Section        4  entry2.o(.ARM.Collect$$$$00002712)
    __lit__00000000                          0x0000027c   Data           4  entry2.o(.ARM.Collect$$$$00002712)
    .text                                    0x00000280   Section        0  main.o(.text)
    .text                                    0x000002d8   Section      252  startup_tm4c123.o(.text)
    $v0                                      0x000002d8   Number         0  startup_tm4c123.o(.text)
    .text                                    0x000003d4   Section        0  system_tm4c123.o(.text)
    getOscClk                                0x000003d5   Thumb Code   182  system_tm4c123.o(.text)
    .text                                    0x00000620   Section       36  init.o(.text)
    FLASH                                    0x00000644   Section       68  addmultiply.o(FLASH)
    $v0                                      0x00000644   Number         0  addmultiply.o(FLASH)
    i.__scatterload_copy                     0x00000688   Section       14  handlers.o(i.__scatterload_copy)
    i.__scatterload_null                     0x00000696   Section        2  handlers.o(i.__scatterload_null)
    i.__scatterload_zeroinit                 0x00000698   Section       14  handlers.o(i.__scatterload_zeroinit)
    .data                                    0x20000000   Section       32  main.o(.data)
    .data                                    0x20000020   Section        4  system_tm4c123.o(.data)
    STACK                                    0x20000028   Section      512  startup_tm4c123.o(STACK)

    Global Symbols

    Symbol Name                              Value     Ov Type        Size  Object(Section)

    BuildAttributes$$THM_ISAv4$E$P$D$K$B$S$7EM$VFPi3$EXTD16$VFPS$VFMA$PE$A:L22UL41UL21$X:L11$S22US41US21$IEEE1$IW$USESV6$~STKCKD$USESV7$~SHL$OSPACE$EBA8$MICROLIB$REQ8$PRES8$EABIv2 0x00000000   Number         0  anon$$obj.o ABSOLUTE
    __ARM_use_no_argv                        0x00000000   Number         0  main.o ABSOLUTE
    __Vectors                                0x00000000   Data           4  startup_tm4c123.o(RESET)
    __cpp_initialize__aeabi_                  - Undefined Weak Reference
    __cxa_finalize                            - Undefined Weak Reference
    __decompress                              - Undefined Weak Reference
    _clock_init                               - Undefined Weak Reference
    _microlib_exit                            - Undefined Weak Reference
    __Vectors_End                            0x0000026c   Data           0  startup_tm4c123.o(RESET)
    __Vectors_Size                           0x0000026c   Number         0  startup_tm4c123.o ABSOLUTE
    __main                                   0x0000026d   Thumb Code     0  entry.o(.ARM.Collect$$$$00000000)
    _main_stk                                0x0000026d   Thumb Code     0  entry2.o(.ARM.Collect$$$$00000001)
    _main_scatterload                        0x00000271   Thumb Code     0  entry5.o(.ARM.Collect$$$$00000004)
    __main_after_scatterload                 0x00000275   Thumb Code     0  entry5.o(.ARM.Collect$$$$00000004)
    _main_clock                              0x00000275   Thumb Code     0  entry7b.o(.ARM.Collect$$$$00000008)
    _main_cpp_init                           0x00000275   Thumb Code     0  entry8b.o(.ARM.Collect$$$$0000000A)
    _main_init                               0x00000275   Thumb Code     0  entry9a.o(.ARM.Collect$$$$0000000B)
    __rt_final_cpp                           0x0000027d   Thumb Code     0  entry10a.o(.ARM.Collect$$$$0000000D)
    __rt_final_exit                          0x0000027d   Thumb Code     0  entry11a.o(.ARM.Collect$$$$0000000F)
    main                                     0x00000281   Thumb Code    72  main.o(.text)
    Reset_Handler                            0x000002d9   Thumb Code     8  startup_tm4c123.o(.text)
    NMI_Handler                              0x000002e1   Thumb Code     2  startup_tm4c123.o(.text)
    HardFault_Handler                        0x000002e3   Thumb Code     2  startup_tm4c123.o(.text)
    MemManage_Handler                        0x000002e5   Thumb Code     2  startup_tm4c123.o(.text)
    BusFault_Handler                         0x000002e7   Thumb Code     2  startup_tm4c123.o(.text)
    UsageFault_Handler                       0x000002e9   Thumb Code     2  startup_tm4c123.o(.text)
    SVC_Handler                              0x000002eb   Thumb Code     2  startup_tm4c123.o(.text)
    DebugMon_Handler                         0x000002ed   Thumb Code     2  startup_tm4c123.o(.text)
    PendSV_Handler                           0x000002ef   Thumb Code     2  startup_tm4c123.o(.text)
    SysTick_Handler                          0x000002f1   Thumb Code     2  startup_tm4c123.o(.text)
    GPIOA_Handler                            0x000002f3   Thumb Code     2  startup_tm4c123.o(.text)
    GPIOB_Handler                            0x000002f5   Thumb Code     2  startup_tm4c123.o(.text)
    GPIOC_Handler                            0x000002f7   Thumb Code     2  startup_tm4c123.o(.text)
    GPIOD_Handler                            0x000002f9   Thumb Code     2  startup_tm4c123.o(.text)
    GPIOE_Handler                            0x000002fb   Thumb Code     2  startup_tm4c123.o(.text)
    UART0_Handler                            0x000002fd   Thumb Code     2  startup_tm4c123.o(.text)
    UART1_Handler                            0x000002ff   Thumb Code     2  startup_tm4c123.o(.text)
    SSI0_Handler                             0x00000301   Thumb Code     2  startup_tm4c123.o(.text)
    I2C0_Handler                             0x00000303   Thumb Code     2  startup_tm4c123.o(.text)
    PMW0_FAULT_Handler                       0x00000305   Thumb Code     2  startup_tm4c123.o(.text)
    PWM0_0_Handler                           0x00000307   Thumb Code     2  startup_tm4c123.o(.text)
    PWM0_1_Handler                           0x00000309   Thumb Code     2  startup_tm4c123.o(.text)
    PWM0_2_Handler                           0x0000030b   Thumb Code     2  startup_tm4c123.o(.text)
    QEI0_Handler                             0x0000030d   Thumb Code     2  startup_tm4c123.o(.text)
    ADC0SS0_Handler                          0x0000030f   Thumb Code     2  startup_tm4c123.o(.text)
    ADC0SS1_Handler                          0x00000311   Thumb Code     2  startup_tm4c123.o(.text)
    ADC0SS2_Handler                          0x00000313   Thumb Code     2  startup_tm4c123.o(.text)
    ADC0SS3_Handler                          0x00000315   Thumb Code     2  startup_tm4c123.o(.text)
    WDT0_Handler                             0x00000317   Thumb Code     2  startup_tm4c123.o(.text)
    TIMER0A_Handler                          0x00000319   Thumb Code     2  startup_tm4c123.o(.text)
    TIMER0B_Handler                          0x0000031b   Thumb Code     2  startup_tm4c123.o(.text)
    TIMER1A_Handler                          0x0000031d   Thumb Code     2  startup_tm4c123.o(.text)
    TIMER1B_Handler                          0x0000031f   Thumb Code     2  startup_tm4c123.o(.text)
    TIMER2A_Handler                          0x00000321   Thumb Code     2  startup_tm4c123.o(.text)
    TIMER2B_Handler                          0x00000323   Thumb Code     2  startup_tm4c123.o(.text)
    COMP0_Handler                            0x00000325   Thumb Code     2  startup_tm4c123.o(.text)
    COMP1_Handler                            0x00000327   Thumb Code     2  startup_tm4c123.o(.text)
    COMP2_Handler                            0x00000329   Thumb Code     2  startup_tm4c123.o(.text)
    SYSCTL_Handler                           0x0000032b   Thumb Code     2  startup_tm4c123.o(.text)
    FLASH_Handler                            0x0000032d   Thumb Code     2  startup_tm4c123.o(.text)
    GPIOF_Handler                            0x0000032f   Thumb Code     2  startup_tm4c123.o(.text)
    GPIOG_Handler                            0x00000331   Thumb Code     2  startup_tm4c123.o(.text)
    GPIOH_Handler                            0x00000333   Thumb Code     2  startup_tm4c123.o(.text)
    UART2_Handler                            0x00000335   Thumb Code     2  startup_tm4c123.o(.text)
    SSI1_Handler                             0x00000337   Thumb Code     2  startup_tm4c123.o(.text)
    TIMER3A_Handler                          0x00000339   Thumb Code     2  startup_tm4c123.o(.text)
    TIMER3B_Handler                          0x0000033b   Thumb Code     2  startup_tm4c123.o(.text)
    I2C1_Handler                             0x0000033d   Thumb Code     2  startup_tm4c123.o(.text)
    QEI1_Handler                             0x0000033f   Thumb Code     2  startup_tm4c123.o(.text)
    CAN0_Handler                             0x00000341   Thumb Code     2  startup_tm4c123.o(.text)
    CAN1_Handler                             0x00000343   Thumb Code     2  startup_tm4c123.o(.text)
    CAN2_Handler                             0x00000345   Thumb Code     2  startup_tm4c123.o(.text)
    HIB_Handler                              0x00000347   Thumb Code     2  startup_tm4c123.o(.text)
    USB0_Handler                             0x00000349   Thumb Code     2  startup_tm4c123.o(.text)
    PWM0_3_Handler                           0x0000034b   Thumb Code     2  startup_tm4c123.o(.text)
    UDMA_Handler                             0x0000034d   Thumb Code     2  startup_tm4c123.o(.text)
    UDMAERR_Handler                          0x0000034f   Thumb Code     2  startup_tm4c123.o(.text)
    ADC1SS0_Handler                          0x00000351   Thumb Code     2  startup_tm4c123.o(.text)
    ADC1SS1_Handler                          0x00000353   Thumb Code     2  startup_tm4c123.o(.text)
    ADC1SS2_Handler                          0x00000355   Thumb Code     2  startup_tm4c123.o(.text)
    ADC1SS3_Handler                          0x00000357   Thumb Code     2  startup_tm4c123.o(.text)
    GPIOJ_Handler                            0x00000359   Thumb Code     2  startup_tm4c123.o(.text)
    GPIOK_Handler                            0x0000035b   Thumb Code     2  startup_tm4c123.o(.text)
    GPIOL_Handler                            0x0000035d   Thumb Code     2  startup_tm4c123.o(.text)
    SSI2_Handler                             0x0000035f   Thumb Code     2  startup_tm4c123.o(.text)
    SSI3_Handler                             0x00000361   Thumb Code     2  startup_tm4c123.o(.text)
    UART3_Handler                            0x00000363   Thumb Code     2  startup_tm4c123.o(.text)
    UART4_Handler                            0x00000365   Thumb Code     2  startup_tm4c123.o(.text)
    UART5_Handler                            0x00000367   Thumb Code     2  startup_tm4c123.o(.text)
    UART6_Handler                            0x00000369   Thumb Code     2  startup_tm4c123.o(.text)
    UART7_Handler                            0x0000036b   Thumb Code     2  startup_tm4c123.o(.text)
    I2C2_Handler                             0x0000036d   Thumb Code     2  startup_tm4c123.o(.text)
    I2C3_Handler                             0x0000036f   Thumb Code     2  startup_tm4c123.o(.text)
    TIMER4A_Handler                          0x00000371   Thumb Code     2  startup_tm4c123.o(.text)
    TIMER4B_Handler                          0x00000373   Thumb Code     2  startup_tm4c123.o(.text)
    TIMER5A_Handler                          0x00000375   Thumb Code     2  startup_tm4c123.o(.text)
    TIMER5B_Handler                          0x00000377   Thumb Code     2  startup_tm4c123.o(.text)
    WTIMER0A_Handler                         0x00000379   Thumb Code     2  startup_tm4c123.o(.text)
    WTIMER0B_Handler                         0x0000037b   Thumb Code     2  startup_tm4c123.o(.text)
    WTIMER1A_Handler                         0x0000037d   Thumb Code     2  startup_tm4c123.o(.text)
    WTIMER1B_Handler                         0x0000037f   Thumb Code     2  startup_tm4c123.o(.text)
    WTIMER2A_Handler                         0x00000381   Thumb Code     2  startup_tm4c123.o(.text)
    WTIMER2B_Handler                         0x00000383   Thumb Code     2  startup_tm4c123.o(.text)
    WTIMER3A_Handler                         0x00000385   Thumb Code     2  startup_tm4c123.o(.text)
    WTIMER3B_Handler                         0x00000387   Thumb Code     2  startup_tm4c123.o(.text)
    WTIMER4A_Handler                         0x00000389   Thumb Code     2  startup_tm4c123.o(.text)
    WTIMER4B_Handler                         0x0000038b   Thumb Code     2  startup_tm4c123.o(.text)
    WTIMER5A_Handler                         0x0000038d   Thumb Code     2  startup_tm4c123.o(.text)
    WTIMER5B_Handler                         0x0000038f   Thumb Code     2  startup_tm4c123.o(.text)
    FPU_Handler                              0x00000391   Thumb Code     2  startup_tm4c123.o(.text)
    I2C4_Handler                             0x00000393   Thumb Code     2  startup_tm4c123.o(.text)
    I2C5_Handler                             0x00000395   Thumb Code     2  startup_tm4c123.o(.text)
    GPIOM_Handler                            0x00000397   Thumb Code     2  startup_tm4c123.o(.text)
    GPION_Handler                            0x00000399   Thumb Code     2  startup_tm4c123.o(.text)
    QEI2_Handler                             0x0000039b   Thumb Code     2  startup_tm4c123.o(.text)
    GPIOP0_Handler                           0x0000039d   Thumb Code     2  startup_tm4c123.o(.text)
    GPIOP1_Handler                           0x0000039f   Thumb Code     2  startup_tm4c123.o(.text)
    GPIOP2_Handler                           0x000003a1   Thumb Code     2  startup_tm4c123.o(.text)
    GPIOP3_Handler                           0x000003a3   Thumb Code     2  startup_tm4c123.o(.text)
    GPIOP4_Handler                           0x000003a5   Thumb Code     2  startup_tm4c123.o(.text)
    GPIOP5_Handler                           0x000003a7   Thumb Code     2  startup_tm4c123.o(.text)
    GPIOP6_Handler                           0x000003a9   Thumb Code     2  startup_tm4c123.o(.text)
    GPIOP7_Handler                           0x000003ab   Thumb Code     2  startup_tm4c123.o(.text)
    GPIOQ0_Handler                           0x000003ad   Thumb Code     2  startup_tm4c123.o(.text)
    GPIOQ1_Handler                           0x000003af   Thumb Code     2  startup_tm4c123.o(.text)
    GPIOQ2_Handler                           0x000003b1   Thumb Code     2  startup_tm4c123.o(.text)
    GPIOQ3_Handler                           0x000003b3   Thumb Code     2  startup_tm4c123.o(.text)
    GPIOQ4_Handler                           0x000003b5   Thumb Code     2  startup_tm4c123.o(.text)
    GPIOQ5_Handler                           0x000003b7   Thumb Code     2  startup_tm4c123.o(.text)
    GPIOQ6_Handler                           0x000003b9   Thumb Code     2  startup_tm4c123.o(.text)
    GPIOQ7_Handler                           0x000003bb   Thumb Code     2  startup_tm4c123.o(.text)
    GPIOR_Handler                            0x000003bd   Thumb Code     2  startup_tm4c123.o(.text)
    GPIOS_Handler                            0x000003bf   Thumb Code     2  startup_tm4c123.o(.text)
    PMW1_0_Handler                           0x000003c1   Thumb Code     2  startup_tm4c123.o(.text)
    PWM1_1_Handler                           0x000003c3   Thumb Code     2  startup_tm4c123.o(.text)
    PWM1_2_Handler                           0x000003c5   Thumb Code     2  startup_tm4c123.o(.text)
    PWM1_3_Handler                           0x000003c7   Thumb Code     2  startup_tm4c123.o(.text)
    PWM1_FAULT_Handler                       0x000003c9   Thumb Code     2  startup_tm4c123.o(.text)
    SystemCoreClockUpdate                    0x0000048b   Thumb Code   184  system_tm4c123.o(.text)
    SystemInit                               0x00000543   Thumb Code   112  system_tm4c123.o(.text)
    __scatterload                            0x00000621   Thumb Code    28  init.o(.text)
    __scatterload_rt2                        0x00000621   Thumb Code     0  init.o(.text)
    addMultiply                              0x00000645   Thumb Code    68  addmultiply.o(FLASH)
    __scatterload_copy                       0x00000689   Thumb Code    14  handlers.o(i.__scatterload_copy)
    __scatterload_null                       0x00000697   Thumb Code     2  handlers.o(i.__scatterload_null)
    __scatterload_zeroinit                   0x00000699   Thumb Code    14  handlers.o(i.__scatterload_zeroinit)
    Region$$Table$$Base                      0x000006a8   Number         0  anon$$obj.o(Region$$Table)
    Region$$Table$$Limit                     0x000006c8   Number         0  anon$$obj.o(Region$$Table)
    array1                                   0x20000000   Data           8  main.o(.data)
    array2                                   0x20000008   Data           8  main.o(.data)
    array3                                   0x20000010   Data           8  main.o(.data)
    ans                                      0x20000018   Data           8  main.o(.data)
    SystemCoreClock                          0x20000020   Data           4  system_tm4c123.o(.data)
    __initial_sp                             0x20000228   Data           0  startup_tm4c123.o(STACK)



==============================================================================

Memory Map of the image

  Image Entry point : 0x000002d9

  Load Region LR_1 (Base: 0x00000000, Size: 0x000006ec, Max: 0xffffffff, ABSOLUTE)

    Execution Region ER_RO (Exec base: 0x00000000, Load base: 0x00000000, Size: 0x000006c8, Max: 0xffffffff, ABSOLUTE)

    Exec Addr    Load Addr    Size         Type   Attr      Idx    E Section Name        Object

    0x00000000   0x00000000   0x0000026c   Data   RO           68    RESET               startup_tm4c123.o
    0x0000026c   0x0000026c   0x00000000   Code   RO          103  * .ARM.Collect$$$$00000000  mc_w.l(entry.o)
    0x0000026c   0x0000026c   0x00000004   Code   RO          106    .ARM.Collect$$$$00000001  mc_w.l(entry2.o)
    0x00000270   0x00000270   0x00000004   Code   RO          109    .ARM.Collect$$$$00000004  mc_w.l(entry5.o)
    0x00000274   0x00000274   0x00000000   Code   RO          111    .ARM.Collect$$$$00000008  mc_w.l(entry7b.o)
    0x00000274   0x00000274   0x00000000   Code   RO          113    .ARM.Collect$$$$0000000A  mc_w.l(entry8b.o)
    0x00000274   0x00000274   0x00000008   Code   RO          114    .ARM.Collect$$$$0000000B  mc_w.l(entry9a.o)
    0x0000027c   0x0000027c   0x00000000   Code   RO          116    .ARM.Collect$$$$0000000D  mc_w.l(entry10a.o)
    0x0000027c   0x0000027c   0x00000000   Code   RO          118    .ARM.Collect$$$$0000000F  mc_w.l(entry11a.o)
    0x0000027c   0x0000027c   0x00000004   Code   RO          107    .ARM.Collect$$$$00002712  mc_w.l(entry2.o)
    0x00000280   0x00000280   0x00000058   Code   RO            4    .text               main.o
    0x000002d8   0x000002d8   0x000000fc   Code   RO           69  * .text               startup_tm4c123.o
    0x000003d4   0x000003d4   0x0000024c   Code   RO           76    .text               system_tm4c123.o
    0x00000620   0x00000620   0x00000024   Code   RO          120    .text               mc_w.l(init.o)
    0x00000644   0x00000644   0x00000044   Code   RO           62    FLASH               addmultiply.o
    0x00000688   0x00000688   0x0000000e   Code   RO          124    i.__scatterload_copy  mc_w.l(handlers.o)
    0x00000696   0x00000696   0x00000002   Code   RO          125    i.__scatterload_null  mc_w.l(handlers.o)
    0x00000698   0x00000698   0x0000000e   Code   RO          126    i.__scatterload_zeroinit  mc_w.l(handlers.o)
    0x000006a6   0x000006a6   0x00000002   PAD
    0x000006a8   0x000006a8   0x00000020   Data   RO          122    Region$$Table       anon$$obj.o


    Execution Region ER_RW (Exec base: 0x20000000, Load base: 0x000006c8, Size: 0x00000024, Max: 0xffffffff, ABSOLUTE)

    Exec Addr    Load Addr    Size         Type   Attr      Idx    E Section Name        Object

    0x20000000   0x000006c8   0x00000020   Data   RW            5    .data               main.o
    0x20000020   0x000006e8   0x00000004   Data   RW           77    .data               system_tm4c123.o


    Execution Region ER_ZI (Exec base: 0x20000024, Load base: 0x000006ec, Size: 0x00000204, Max: 0xffffffff, ABSOLUTE)

    Exec Addr    Load Addr    Size         Type   Attr      Idx    E Section Name        Object

    0x20000024   0x000006ec   0x00000004   PAD
    0x20000028        -       0x00000200   Zero   RW           66    STACK               startup_tm4c123.o


==============================================================================

Image component sizes


      Code (inc. data)   RO Data    RW Data    ZI Data      Debug   Object Name

        68          0          0          0          0        380   addmultiply.o
        88         16          0         32          0       6046   main.o
       252         10        620          0        512       5424   startup_tm4c123.o
       588        134          0          4          0       1517   system_tm4c123.o

    ----------------------------------------------------------------------
       996        160        652         36        516      13367   Object Totals
         0          0         32          0          0          0   (incl. Generated)
         0          0          0          0          4          0   (incl. Padding)

    ----------------------------------------------------------------------

      Code (inc. data)   RO Data    RW Data    ZI Data      Debug   Library Member Name

         0          0          0          0          0          0   entry.o
         0          0          0          0          0          0   entry10a.o
         0          0          0          0          0          0   entry11a.o
         8          4          0          0          0          0   entry2.o
         4          0          0          0          0          0   entry5.o
         0          0          0          0          0          0   entry7b.o
         0          0          0          0          0          0   entry8b.o
         8          4          0          0          0          0   entry9a.o
        30          0          0          0          0          0   handlers.o
        36          8          0          0          0         68   init.o

    ----------------------------------------------------------------------
        88         16          0          0          0         68   Library Totals
         2          0          0          0          0          0   (incl. Padding)

    ----------------------------------------------------------------------

      Code (inc. data)   RO Data    RW Data    ZI Data      Debug   Library Name

        86         16          0          0          0         68   mc_w.l

    ----------------------------------------------------------------------
        88         16          0          0          0         68   Library Totals

    ----------------------------------------------------------------------

==============================================================================


      Code (inc. data)   RO Data    RW Data    ZI Data      Debug   

      1084        176        652         36        516      13439   Grand Totals
      1084        176        652         36        516      13439   ELF Image Totals
      1084        176        652         36          0          0   ROM Totals

==============================================================================

    Total RO  Size (Code + RO Data)                 1736 (   1.70kB)
    Total RW  Size (RW Data + ZI Data)               552 (   0.54kB)
    Total ROM Size (Code + RO Data + RW Data)       1772 (   1.73kB)

==============================================================================

