<html>
<body>
<pre>
<h1>µVision Build Log</h1>
<h2>Tool Versions:</h2>
IDE-Version: µVision V5.29.0.0
Copyright (C) 2019 ARM Ltd and ARM Germany GmbH. All rights reserved.
License Information: Trenton trent, UW Madison, LIC=----
 
Tool Versions:
Toolchain:       MDK-Lite  Version: 5.29.0.0
Toolchain Path:  C:\Keil_v5\ARM\ARMCC\Bin
C Compiler:      Armcc.exe V5.06 update 6 (build 750)
Assembler:       Armasm.exe V5.06 update 6 (build 750)
Linker/Locator:  ArmLink.exe V5.06 update 6 (build 750)
Library Manager: ArmAr.exe V5.06 update 6 (build 750)
Hex Converter:   FromElf.exe V5.06 update 6 (build 750)
CPU DLL:         SARMCM3.DLL V5.29.0.0
Dialog DLL:      DCM.DLL V1.17.3.0
Target DLL:      lmidk-agdi.dll V???
Dialog DLL:      TCM.DLL V1.36.5.0
 
<h2>Project:</h2>
C:\Users\trent\Documents\classes\353\ICE_Distribution\ICE-18-I2C-FT6206\ICE-I2C-FT6206.uvprojx
Project File Date:  04/27/2020

<h2>Output:</h2>
*** Using Compiler 'V5.06 update 6 (build 750)', folder: 'C:\Keil_v5\ARM\ARMCC\Bin'
Build target 'ICE-I2C-FT6206'
compiling main.c...
..\drivers\include\timers.h(39): warning:  #1-D: last line of file ends without a newline
  #endif
main.c(75): warning:  #177-D: variable "td_status"  was declared but never referenced
    i2c_status_t td_status;
main.c(76): warning:  #177-D: variable "x_status"  was declared but never referenced
    i2c_status_t x_status;
main.c(77): warning:  #177-D: variable "y_status"  was declared but never referenced
    i2c_status_t y_status;
main.c: 4 warnings, 0 errors
compiling ft6x06.c...
..\peripherals\c\ft6x06.c(104): warning:  #186-D: pointless comparison of unsigned integer with zero
  	if (data < 0 || data > 2)
..\peripherals\c\ft6x06.c(229): warning:  #1-D: last line of file ends without a newline
  } 
..\peripherals\c\ft6x06.c: 2 warnings, 0 errors
compiling timers.c...
..\drivers\include\timers.h(39): warning:  #1-D: last line of file ends without a newline
  #endif
..\drivers\c\timers.c(113): warning:  #188-D: enumerated type mixed with another type
         return 0;
..\drivers\c\timers.c(125): warning:  #550-D: variable "gp_timer"  was set but never used
    TIMER0_Type *gp_timer;
..\drivers\c\timers.c(174): warning:  #550-D: variable "gp_timer"  was set but never used
    TIMER0_Type *gp_timer;
..\drivers\c\timers.c(299): warning:  #1-D: last line of file ends without a newline
  }
..\drivers\c\timers.c: 5 warnings, 0 errors
linking...
Program Size: Code=16532 RO-data=744 RW-data=952 ZI-data=8224  
".\obj\ece353_base_project.axf" - 0 Error(s), 11 Warning(s).

<h2>Software Packages used:</h2>

Package Vendor: ARM
                http://www.keil.com/pack/ARM.CMSIS.5.6.0.pack
                ARM.CMSIS.5.6.0
                CMSIS (Cortex Microcontroller Software Interface Standard)
   * Component: CORE Version: 5.3.0

Package Vendor: Keil
                http://www.keil.com/pack/Keil.TM4C_DFP.1.1.0.pack
                Keil.TM4C_DFP.1.1.0
                Texas Instruments Tiva C Series Device Support and Examples
   * Component: Startup Version: 1.0.1

<h2>Collection of Component include folders:</h2>
  .\RTE\_ICE-I2C-FT6206
  C:\Users\trent\AppData\Local\Arm\Packs\ARM\CMSIS\5.6.0\CMSIS\Core\Include
  C:\Users\trent\AppData\Local\Arm\Packs\Keil\TM4C_DFP\1.1.0\Device\Include\TM4C123

<h2>Collection of Component Files used:</h2>

   * Component: ARM::CMSIS:CORE:5.3.0

   * Component: Keil::Device:Startup:1.0.1
      Source file:   Device\Source\system_TM4C123.c
      Source file:   Device\Source\ARM\startup_TM4C123.s
      Include file:  Device\Include\TM4C123\TM4C123.h
Build Time Elapsed:  00:00:01
</pre>
</body>
</html>
