<html>
<body>
<pre>
<h1>µVision Build Log</h1>
<h2>Tool Versions:</h2>
IDE-Version: µVision V5.29.0.0
Copyright (C) 2019 ARM Ltd and ARM Germany GmbH. All rights reserved.
License Information: Trenton trent, UW Madison, LIC=----
 
Tool Versions:
Toolchain:       MDK-Lite  Version: 5.29.0.0
Toolchain Path:  C:\Keil_v5\ARM\ARMCC\Bin
C Compiler:      Armcc.exe V5.06 update 6 (build 750)
Assembler:       Armasm.exe V5.06 update 6 (build 750)
Linker/Locator:  ArmLink.exe V5.06 update 6 (build 750)
Library Manager: ArmAr.exe V5.06 update 6 (build 750)
Hex Converter:   FromElf.exe V5.06 update 6 (build 750)
CPU DLL:         SARMCM3.DLL V5.29.0.0
Dialog DLL:      DCM.DLL V1.17.3.0
Target DLL:      lmidk-agdi.dll V???
Dialog DLL:      TCM.DLL V1.36.5.0
 
<h2>Project:</h2>
C:\Users\trent\classes\353\ICE_Distribution\ICE-14-SysTick-IRQ\ICE-SysTick-IRQ.uvprojx
Project File Date:  03/23/2020

<h2>Output:</h2>
*** Using Compiler 'V5.06 update 6 (build 750)', folder: 'C:\Keil_v5\ARM\ARMCC\Bin'
Build target 'ICE-SysTick_Debounce'
assembling startup_TM4C123.s...
compiling system_TM4C123.c...
compiling adc.c...
..\drivers\c\adc.c(32): warning:  #550-D: variable "myADC"  was set but never used
    ADC0_Type  *myADC;
..\drivers\c\adc.c: 1 warning, 0 errors
compiling ps2.c...
compiling launchpad_io.c...
..\peripherals\c\launchpad_io.c(188): warning:  #940-D: missing return statement at end of non-void function "lp_io_read_pin" 
  }
..\peripherals\c\launchpad_io.c(66): warning:  #177-D: function "port_f_enable_port"  was declared but never referenced
  static __inline void  port_f_enable_port(void)
..\peripherals\c\launchpad_io.c(89): warning:  #177-D: function "port_f_digital_enable"  was declared but never referenced
  static __inline void  port_f_digital_enable(uint8_t bit_mask)
..\peripherals\c\launchpad_io.c(108): warning:  #177-D: function "port_f_enable_output"  was declared but never referenced
  static __inline void  port_f_enable_output(uint8_t bit_mask)
..\peripherals\c\launchpad_io.c(126): warning:  #177-D: function "port_f_enable_input"  was declared but never referenced
  static __inline void  port_f_enable_input(uint8_t bit_mask)
..\peripherals\c\launchpad_io.c(144): warning:  #177-D: function "port_f_enable_pull_up"  was declared but never referenced
  static __inline void  port_f_enable_pull_up(uint8_t bit_mask)
..\peripherals\c\launchpad_io.c: 6 warnings, 0 errors
compiling main.c...
main.c(55): warning:  #550-D: variable "val"  was set but never used
  	uint32_t val;
main.c: 1 warning, 0 errors
compiling gpio_port.c...
..\drivers\c\gpio_port.c(82): warning:  #188-D: enumerated type mixed with another type
         return 0;
..\drivers\c\gpio_port.c(127): warning:  #550-D: variable "pr_mask"  was set but never used
    uint32_t pr_mask = 0;
..\drivers\c\gpio_port.c(385): warning:  #177-D: variable "gpioPort"  was declared but never referenced
    GPIOA_Type  *gpioPort;
..\drivers\c\gpio_port.c(407): warning:  #177-D: variable "gpioPort"  was declared but never referenced
    GPIOA_Type  *gpioPort;
..\drivers\c\gpio_port.c(433): warning:  #177-D: variable "gpioPort"  was declared but never referenced
    GPIOA_Type  *gpioPort;
..\drivers\c\gpio_port.c: 5 warnings, 0 errors
linking...
Program Size: Code=12868 RO-data=744 RW-data=944 ZI-data=8192  
".\obj\ece353_base_project.axf" - 0 Error(s), 13 Warning(s).

<h2>Software Packages used:</h2>

Package Vendor: ARM
                http://www.keil.com/pack/ARM.CMSIS.5.6.0.pack
                ARM.CMSIS.5.6.0
                CMSIS (Cortex Microcontroller Software Interface Standard)
   * Component: CORE Version: 5.3.0

Package Vendor: Keil
                http://www.keil.com/pack/Keil.TM4C_DFP.1.1.0.pack
                Keil.TM4C_DFP.1.1.0
                Texas Instruments Tiva C Series Device Support and Examples
   * Component: Startup Version: 1.0.1

<h2>Collection of Component include folders:</h2>
  .\RTE\_ICE-SysTick_Debounce
  C:\Users\trent\AppData\Local\Arm\Packs\ARM\CMSIS\5.6.0\CMSIS\Core\Include
  C:\Users\trent\AppData\Local\Arm\Packs\Keil\TM4C_DFP\1.1.0\Device\Include\TM4C123

<h2>Collection of Component Files used:</h2>

   * Component: ARM::CMSIS:CORE:5.3.0

   * Component: Keil::Device:Startup:1.0.1
      Source file:   Device\Source\ARM\startup_TM4C123.s
      Source file:   Device\Source\system_TM4C123.c
      Include file:  Device\Include\TM4C123\TM4C123.h
Build Time Elapsed:  00:00:01
</pre>
</body>
</html>
